Component: ARM Compiler 5.06 update 3 (build 300) Tool: armlink [4d35c9]

==============================================================================

Section Cross References

    main.o(.text) refers to _printf_percent.o(.ARM.Collect$$_printf_percent$$00000000) for _printf_percent
    main.o(.text) refers to _printf_s.o(.ARM.Collect$$_printf_percent$$00000014) for _printf_s
    main.o(.text) refers to _printf_str.o(.text) for _printf_str
    main.o(.text) refers to _printf_d.o(.ARM.Collect$$_printf_percent$$00000009) for _printf_d
    main.o(.text) refers to _printf_dec.o(.text) for _printf_int_dec
    main.o(.text) refers to _printf_c.o(.ARM.Collect$$_printf_percent$$00000013) for _printf_c
    main.o(.text) refers to os_task.o(.text) for OSTaskQPend
    main.o(.text) refers to delay.o(.text) for delay_ms
    main.o(.text) refers to oled.o(.text) for OLED_ShowString
    main.o(.text) refers to usart2.o(.text) for u2_printf
    main.o(.text) refers to __2printf.o(.text) for __2printf
    main.o(.text) refers to adc.o(.text) for Get_Adc_Average
    main.o(.text) refers to os_time.o(.text) for OSTimeDlyHMSM
    main.o(.text) refers to cpu_core.o(.text) for CPU_Init
    main.o(.text) refers to os_stat.o(.text) for OSStatTaskCPUUsageInit
    main.o(.text) refers to os_core.o(.text) for OSSchedRoundRobinCfg
    main.o(.text) refers to cpu_a.o(.text) for CPU_SR_Save
    main.o(.text) refers to main.o(.data) for bd
    main.o(.text) refers to usart3.o(.data) for USART3_RX_STA
    main.o(.text) refers to usart3.o(.bss) for USART3_RX_BUF
    main.o(.text) refers to main.o(.bss) for OLEDTaskTCB
    main.o(.text) refers to usart2.o(.data) for USART2_RX_STA
    main.o(.text) refers to usart2.o(.bss) for USART2_RX_BUF
    main.o(.text) refers to os_var.o(.data) for OSSchedLockNestingCtr
    main.o(.text) refers to misc.o(.text) for NVIC_PriorityGroupConfig
    main.o(.text) refers to usart.o(.text) for uart_init
    main.o(.text) refers to usart3.o(.text) for USART3_Init
    main.o(.text) refers to led.o(.text) for LED_Init
    main.o(.text) refers to myiic.o(.text) for max30102_init
    main.o(.text) refers to common.o(.text) for atk_8266_quit_trans
    system_stm32f10x.o(.text) refers to system_stm32f10x.o(.data) for SystemCoreClock
    led.o(.text) refers to stm32f10x_rcc.o(.text) for RCC_APB2PeriphClockCmd
    led.o(.text) refers to stm32f10x_gpio.o(.text) for GPIO_Init
    usart2.o(.text) refers to stm32f10x_tim.o(.text) for TIM_SetCounter
    usart2.o(.text) refers to stm32f10x_usart.o(.text) for USART_GetITStatus
    usart2.o(.text) refers to stm32f10x_rcc.o(.text) for RCC_APB1PeriphClockCmd
    usart2.o(.text) refers to misc.o(.text) for NVIC_Init
    usart2.o(.text) refers to stm32f10x_dma.o(.text) for DMA_DeInit
    usart2.o(.text) refers to stm32f10x_gpio.o(.text) for GPIO_Init
    usart2.o(.text) refers to c89vsprintf.o(.text) for __c89vsprintf
    usart2.o(.text) refers to strlen.o(.text) for strlen
    usart2.o(.text) refers to usart2.o(.data) for USART2_RX_STA
    usart2.o(.text) refers to usart2.o(.bss) for USART2_RX_BUF
    key.o(.text) refers to stm32f10x_rcc.o(.text) for RCC_APB2PeriphClockCmd
    key.o(.text) refers to stm32f10x_gpio.o(.text) for GPIO_PinRemapConfig
    key.o(.text) refers to delay.o(.text) for delay_ms
    key.o(.text) refers to key.o(.data) for key_up
    usart3.o(.text) refers to stm32f10x_tim.o(.text) for TIM_SetCounter
    usart3.o(.text) refers to stm32f10x_usart.o(.text) for USART_GetITStatus
    usart3.o(.text) refers to stm32f10x_rcc.o(.text) for RCC_APB1PeriphClockCmd
    usart3.o(.text) refers to misc.o(.text) for NVIC_Init
    usart3.o(.text) refers to stm32f10x_dma.o(.text) for DMA_DeInit
    usart3.o(.text) refers to stm32f10x_gpio.o(.text) for GPIO_Init
    usart3.o(.text) refers to c89vsprintf.o(.text) for __c89vsprintf
    usart3.o(.text) refers to strlen.o(.text) for strlen
    usart3.o(.text) refers to usart3.o(.data) for USART3_RX_STA
    usart3.o(.text) refers to usart3.o(.bss) for USART3_RX_BUF
    myiic.o(.text) refers to stm32f10x_rcc.o(.text) for RCC_APB2PeriphClockCmd
    myiic.o(.text) refers to stm32f10x_gpio.o(.text) for GPIO_Init
    myiic.o(.text) refers to delay.o(.text) for delay_us
    algorithm.o(.text) refers to algorithm.o(.bss) for an_x
    algorithm.o(.text) refers to algorithm.o(.constdata) for auw_hamm
    oled.o(.text) refers to stm32f10x_gpio.o(.text) for GPIO_ReadOutputData
    oled.o(.text) refers to stm32f10x_rcc.o(.text) for RCC_APB2PeriphClockCmd
    oled.o(.text) refers to oled.o(.bss) for OLED_GRAM
    oled.o(.text) refers to oled.o(.constdata) for asc2_1206
    delay.o(.text) refers to os_core.o(.text) for OSSchedLock
    delay.o(.text) refers to os_time.o(.text) for OSTimeDly
    delay.o(.text) refers to misc.o(.text) for SysTick_CLKSourceConfig
    delay.o(.text) refers to os_var.o(.data) for OSRunning
    delay.o(.text) refers to system_stm32f10x.o(.data) for SystemCoreClock
[...]
    TIM_GetFlagStatus                        0x080040df   Thumb Code    18  stm32f10x_tim.o(.text)
    TIM_ClearFlag                            0x080040f1   Thumb Code     6  stm32f10x_tim.o(.text)
    TIM_GetITStatus                          0x080040f7   Thumb Code    34  stm32f10x_tim.o(.text)
    TIM_ClearITPendingBit                    0x08004119   Thumb Code     6  stm32f10x_tim.o(.text)
    ADC_DeInit                               0x08004121   Thumb Code    78  stm32f10x_adc.o(.text)
    ADC_Init                                 0x0800416f   Thumb Code    70  stm32f10x_adc.o(.text)
    ADC_StructInit                           0x080041b5   Thumb Code    18  stm32f10x_adc.o(.text)
    ADC_Cmd                                  0x080041c7   Thumb Code    22  stm32f10x_adc.o(.text)
    ADC_DMACmd                               0x080041dd   Thumb Code    22  stm32f10x_adc.o(.text)
    ADC_ITConfig                             0x080041f3   Thumb Code    24  stm32f10x_adc.o(.text)
    ADC_ResetCalibration                     0x0800420b   Thumb Code    10  stm32f10x_adc.o(.text)
    ADC_GetResetCalibrationStatus            0x08004215   Thumb Code    20  stm32f10x_adc.o(.text)
    ADC_StartCalibration                     0x08004229   Thumb Code    10  stm32f10x_adc.o(.text)
    ADC_GetCalibrationStatus                 0x08004233   Thumb Code    20  stm32f10x_adc.o(.text)
    ADC_SoftwareStartConvCmd                 0x08004247   Thumb Code    22  stm32f10x_adc.o(.text)
    ADC_GetSoftwareStartConvStatus           0x0800425d   Thumb Code    20  stm32f10x_adc.o(.text)
    ADC_DiscModeChannelCountConfig           0x08004271   Thumb Code    24  stm32f10x_adc.o(.text)
    ADC_DiscModeCmd                          0x08004289   Thumb Code    22  stm32f10x_adc.o(.text)
    ADC_RegularChannelConfig                 0x0800429f   Thumb Code   184  stm32f10x_adc.o(.text)
    ADC_ExternalTrigConvCmd                  0x08004357   Thumb Code    22  stm32f10x_adc.o(.text)
    ADC_GetConversionValue                   0x0800436d   Thumb Code     8  stm32f10x_adc.o(.text)
    ADC_GetDualModeConversionValue           0x08004375   Thumb Code     8  stm32f10x_adc.o(.text)
    ADC_AutoInjectedConvCmd                  0x0800437d   Thumb Code    22  stm32f10x_adc.o(.text)
    ADC_InjectedDiscModeCmd                  0x08004393   Thumb Code    22  stm32f10x_adc.o(.text)
    ADC_ExternalTrigInjectedConvConfig       0x080043a9   Thumb Code    16  stm32f10x_adc.o(.text)
    ADC_ExternalTrigInjectedConvCmd          0x080043b9   Thumb Code    22  stm32f10x_adc.o(.text)
    ADC_SoftwareStartInjectedConvCmd         0x080043cf   Thumb Code    22  stm32f10x_adc.o(.text)
    ADC_GetSoftwareStartInjectedConvCmdStatus 0x080043e5   Thumb Code    20  stm32f10x_adc.o(.text)
    ADC_InjectedChannelConfig                0x080043f9   Thumb Code   130  stm32f10x_adc.o(.text)
    ADC_InjectedSequencerLengthConfig        0x0800447b   Thumb Code    24  stm32f10x_adc.o(.text)
    ADC_SetInjectedOffset                    0x08004493   Thumb Code    20  stm32f10x_adc.o(.text)
    ADC_GetInjectedConversionValue           0x080044a7   Thumb Code    28  stm32f10x_adc.o(.text)
    ADC_AnalogWatchdogCmd                    0x080044c3   Thumb Code    16  stm32f10x_adc.o(.text)
    ADC_AnalogWatchdogThresholdsConfig       0x080044d3   Thumb Code     6  stm32f10x_adc.o(.text)
    ADC_AnalogWatchdogSingleChannelConfig    0x080044d9   Thumb Code    16  stm32f10x_adc.o(.text)
    ADC_TempSensorVrefintCmd                 0x080044e9   Thumb Code    64  stm32f10x_adc.o(.text)
    ADC_GetFlagStatus                        0x08004529   Thumb Code    18  stm32f10x_adc.o(.text)
    ADC_ClearFlag                            0x0800453b   Thumb Code     6  stm32f10x_adc.o(.text)
    ADC_GetITStatus                          0x08004541   Thumb Code    36  stm32f10x_adc.o(.text)
    ADC_ClearITPendingBit                    0x08004565   Thumb Code    10  stm32f10x_adc.o(.text)
    BSP_CPU_ClkFreq                          0x08004571   Thumb Code    16  bsp.o(.text)
    CPU_TS_TmrInit                           0x08004581   Thumb Code    44  bsp.o(.text)
    CPU_TS_TmrRd                             0x080045ad   Thumb Code     6  bsp.o(.text)
    CPU_TS32_to_uSec                         0x080045b3   Thumb Code    54  bsp.o(.text)
    CPU_NameClr                              0x080045f5   Thumb Code    42  cpu_core.o(.text)
    CPU_Init                                 0x08004635   Thumb Code    12  cpu_core.o(.text)
    CPU_SW_Exception                         0x08004641   Thumb Code     4  cpu_core.o(.text)
    CPU_NameGet                              0x08004645   Thumb Code    70  cpu_core.o(.text)
    CPU_NameSet                              0x0800468b   Thumb Code    96  cpu_core.o(.text)
    CPU_TS_Get32                             0x080046eb   Thumb Code    12  cpu_core.o(.text)
    CPU_TS_Update                            0x080046f7   Thumb Code     2  cpu_core.o(.text)
    CPU_TS_TmrFreqGet                        0x080046f9   Thumb Code    30  cpu_core.o(.text)
    CPU_TS_TmrFreqSet                        0x08004717   Thumb Code     6  cpu_core.o(.text)
    CPU_CntLeadZeros08                       0x0800471d   Thumb Code    18  cpu_core.o(.text)
    CPU_CntLeadZeros16                       0x0800472f   Thumb Code    18  cpu_core.o(.text)
    CPU_CntLeadZeros32                       0x08004741   Thumb Code    18  cpu_core.o(.text)
    CPU_CntLeadZeros64                       0x08004753   Thumb Code   188  cpu_core.o(.text)
    CPU_CntTrailZeros08                      0x0800480f   Thumb Code    22  cpu_core.o(.text)
    CPU_CntTrailZeros16                      0x08004825   Thumb Code    22  cpu_core.o(.text)
    CPU_CntTrailZeros32                      0x0800483b   Thumb Code    22  cpu_core.o(.text)
    CPU_CntTrailZeros64                      0x08004851   Thumb Code    62  cpu_core.o(.text)
    CPU_IntDis                               0x0800489d   Thumb Code     0  cpu_a.o(.text)
    CPU_IntEn                                0x080048a1   Thumb Code     0  cpu_a.o(.text)
    CPU_SR_Save                              0x080048a5   Thumb Code     0  cpu_a.o(.text)
    CPU_SR_Restore                           0x080048ad   Thumb Code     0  cpu_a.o(.text)
    CPU_WaitForInt                           0x080048b3   Thumb Code     0  cpu_a.o(.text)
    CPU_WaitForExcept                        0x080048b7   Thumb Code     0  cpu_a.o(.text)
    CPU_CntLeadZeros                         0x080048bb   Thumb Code     0  cpu_a.o(.text)
    CPU_CntTrailZeros                        0x080048c1   Thumb Code     0  cpu_a.o(.text)
    CPU_RevBits                              0x080048cb   Thumb Code     0  cpu_a.o(.text)
    ASCII_IsAlpha                            0x080048d1   Thumb Code    48  lib_ascii.o(.text)
    ASCII_IsAlphaNum                         0x08004901   Thumb Code    76  lib_ascii.o(.text)
    ASCII_IsLower                            0x0800494d   Thumb Code    20  lib_ascii.o(.text)
    ASCII_IsUpper                            0x08004961   Thumb Code    20  lib_ascii.o(.text)
    ASCII_IsDig                              0x08004975   Thumb Code    20  lib_ascii.o(.text)
    ASCII_IsDigOct                           0x08004989   Thumb Code    20  lib_ascii.o(.text)
    ASCII_IsDigHex                           0x0800499d   Thumb Code    36  lib_ascii.o(.text)
    ASCII_IsBlank                            0x080049c1   Thumb Code    20  lib_ascii.o(.text)
    ASCII_IsSpace                            0x080049d5   Thumb Code    36  lib_ascii.o(.text)
    ASCII_IsPrint                            0x080049f9   Thumb Code    20  lib_ascii.o(.text)
    ASCII_IsGraph                            0x08004a0d   Thumb Code    20  lib_ascii.o(.text)
    ASCII_IsPunct                            0x08004a21   Thumb Code   134  lib_ascii.o(.text)
    ASCII_IsCtrl                             0x08004aa7   Thumb Code    26  lib_ascii.o(.text)
    ASCII_ToLower                            0x08004ac1   Thumb Code    32  lib_ascii.o(.text)
    ASCII_ToUpper                            0x08004ae1   Thumb Code    32  lib_ascii.o(.text)
    ASCII_Cmp                                0x08004b01   Thumb Code    38  lib_ascii.o(.text)
    Mem_Init                                 0x08004b29   Thumb Code    54  lib_mem.o(.text)
    Mem_Set                                  0x08004b5f   Thumb Code    84  lib_mem.o(.text)
    Mem_Clr                                  0x08004bb3   Thumb Code    18  lib_mem.o(.text)
    Mem_Move                                 0x08004bc5   Thumb Code   186  lib_mem.o(.text)
    Mem_Cmp                                  0x08004c7f   Thumb Code   192  lib_mem.o(.text)
    Mem_HeapAlloc                            0x08004db7   Thumb Code   168  lib_mem.o(.text)
    Mem_SegGetSizeRem                        0x08004e5f   Thumb Code   108  lib_mem.o(.text)
    Mem_HeapGetSizeRem                       0x08004ecb   Thumb Code    22  lib_mem.o(.text)
    Mem_PoolClr                              0x08004ee1   Thumb Code    80  lib_mem.o(.text)
    Mem_PoolCreate                           0x08004f31   Thumb Code   838  lib_mem.o(.text)
    Mem_PoolBlkGetNbrAvail                   0x08005277   Thumb Code    52  lib_mem.o(.text)
    Mem_PoolBlkGet                           0x080052ab   Thumb Code   126  lib_mem.o(.text)
    Mem_PoolBlkGetUsedAtIx                   0x08005329   Thumb Code   140  lib_mem.o(.text)
    Mem_PoolBlkFree                          0x080053b5   Thumb Code   152  lib_mem.o(.text)
    Mem_PoolBlkIxGet                         0x0800544d   Thumb Code   162  lib_mem.o(.text)
    Str_Len_N                                0x080054f1   Thumb Code    28  lib_str.o(.text)
    Str_Len                                  0x0800550d   Thumb Code    20  lib_str.o(.text)
    Str_Copy_N                               0x08005521   Thumb Code    70  lib_str.o(.text)
    Str_Copy                                 0x08005567   Thumb Code    24  lib_str.o(.text)
    Str_Cat_N                                0x0800557f   Thumb Code    90  lib_str.o(.text)
    Str_Cat                                  0x080055d9   Thumb Code    24  lib_str.o(.text)
    Str_Cmp_N                                0x080055f1   Thumb Code   156  lib_str.o(.text)
    Str_Cmp                                  0x0800568d   Thumb Code    24  lib_str.o(.text)
    Str_CmpIgnoreCase_N                      0x080056a5   Thumb Code   264  lib_str.o(.text)
    Str_CmpIgnoreCase                        0x080057ad   Thumb Code    24  lib_str.o(.text)
    Str_Char_N                               0x080057c5   Thumb Code    74  lib_str.o(.text)
    Str_Char                                 0x0800580f   Thumb Code    24  lib_str.o(.text)
    Str_Char_Last_N                          0x08005827   Thumb Code    76  lib_str.o(.text)
    Str_Char_Last                            0x08005873   Thumb Code    24  lib_str.o(.text)
    Str_Char_Replace_N                       0x0800588b   Thumb Code    52  lib_str.o(.text)
    Str_Char_Replace                         0x080058bf   Thumb Code    28  lib_str.o(.text)
    Str_Str_N                                0x080058db   Thumb Code   182  lib_str.o(.text)
    Str_Str                                  0x08005991   Thumb Code    24  lib_str.o(.text)
    Str_FmtNbr_Int32U                        0x08005b85   Thumb Code    46  lib_str.o(.text)
    Str_FmtNbr_Int32S                        0x08005bb3   Thumb Code    62  lib_str.o(.text)
    Str_ParseNbr_Int32U                      0x08005daf   Thumb Code    30  lib_str.o(.text)
    Str_ParseNbr_Int32S                      0x08005dcd   Thumb Code    74  lib_str.o(.text)
    Mem_Copy                                 0x08005e1d   Thumb Code     0  lib_mem_a.o(.text)
    OSCfg_Init                               0x0800603d   Thumb Code    86  os_cfg_app.o(.text)
    OS_IdleTask                              0x08006139   Thumb Code    60  os_core.o(.text)
    OS_IdleTaskInit                          0x08006175   Thumb Code    68  os_core.o(.text)
    OS_RdyListInit                           0x080061b9   Thumb Code    32  os_core.o(.text)
    OSInit                                   0x080061d9   Thumb Code   300  os_core.o(.text)
    OSIntEnter                               0x08006305   Thumb Code    34  os_core.o(.text)
    OSIntExit                                0x08006327   Thumb Code   192  os_core.o(.text)
    OSSched                                  0x080063e7   Thumb Code   134  os_core.o(.text)
    OS_SchedLockTimeMeasStart                0x0800646d   Thumb Code    20  os_core.o(.text)
    OSSchedLock                              0x08006481   Thumb Code   104  os_core.o(.text)
    OS_SchedLockTimeMeasStop                 0x080064e9   Thumb Code    44  os_core.o(.text)
    OSSchedUnlock                            0x08006515   Thumb Code   290  os_core.o(.text)
    OSSchedRoundRobinCfg                     0x08006637   Thumb Code    88  os_core.o(.text)
    OS_RdyListMoveHeadToTail                 0x0800668f   Thumb Code    68  os_core.o(.text)
    OSSchedRoundRobinYield                   0x080066d3   Thumb Code   164  os_core.o(.text)
    OSStart                                  0x08006777   Thumb Code    78  os_core.o(.text)
    OSVersion                                0x080067c5   Thumb Code    12  os_core.o(.text)
    OS_PendDbgNameAdd                        0x080067d1   Thumb Code    66  os_core.o(.text)
    OS_PendListInsertPrio                    0x08006813   Thumb Code   102  os_core.o(.text)
    OS_PendDataInit                          0x08006879   Thumb Code    38  os_core.o(.text)
    OS_RdyListRemove                         0x0800689f   Thumb Code    86  os_core.o(.text)
    OS_TaskBlock                             0x080068f5   Thumb Code    56  os_core.o(.text)
    OS_Pend                                  0x0800692d   Thumb Code    98  os_core.o(.text)
    OS_PendListRemove1                       0x0800698f   Thumb Code   134  os_core.o(.text)
    OS_PendListRemove                        0x08006a15   Thumb Code    48  os_core.o(.text)
    OS_PendAbort1                            0x08006a45   Thumb Code    36  os_core.o(.text)
    OS_RdyListInsertHead                     0x08006a69   Thumb Code    58  os_core.o(.text)
    OS_RdyListInsertTail                     0x08006aa3   Thumb Code    56  os_core.o(.text)
    OS_RdyListInsert                         0x08006adb   Thumb Code    40  os_core.o(.text)
    OS_TaskRdy                               0x08006b03   Thumb Code    28  os_core.o(.text)
    OS_PendAbort                             0x08006b1f   Thumb Code   166  os_core.o(.text)
    OS_PendDbgNameRemove                     0x08006bc5   Thumb Code    34  os_core.o(.text)
    OS_PendListChangePrio                    0x08006be7   Thumb Code    70  os_core.o(.text)
    OS_PendListInit                          0x08006c2d   Thumb Code    10  os_core.o(.text)
    OS_PendListInsertHead                    0x08006c37   Thumb Code    32  os_core.o(.text)
    OS_PendObjDel1                           0x08006c57   Thumb Code    36  os_core.o(.text)
    OS_PendObjDel                            0x08006c7b   Thumb Code   162  os_core.o(.text)
    OS_Post1                                 0x08006d1d   Thumb Code    42  os_core.o(.text)
    OS_Post                                  0x08006d47   Thumb Code   192  os_core.o(.text)
    OS_Sched0                                0x08006e07   Thumb Code   102  os_core.o(.text)
    OS_SchedRoundRobin                       0x08006e6d   Thumb Code   190  os_core.o(.text)
    OS_Dbg_Init                              0x08006f3d   Thumb Code   146  os_dbg.o(.text)
    OS_FlagDbgListAdd                        0x080070ed   Thumb Code    38  os_flag.o(.text)
    OSFlagCreate                             0x08007113   Thumb Code   172  os_flag.o(.text)
    OS_FlagClr                               0x080071bf   Thumb Code    28  os_flag.o(.text)
    OS_FlagDbgListRemove                     0x080071db   Thumb Code    44  os_flag.o(.text)
    OSFlagDel                                0x08007207   Thumb Code   594  os_flag.o(.text)
    OS_FlagBlock                             0x08007459   Thumb Code    58  os_flag.o(.text)
    OSFlagPend                               0x08007493   Thumb Code  1488  os_flag.o(.text)
    OSFlagPendAbort                          0x08007a63   Thumb Code   292  os_flag.o(.text)
    OSFlagPendGetFlagsRdy                    0x08007b87   Thumb Code    68  os_flag.o(.text)
    OS_FlagTaskRdy                           0x08007bcb   Thumb Code    86  os_flag.o(.text)
    OS_FlagPost                              0x08007c21   Thumb Code   570  os_flag.o(.text)
    OSFlagPost                               0x08007e5b   Thumb Code   146  os_flag.o(.text)
    OS_FlagInit                              0x08007eed   Thumb Code    14  os_flag.o(.text)
    OS_IntQPost                              0x08007f15   Thumb Code   216  os_int.o(.text)
    OS_IntQRePost                            0x08007fed   Thumb Code   360  os_int.o(.text)
    OS_IntQTask                              0x08008155   Thumb Code   162  os_int.o(.text)
    OS_IntQTaskInit                          0x080081f7   Thumb Code   208  os_int.o(.text)
    OS_MemDbgListAdd                         0x08008359   Thumb Code    34  os_mem.o(.text)
    OSMemCreate                              0x0800837b   Thumb Code   288  os_mem.o(.text)
    OSMemGet                                 0x0800849b   Thumb Code   100  os_mem.o(.text)
    OSMemPut                                 0x080084ff   Thumb Code   112  os_mem.o(.text)
    OS_MemInit                               0x0800856f   Thumb Code    14  os_mem.o(.text)
    OS_MsgPoolCreate                         0x08008591   Thumb Code    54  os_msg.o(.text)
    OS_MsgPoolInit                           0x080085c7   Thumb Code    70  os_msg.o(.text)
    OS_MsgQFreeAll                           0x0800860d   Thumb Code    62  os_msg.o(.text)
    OS_MsgQInit                              0x0800864b   Thumb Code    14  os_msg.o(.text)
    OS_MsgQGet                               0x08008659   Thumb Code    98  os_msg.o(.text)
    OS_MsgQPut                               0x080086bb   Thumb Code   246  os_msg.o(.text)
    OS_MutexDbgListAdd                       0x080087bd   Thumb Code    38  os_mutex.o(.text)
    OSMutexCreate                            0x080087e3   Thumb Code   178  os_mutex.o(.text)
    OS_MutexClr                              0x08008895   Thumb Code    38  os_mutex.o(.text)
    OS_MutexDbgListRemove                    0x080088bb   Thumb Code    44  os_mutex.o(.text)
    OSMutexDel                               0x080088e7   Thumb Code   842  os_mutex.o(.text)
    OSMutexPend                              0x08008c31   Thumb Code   706  os_mutex.o(.text)
    OSMutexPendAbort                         0x08008ef3   Thumb Code   314  os_mutex.o(.text)
    OSMutexPost                              0x0800902d   Thumb Code   564  os_mutex.o(.text)
    OS_MutexInit                             0x08009261   Thumb Code    14  os_mutex.o(.text)
    OS_PrioInit                              0x08009291   Thumb Code    20  os_prio.o(.text)
    OS_PrioGetHighest                        0x080092a5   Thumb Code    36  os_prio.o(.text)
    OS_PrioInsert                            0x080092c9   Thumb Code    32  os_prio.o(.text)
    OS_PrioRemove                            0x080092e9   Thumb Code    32  os_prio.o(.text)
    OS_QDbgListAdd                           0x0800930d   Thumb Code    38  os_q.o(.text)
    OSQCreate                                0x08009333   Thumb Code   186  os_q.o(.text)
    OS_QClr                                  0x080093ed   Thumb Code    40  os_q.o(.text)
    OS_QDbgListRemove                        0x08009415   Thumb Code    44  os_q.o(.text)
    OSQDel                                   0x08009441   Thumb Code   362  os_q.o(.text)
    OSQFlush                                 0x080095ab   Thumb Code   210  os_q.o(.text)
    OSQPend                                  0x0800967d   Thumb Code   538  os_q.o(.text)
    OSQPendAbort                             0x08009897   Thumb Code   292  os_q.o(.text)
    OS_QPost                                 0x080099bb   Thumb Code   324  os_q.o(.text)
    OSQPost                                  0x08009aff   Thumb Code   198  os_q.o(.text)
    OS_QInit                                 0x08009bc5   Thumb Code    14  os_q.o(.text)
    OS_SemDbgListAdd                         0x08009be5   Thumb Code    38  os_sem.o(.text)
    OSSemCreate                              0x08009c0b   Thumb Code   172  os_sem.o(.text)
    OS_SemClr                                0x08009cb7   Thumb Code    28  os_sem.o(.text)
    OS_SemDbgListRemove                      0x08009cd3   Thumb Code    44  os_sem.o(.text)
    OSSemDel                                 0x08009cff   Thumb Code   362  os_sem.o(.text)
    OSSemPend                                0x08009e69   Thumb Code   504  os_sem.o(.text)
    OSSemPendAbort                           0x0800a061   Thumb Code   292  os_sem.o(.text)
    OS_SemPost                               0x0800a185   Thumb Code   350  os_sem.o(.text)
    OSSemPost                                0x0800a2e3   Thumb Code   144  os_sem.o(.text)
    OSSemSet                                 0x0800a373   Thumb Code   138  os_sem.o(.text)
    OS_SemInit                               0x0800a3fd   Thumb Code    14  os_sem.o(.text)
    OSStatReset                              0x0800a415   Thumb Code   270  os_stat.o(.text)
    OSStatTaskCPUUsageInit                   0x0800a523   Thumb Code   212  os_stat.o(.text)
    OS_StatTask                              0x0800a5f7   Thumb Code   888  os_stat.o(.text)
    OS_StatTaskInit                          0x0800a96f   Thumb Code   138  os_stat.o(.text)
    OSTaskChangePrio                         0x0800aa4d   Thumb Code   416  os_task.o(.text)
    OS_TaskDbgListAdd                        0x0800abed   Thumb Code    42  os_task.o(.text)
    OS_TaskInitTCB                           0x0800ac17   Thumb Code   186  os_task.o(.text)
    OSTaskCreate                             0x0800acd1   Thumb Code   616  os_task.o(.text)
    OS_TaskDbgListRemove                     0x0800af39   Thumb Code    64  os_task.o(.text)
    OSTaskDel                                0x0800af79   Thumb Code   424  os_task.o(.text)
    OSTaskQFlush                             0x0800b121   Thumb Code   214  os_task.o(.text)
    OSTaskQPend                              0x0800b1f7   Thumb Code   554  os_task.o(.text)
    OSTaskQPendAbort                         0x0800b421   Thumb Code   242  os_task.o(.text)
    OS_TaskQPost                             0x0800b513   Thumb Code   526  os_task.o(.text)
    OSTaskQPost                              0x0800b721   Thumb Code   114  os_task.o(.text)
    OSTaskRegGet                             0x0800b793   Thumb Code    78  os_task.o(.text)
    OSTaskRegGetID                           0x0800b7e1   Thumb Code    84  os_task.o(.text)
    OSTaskRegSet                             0x0800b835   Thumb Code    78  os_task.o(.text)
    OS_TaskResume                            0x0800b883   Thumb Code   314  os_task.o(.text)
    OSTaskResume                             0x0800b9bd   Thumb Code   112  os_task.o(.text)
    OSTaskSemPend                            0x0800ba2d   Thumb Code   550  os_task.o(.text)
    OSTaskSemPendAbort                       0x0800bc53   Thumb Code   270  os_task.o(.text)
    OS_TaskSemPost                           0x0800bd61   Thumb Code  1224  os_task.o(.text)
    OSTaskSemPost                            0x0800c229   Thumb Code    98  os_task.o(.text)
    OSTaskSemSet                             0x0800c28b   Thumb Code    80  os_task.o(.text)
    OSTaskStkChk                             0x0800c2db   Thumb Code   224  os_task.o(.text)
    OS_TaskSuspend                           0x0800c3bb   Thumb Code   328  os_task.o(.text)
    OSTaskSuspend                            0x0800c503   Thumb Code    78  os_task.o(.text)
    OSTaskTimeQuantaSet                      0x0800c551   Thumb Code    96  os_task.o(.text)
    OS_TaskInit                              0x0800c5b1   Thumb Code    18  os_task.o(.text)
    OS_TaskReturn                            0x0800c5c3   Thumb Code    20  os_task.o(.text)
    OS_TickListRemove                        0x0800c601   Thumb Code    56  os_tick.o(.text)
    OS_TickListUpdate                        0x0800c639   Thumb Code   480  os_tick.o(.text)
    OS_TickTask                              0x0800c819   Thumb Code    38  os_tick.o(.text)
    OS_TickListInit                          0x0800c83f   Thumb Code    32  os_tick.o(.text)
    OS_TickTaskInit                          0x0800c85f   Thumb Code   130  os_tick.o(.text)
    OS_TickListInsert                        0x0800c8e1   Thumb Code   502  os_tick.o(.text)
    OS_TickListResetPeak                     0x0800cad7   Thumb Code    28  os_tick.o(.text)
    OSTimeDly                                0x0800cafd   Thumb Code   266  os_time.o(.text)
    OSTimeDlyHMSM                            0x0800cc07   Thumb Code   480  os_time.o(.text)
    OSTimeDlyResume                          0x0800cde7   Thumb Code   466  os_time.o(.text)
    OSTimeGet                                0x0800cfb9   Thumb Code    46  os_time.o(.text)
    OSTimeSet                                0x0800cfe7   Thumb Code    46  os_time.o(.text)
    OSTimeTick                               0x0800d015   Thumb Code    54  os_time.o(.text)
    OS_TmrDbgListAdd                         0x0800d061   Thumb Code    34  os_tmr.o(.text)
    OSTmrCreate                              0x0800d083   Thumb Code   248  os_tmr.o(.text)
    OS_TmrClr                                0x0800d17b   Thumb Code    36  os_tmr.o(.text)
    OS_TmrUnlink                             0x0800d19f   Thumb Code    72  os_tmr.o(.text)
    OS_TmrDbgListRemove                      0x0800d1e7   Thumb Code    44  os_tmr.o(.text)
    OSTmrDel                                 0x0800d213   Thumb Code   176  os_tmr.o(.text)
    OSTmrRemainGet                           0x0800d2c3   Thumb Code   184  os_tmr.o(.text)
    OS_TmrLink                               0x0800d37b   Thumb Code   196  os_tmr.o(.text)
    OSTmrStart                               0x0800d43f   Thumb Code   210  os_tmr.o(.text)
    OSTmrStateGet                            0x0800d511   Thumb Code   134  os_tmr.o(.text)
    OSTmrStop                                0x0800d597   Thumb Code   232  os_tmr.o(.text)
    OS_TmrTask                               0x0800d67f   Thumb Code   176  os_tmr.o(.text)
    OS_TmrInit                               0x0800d72f   Thumb Code   208  os_tmr.o(.text)
    OS_TmrResetPeak                          0x0800d7ff   Thumb Code    28  os_tmr.o(.text)
    OSIdleTaskHook                           0x0800d879   Thumb Code    16  os_cpu_c.o(.text)
    OSInitHook                               0x0800d889   Thumb Code    42  os_cpu_c.o(.text)
    OSStatTaskHook                           0x0800d8b3   Thumb Code    16  os_cpu_c.o(.text)
    OSTaskCreateHook                         0x0800d8c3   Thumb Code    20  os_cpu_c.o(.text)
    OSTaskDelHook                            0x0800d8d7   Thumb Code    20  os_cpu_c.o(.text)
    OSTaskReturnHook                         0x0800d8eb   Thumb Code    20  os_cpu_c.o(.text)
    OSTaskStkInit                            0x0800d8ff   Thumb Code   188  os_cpu_c.o(.text)
    OSTaskSwHook                             0x0800d9bb   Thumb Code   120  os_cpu_c.o(.text)
    OSTimeTickHook                           0x0800da33   Thumb Code    16  os_cpu_c.o(.text)
    OS_CPU_SysTickHandler                    0x0800da43   Thumb Code    52  os_cpu_c.o(.text)
    OS_CPU_SysTickInit                       0x0800da77   Thumb Code    44  os_cpu_c.o(.text)
    atk_8266_at_response                     0x0800dae5   Thumb Code    46  common.o(.text)
    atk_8266_check_cmd                       0x0800db13   Thumb Code    44  common.o(.text)
    atk_8266_send_cmd                        0x0800db3f   Thumb Code    92  common.o(.text)
    atk_8266_send_data                       0x0800db9b   Thumb Code    84  common.o(.text)
    atk_8266_quit_trans                      0x0800dbef   Thumb Code   100  common.o(.text)
    atk_8266_consta_check                    0x0800dc53   Thumb Code    36  common.o(.text)
    atk_8266_get_wanip                       0x0800dc77   Thumb Code    58  common.o(.text)
    startCollection                          0x0800dcb1   Thumb Code    70  common.o(.text)
    wifista_test                             0x0800dd6d   Thumb Code     4  wifista.o(.text)
    Adc_Init                                 0x0800dd71   Thumb Code   132  adc.o(.text)
    Get_Adc                                  0x0800ddf5   Thumb Code    46  adc.o(.text)
    Get_Adc_Average                          0x0800de23   Thumb Code    48  adc.o(.text)
    __use_no_semihosting                     0x0800de5d   Thumb Code     2  use_no_semi_2.o(.text)
    __aeabi_uldivmod                         0x0800de5f   Thumb Code     0  lludivv7m.o(.text)
    _ll_udiv                                 0x0800de5f   Thumb Code   238  lludivv7m.o(.text)
    __c89vsprintf                            0x0800df4d   Thumb Code    32  c89vsprintf.o(.text)
    __2printf                                0x0800df71   Thumb Code    20  __2printf.o(.text)
    __2sprintf                               0x0800df89   Thumb Code    38  __2sprintf.o(.text)
    _printf_str                              0x0800dfb5   Thumb Code    82  _printf_str.o(.text)
    _printf_int_dec                          0x0800e009   Thumb Code   104  _printf_dec.o(.text)
    __printf                                 0x0800e081   Thumb Code   388  __printf_flags_ss_wp.o(.text)
    strstr                                   0x0800e209   Thumb Code    36  strstr.o(.text)
    strlen                                   0x0800e22d   Thumb Code    62  strlen.o(.text)
    __use_two_region_memory                  0x0800e26b   Thumb Code     2  heapauxi.o(.text)
    __rt_heap_escrow$2region                 0x0800e26d   Thumb Code     2  heapauxi.o(.text)
    __rt_heap_expand$2region                 0x0800e26f   Thumb Code     2  heapauxi.o(.text)
    __I$use$semihosting                      0x0800e271   Thumb Code     0  use_no_semi.o(.text)
    __use_no_semihosting_swi                 0x0800e271   Thumb Code     2  use_no_semi.o(.text)
    _printf_pre_padding                      0x0800e273   Thumb Code    44  _printf_pad.o(.text)
    _printf_post_padding                     0x0800e29f   Thumb Code    34  _printf_pad.o(.text)
    _printf_truncate_signed                  0x0800e2c1   Thumb Code    18  _printf_truncate.o(.text)
    _printf_truncate_unsigned                0x0800e2d3   Thumb Code    18  _printf_truncate.o(.text)
    _printf_int_common                       0x0800e2e5   Thumb Code   178  _printf_intcommon.o(.text)
    _printf_charcount                        0x0800e397   Thumb Code    40  _printf_charcount.o(.text)
    _printf_char_common                      0x0800e3cb   Thumb Code    32  _printf_char_common.o(.text)
    _sputc                                   0x0800e3f1   Thumb Code    10  _sputc.o(.text)
    _printf_cs_common                        0x0800e3fb   Thumb Code    20  _printf_char.o(.text)
    _printf_char                             0x0800e40f   Thumb Code    16  _printf_char.o(.text)
    _printf_string                           0x0800e41f   Thumb Code     8  _printf_char.o(.text)
    _printf_char_file                        0x0800e429   Thumb Code    32  _printf_char_file.o(.text)
    _printf_wctomb                           0x0800e44d   Thumb Code   182  _printf_wctomb.o(.text)
    _printf_longlong_dec                     0x0800e509   Thumb Code   108  _printf_longlong_dec.o(.text)
    _printf_longlong_oct                     0x0800e585   Thumb Code    68  _printf_oct_int_ll.o(.text)
    _printf_int_oct                          0x0800e5c9   Thumb Code    24  _printf_oct_int_ll.o(.text)
    _printf_ll_oct                           0x0800e5e1   Thumb Code    12  _printf_oct_int_ll.o(.text)
    _printf_longlong_hex                     0x0800e5f5   Thumb Code    86  _printf_hex_int_ll_ptr.o(.text)
    _printf_int_hex                          0x0800e64b   Thumb Code    28  _printf_hex_int_ll_ptr.o(.text)
    _printf_ll_hex                           0x0800e667   Thumb Code    12  _printf_hex_int_ll_ptr.o(.text)
    _printf_hex_ptr                          0x0800e673   Thumb Code    18  _printf_hex_int_ll_ptr.o(.text)
    _ll_udiv10                               0x0800e689   Thumb Code   138  lludiv10.o(.text)
    __lib_sel_fp_printf                      0x0800e713   Thumb Code     2  _printf_fp_dec.o(.text)
    _printf_fp_dec_real                      0x0800e8c1   Thumb Code   620  _printf_fp_dec.o(.text)
    _printf_lcs_common                       0x0800eb2d   Thumb Code    20  _printf_wchar.o(.text)
    _printf_wchar                            0x0800eb41   Thumb Code    16  _printf_wchar.o(.text)
    _printf_wstring                          0x0800eb51   Thumb Code     8  _printf_wchar.o(.text)
    ferror                                   0x0800eb59   Thumb Code     8  ferror.o(.text)
    _wcrtomb                                 0x0800eb61   Thumb Code    64  _wcrtomb.o(.text)
    __user_setup_stackheap                   0x0800eba1   Thumb Code    74  sys_stackheap_outer.o(.text)
    __rt_ctype_table                         0x0800ebed   Thumb Code    16  rt_ctype_table.o(.text)
    __rt_locale                              0x0800ebfd   Thumb Code     8  rt_locale_intlibspace.o(.text)
    _printf_fp_infnan                        0x0800ec05   Thumb Code   112  _printf_fp_infnan.o(.text)
    _btod_etento                             0x0800ec85   Thumb Code   216  bigflt0.o(.text)
    exit                                     0x0800ed61   Thumb Code    18  exit.o(.text)
    __user_libspace                          0x0800ed75   Thumb Code     8  libspace.o(.text)
    __user_perproc_libspace                  0x0800ed75   Thumb Code     0  libspace.o(.text)
    __user_perthread_libspace                0x0800ed75   Thumb Code     0  libspace.o(.text)
    strcmp                                   0x0800ed7d   Thumb Code   128  strcmpv7m.o(.text)
    _btod_d2e                                0x0800edfd   Thumb Code    62  btod.o(CL$$btod_d2e)
    _d2e_denorm_low                          0x0800ee3b   Thumb Code    70  btod.o(CL$$btod_d2e_denorm_low)
    _d2e_norm_op1                            0x0800ee81   Thumb Code    96  btod.o(CL$$btod_d2e_norm_op1)
    __btod_div_common                        0x0800eee1   Thumb Code   696  btod.o(CL$$btod_div_common)
    _e2e                                     0x0800f219   Thumb Code   198  btod.o(CL$$btod_e2e)
    _btod_ediv                               0x0800f2df   Thumb Code    40  btod.o(CL$$btod_ediv)
    _btod_emul                               0x0800f307   Thumb Code    40  btod.o(CL$$btod_emul)
    __btod_mult_common                       0x0800f32f   Thumb Code   580  btod.o(CL$$btod_mult_common)
    OSStartHighRdy                           0x0800f575   Thumb Code     0  os_cpu_a.o(CODE)
    PendSV_Handler                           0x0800f5ab   Thumb Code     0  os_cpu_a.o(CODE)
    __ARM_fpclassify                         0x0800f60d   Thumb Code    40  fpclassify.o(i.__ARM_fpclassify)
    _is_digit                                0x0800f635   Thumb Code    14  __printf_wp.o(i._is_digit)
    _get_lc_numeric                          0x0800f645   Thumb Code    44  lc_numeric_c.o(locale$$code)
    _get_lc_ctype                            0x0800f671   Thumb Code    44  lc_ctype_c.o(locale$$code)
    _printf_fp_dec                           0x0800f69d   Thumb Code     4  printf1.o(x$fpl$printf1)
    __I$use$fp                               0x0800f6a0   Number         0  usenofp.o(x$fpl$usenofp)
    asc2_1206                                0x0800f6a0   Data        1140  oled.o(.constdata)
    asc2_1608                                0x0800fb14   Data        1520  oled.o(.constdata)
    asc2_2412                                0x08010104   Data        3420  oled.o(.constdata)
    CPU_EndiannessTest                       0x08010f60   Data           4  cpu_core.o(.constdata)
    OSCfg_IdleTaskStkBasePtr                 0x08010ff8   Data           4  os_cfg_app.o(.constdata)
    OSCfg_IdleTaskStkLimit                   0x08010ffc   Data           4  os_cfg_app.o(.constdata)
    OSCfg_IdleTaskStkSize                    0x08011000   Data           4  os_cfg_app.o(.constdata)
    OSCfg_IdleTaskStkSizeRAM                 0x08011004   Data           4  os_cfg_app.o(.constdata)
    OSCfg_IntQBasePtr                        0x08011008   Data           4  os_cfg_app.o(.constdata)
    OSCfg_IntQSize                           0x0801100c   Data           2  os_cfg_app.o(.constdata)
    OSCfg_IntQSizeRAM                        0x08011010   Data           4  os_cfg_app.o(.constdata)
    OSCfg_IntQTaskStkBasePtr                 0x08011014   Data           4  os_cfg_app.o(.constdata)
    OSCfg_IntQTaskStkLimit                   0x08011018   Data           4  os_cfg_app.o(.constdata)
    OSCfg_IntQTaskStkSize                    0x0801101c   Data           4  os_cfg_app.o(.constdata)
    OSCfg_IntQTaskStkSizeRAM                 0x08011020   Data           4  os_cfg_app.o(.constdata)
    OSCfg_ISRStkBasePtr                      0x08011024   Data           4  os_cfg_app.o(.constdata)
    OSCfg_ISRStkSize                         0x08011028   Data           4  os_cfg_app.o(.constdata)
    OSCfg_ISRStkSizeRAM                      0x0801102c   Data           4  os_cfg_app.o(.constdata)
    OSCfg_MsgPoolSize                        0x08011030   Data           2  os_cfg_app.o(.constdata)
    OSCfg_MsgPoolSizeRAM                     0x08011034   Data           4  os_cfg_app.o(.constdata)
    OSCfg_MsgPoolBasePtr                     0x08011038   Data           4  os_cfg_app.o(.constdata)
    OSCfg_StatTaskPrio                       0x0801103c   Data           1  os_cfg_app.o(.constdata)
    OSCfg_StatTaskRate_Hz                    0x08011040   Data           4  os_cfg_app.o(.constdata)
    OSCfg_StatTaskStkBasePtr                 0x08011044   Data           4  os_cfg_app.o(.constdata)
    OSCfg_StatTaskStkLimit                   0x08011048   Data           4  os_cfg_app.o(.constdata)
    OSCfg_StatTaskStkSize                    0x0801104c   Data           4  os_cfg_app.o(.constdata)
    OSCfg_StatTaskStkSizeRAM                 0x08011050   Data           4  os_cfg_app.o(.constdata)
    OSCfg_StkSizeMin                         0x08011054   Data           4  os_cfg_app.o(.constdata)
    OSCfg_TickRate_Hz                        0x08011058   Data           4  os_cfg_app.o(.constdata)
    OSCfg_TickTaskPrio                       0x0801105c   Data           1  os_cfg_app.o(.constdata)
    OSCfg_TickTaskStkBasePtr                 0x08011060   Data           4  os_cfg_app.o(.constdata)
    OSCfg_TickTaskStkLimit                   0x08011064   Data           4  os_cfg_app.o(.constdata)
    OSCfg_TickTaskStkSize                    0x08011068   Data           4  os_cfg_app.o(.constdata)
    OSCfg_TickTaskStkSizeRAM                 0x0801106c   Data           4  os_cfg_app.o(.constdata)
    OSCfg_TickWheelSize                      0x08011070   Data           2  os_cfg_app.o(.constdata)
    OSCfg_TickWheelSizeRAM                   0x08011074   Data           4  os_cfg_app.o(.constdata)
    OSCfg_TmrTaskPrio                        0x08011078   Data           1  os_cfg_app.o(.constdata)
    OSCfg_TmrTaskRate_Hz                     0x0801107c   Data           4  os_cfg_app.o(.constdata)
    OSCfg_TmrTaskStkBasePtr                  0x08011080   Data           4  os_cfg_app.o(.constdata)
    OSCfg_TmrTaskStkLimit                    0x08011084   Data           4  os_cfg_app.o(.constdata)
    OSCfg_TmrTaskStkSize                     0x08011088   Data           4  os_cfg_app.o(.constdata)
    OSCfg_TmrTaskStkSizeRAM                  0x0801108c   Data           4  os_cfg_app.o(.constdata)
    OSCfg_TmrWheelSize                       0x08011090   Data           2  os_cfg_app.o(.constdata)
    OSCfg_TmrWheelSizeRAM                    0x08011094   Data           4  os_cfg_app.o(.constdata)
    OSCfg_DataSizeRAM                        0x08011098   Data           4  os_cfg_app.o(.constdata)
    OSDbg_DbgEn                              0x0801109c   Data           2  os_dbg.o(.constdata)
    OSDbg_ArgChkEn                           0x0801109e   Data           1  os_dbg.o(.constdata)
    OSDbg_AppHooksEn                         0x0801109f   Data           1  os_dbg.o(.constdata)
    OSDbg_EndiannessTest                     0x080110a0   Data           4  os_dbg.o(.constdata)
    OSDbg_CalledFromISRChkEn                 0x080110a4   Data           1  os_dbg.o(.constdata)
    OSDbg_FlagEn                             0x080110a5   Data           1  os_dbg.o(.constdata)
    OSDbg_FlagGrp                            0x080110a8   Data          40  os_dbg.o(.constdata)
    OSDbg_FlagDelEn                          0x080110d0   Data           1  os_dbg.o(.constdata)
    OSDbg_FlagModeClrEn                      0x080110d1   Data           1  os_dbg.o(.constdata)
    OSDbg_FlagPendAbortEn                    0x080110d2   Data           1  os_dbg.o(.constdata)
    OSDbg_FlagGrpSize                        0x080110d4   Data           2  os_dbg.o(.constdata)
    OSDbg_FlagWidth                          0x080110d6   Data           2  os_dbg.o(.constdata)
    OSDbg_IntQ                               0x080110d8   Data           2  os_dbg.o(.constdata)
    OSDbg_ISRPostDeferredEn                  0x080110da   Data           1  os_dbg.o(.constdata)
    OSDbg_Mem                                0x080110dc   Data          32  os_dbg.o(.constdata)
    OSDbg_MemEn                              0x080110fc   Data           1  os_dbg.o(.constdata)
    OSDbg_MemSize                            0x080110fe   Data           2  os_dbg.o(.constdata)
    OSDbg_MsgEn                              0x08011100   Data           1  os_dbg.o(.constdata)
    OSDbg_MsgSize                            0x08011102   Data           2  os_dbg.o(.constdata)
    OSDbg_MsgPoolSize                        0x08011104   Data           2  os_dbg.o(.constdata)
    OSDbg_MsgQSize                           0x08011106   Data           2  os_dbg.o(.constdata)
    OSDbg_Mutex                              0x08011108   Data          44  os_dbg.o(.constdata)
    OSDbg_MutexEn                            0x08011134   Data           1  os_dbg.o(.constdata)
    OSDbg_MutexDelEn                         0x08011135   Data           1  os_dbg.o(.constdata)
    OSDbg_MutexPendAbortEn                   0x08011136   Data           1  os_dbg.o(.constdata)
    OSDbg_MutexSize                          0x08011138   Data           2  os_dbg.o(.constdata)
    OSDbg_ObjTypeChkEn                       0x0801113a   Data           1  os_dbg.o(.constdata)
    OSDbg_PendMultiEn                        0x0801113b   Data           1  os_dbg.o(.constdata)
    OSDbg_PendDataSize                       0x0801113c   Data           2  os_dbg.o(.constdata)
    OSDbg_PendListSize                       0x0801113e   Data           2  os_dbg.o(.constdata)
    OSDbg_PendObjSize                        0x08011140   Data           2  os_dbg.o(.constdata)
    OSDbg_PrioMax                            0x08011142   Data           2  os_dbg.o(.constdata)
    OSDbg_PrioTblSize                        0x08011144   Data           2  os_dbg.o(.constdata)
    OSDbg_PtrSize                            0x08011146   Data           2  os_dbg.o(.constdata)
    OSDbg_Q                                  0x08011148   Data          48  os_dbg.o(.constdata)
    OSDbg_QEn                                0x08011178   Data           1  os_dbg.o(.constdata)
    OSDbg_QDelEn                             0x08011179   Data           1  os_dbg.o(.constdata)
    OSDbg_QFlushEn                           0x0801117a   Data           1  os_dbg.o(.constdata)
    OSDbg_QPendAbortEn                       0x0801117b   Data           1  os_dbg.o(.constdata)
    OSDbg_QSize                              0x0801117c   Data           2  os_dbg.o(.constdata)
    OSDbg_SchedRoundRobinEn                  0x0801117e   Data           1  os_dbg.o(.constdata)
    OSDbg_Sem                                0x08011180   Data          40  os_dbg.o(.constdata)
    OSDbg_SemEn                              0x080111a8   Data           1  os_dbg.o(.constdata)
    OSDbg_SemDelEn                           0x080111a9   Data           1  os_dbg.o(.constdata)
    OSDbg_SemPendAbortEn                     0x080111aa   Data           1  os_dbg.o(.constdata)
    OSDbg_SemSetEn                           0x080111ab   Data           1  os_dbg.o(.constdata)
    OSDbg_SemSize                            0x080111ac   Data           2  os_dbg.o(.constdata)
    OSDbg_RdyList                            0x080111ae   Data           2  os_dbg.o(.constdata)
    OSDbg_RdyListSize                        0x080111b0   Data           4  os_dbg.o(.constdata)
    OSDbg_StkWidth                           0x080111b4   Data           1  os_dbg.o(.constdata)
    OSDbg_StatTaskEn                         0x080111b5   Data           1  os_dbg.o(.constdata)
    OSDbg_StatTaskStkChkEn                   0x080111b6   Data           1  os_dbg.o(.constdata)
    OSDbg_TaskChangePrioEn                   0x080111b7   Data           1  os_dbg.o(.constdata)
    OSDbg_TaskDelEn                          0x080111b8   Data           1  os_dbg.o(.constdata)
    OSDbg_TaskQEn                            0x080111b9   Data           1  os_dbg.o(.constdata)
    OSDbg_TaskQPendAbortEn                   0x080111ba   Data           1  os_dbg.o(.constdata)
    OSDbg_TaskProfileEn                      0x080111bb   Data           1  os_dbg.o(.constdata)
    OSDbg_TaskRegTblSize                     0x080111bc   Data           2  os_dbg.o(.constdata)
    OSDbg_TaskSemPendAbortEn                 0x080111be   Data           1  os_dbg.o(.constdata)
    OSDbg_TaskSuspendEn                      0x080111bf   Data           1  os_dbg.o(.constdata)
    OSDbg_TCBSize                            0x080111c0   Data           2  os_dbg.o(.constdata)
    OSDbg_TickSpokeSize                      0x080111c2   Data           2  os_dbg.o(.constdata)
    OSDbg_TimeDlyHMSMEn                      0x080111c4   Data           1  os_dbg.o(.constdata)
    OSDbg_TimeDlyResumeEn                    0x080111c5   Data           1  os_dbg.o(.constdata)
    OSDbg_TLS_TblSize                        0x080111c6   Data           2  os_dbg.o(.constdata)
    OSDbg_Tmr                                0x080111c8   Data          52  os_dbg.o(.constdata)
    OSDbg_TmrEn                              0x080111fc   Data           1  os_dbg.o(.constdata)
    OSDbg_TmrDelEn                           0x080111fd   Data           1  os_dbg.o(.constdata)
    OSDbg_TmrSize                            0x080111fe   Data           2  os_dbg.o(.constdata)
    OSDbg_TmrSpokeSize                       0x08011200   Data           2  os_dbg.o(.constdata)
    OSDbg_VersionNbr                         0x08011202   Data           2  os_dbg.o(.constdata)
    OSDbg_DataSize                           0x08011204   Data           4  os_dbg.o(.constdata)
    Region$$Table$$Base                      0x080112e0   Number         0  anon$$obj.o(Region$$Table)
    Region$$Table$$Limit                     0x08011300   Number         0  anon$$obj.o(Region$$Table)
    __ctype                                  0x08011329   Data           0  lc_ctype_c.o(locale$$data)
    rlen                                     0x20000000   Data           2  main.o(.data)
    i                                        0x20000004   Data           4  main.o(.data)
    dlen                                     0x20000008   Data           2  main.o(.data)
    adc1                                     0x2000000a   Data           2  main.o(.data)
    voltage1                                 0x2000000c   Data           4  main.o(.data)
    h                                        0x20000010   Data           4  main.o(.data)
    indexData                                0x20000014   Data           4  main.o(.data)
    isCanReceiveCommand                      0x20000018   Data           4  main.o(.data)
    isSendHeartData                          0x2000001c   Data           4  main.o(.data)
    isSendBloodData                          0x20000020   Data           4  main.o(.data)
    isFinishInit                             0x20000024   Data           4  main.o(.data)
    bd                                       0x20000028   Data           4  main.o(.data)
    test                                     0x2000002c   Data           1  main.o(.data)
    hr                                       0x2000002d   Data           7  main.o(.data)
    hrValid                                  0x20000034   Data           2  main.o(.data)
    spo2                                     0x20000036   Data           7  main.o(.data)
    spo2Valid                                0x2000003d   Data           2  main.o(.data)
    atCnt                                    0x20000040   Data           4  main.o(.data)
    k                                        0x20000044   Data           4  main.o(.data)
    temp                                     0x20000048   Data           4  main.o(.data)
    SystemCoreClock                          0x2000004c   Data           4  system_stm32f10x.o(.data)
    AHBPrescTable                            0x20000050   Data          16  system_stm32f10x.o(.data)
    USART2_RX_STA                            0x20000060   Data           2  usart2.o(.data)
    USART3_RX_STA                            0x20000062   Data           2  usart3.o(.data)
    __stdout                                 0x20000068   Data           4  usart.o(.data)
    USART_RX_STA                             0x2000006c   Data           2  usart.o(.data)
    CPU_TS_TmrFreq_Hz                        0x20000084   Data           4  cpu_core.o(.data)
    Mem_PoolTbl                              0x20000088   Data           4  lib_mem.o(.data)
    OSPrioTbl                                0x2000008c   Data           8  os_prio.o(.data)
    OS_AppTaskCreateHookPtr                  0x20000094   Data           4  os_var.o(.data)
    OS_AppTaskDelHookPtr                     0x20000098   Data           4  os_var.o(.data)
    OS_AppTaskReturnHookPtr                  0x2000009c   Data           4  os_var.o(.data)
    OS_AppIdleTaskHookPtr                    0x200000a0   Data           4  os_var.o(.data)
    OS_AppStatTaskHookPtr                    0x200000a4   Data           4  os_var.o(.data)
    OS_AppTaskSwHookPtr                      0x200000a8   Data           4  os_var.o(.data)
    OS_AppTimeTickHookPtr                    0x200000ac   Data           4  os_var.o(.data)
    OSIdleTaskCtr                            0x200000b0   Data           4  os_var.o(.data)
    OSIntNestingCtr                          0x200000b4   Data           1  os_var.o(.data)
    OSRunning                                0x200000b5   Data           1  os_var.o(.data)
    OSIntQInPtr                              0x200000b8   Data           4  os_var.o(.data)
    OSIntQOutPtr                             0x200000bc   Data           4  os_var.o(.data)
    OSIntQNbrEntries                         0x200000c0   Data           2  os_var.o(.data)
    OSIntQNbrEntriesMax                      0x200000c2   Data           2  os_var.o(.data)
    OSIntQOvfCtr                             0x200000c4   Data           2  os_var.o(.data)
    OSIntQTaskTimeMax                        0x200000c8   Data           4  os_var.o(.data)
    OSFlagDbgListPtr                         0x200000cc   Data           4  os_var.o(.data)
    OSFlagQty                                0x200000d0   Data           2  os_var.o(.data)
    OSMemDbgListPtr                          0x200000d4   Data           4  os_var.o(.data)
    OSMemQty                                 0x200000d8   Data           2  os_var.o(.data)
    OSMutexDbgListPtr                        0x200000dc   Data           4  os_var.o(.data)
    OSMutexQty                               0x200000e0   Data           2  os_var.o(.data)
    OSPrioCur                                0x200000e2   Data           1  os_var.o(.data)
    OSPrioHighRdy                            0x200000e3   Data           1  os_var.o(.data)
    OSPrioSaved                              0x200000e4   Data           1  os_var.o(.data)
    OSQDbgListPtr                            0x200000e8   Data           4  os_var.o(.data)
    OSQQty                                   0x200000ec   Data           2  os_var.o(.data)
    OSSchedLockTimeBegin                     0x200000f0   Data           4  os_var.o(.data)
    OSSchedLockTimeMax                       0x200000f4   Data           4  os_var.o(.data)
    OSSchedLockTimeMaxCur                    0x200000f8   Data           4  os_var.o(.data)
    OSSchedLockNestingCtr                    0x200000fc   Data           1  os_var.o(.data)
    OSSchedRoundRobinDfltTimeQuanta          0x20000100   Data           4  os_var.o(.data)
    OSSchedRoundRobinEn                      0x20000104   Data           1  os_var.o(.data)
    OSSemDbgListPtr                          0x20000108   Data           4  os_var.o(.data)
    OSSemQty                                 0x2000010c   Data           2  os_var.o(.data)
    OSStatResetFlag                          0x2000010e   Data           1  os_var.o(.data)
    OSStatTaskCPUUsage                       0x20000110   Data           2  os_var.o(.data)
    OSStatTaskCPUUsageMax                    0x20000112   Data           2  os_var.o(.data)
    OSStatTaskCtr                            0x20000114   Data           4  os_var.o(.data)
    OSStatTaskCtrMax                         0x20000118   Data           4  os_var.o(.data)
    OSStatTaskCtrRun                         0x2000011c   Data           4  os_var.o(.data)
    OSStatTaskRdy                            0x20000120   Data           1  os_var.o(.data)
    OSStatTaskTimeMax                        0x20000124   Data           4  os_var.o(.data)
    OSTaskCtxSwCtr                           0x20000128   Data           4  os_var.o(.data)
    OSTaskDbgListPtr                         0x2000012c   Data           4  os_var.o(.data)
    OSTaskQty                                0x20000130   Data           2  os_var.o(.data)
    OSTaskRegNextAvailID                     0x20000132   Data           1  os_var.o(.data)
    OSTickCtr                                0x20000134   Data           4  os_var.o(.data)
    OSTickTaskTimeMax                        0x20000138   Data           4  os_var.o(.data)
    OSTmrDbgListPtr                          0x2000013c   Data           4  os_var.o(.data)
    OSTmrQty                                 0x20000140   Data           2  os_var.o(.data)
    OSTmrTaskTimeMax                         0x20000144   Data           4  os_var.o(.data)
    OSTmrTickCtr                             0x20000148   Data           4  os_var.o(.data)
    OSTmrUpdateCnt                           0x2000014c   Data           4  os_var.o(.data)
    OSTmrUpdateCtr                           0x20000150   Data           4  os_var.o(.data)
    OSTCBCurPtr                              0x20000154   Data           4  os_var.o(.data)
    OSTCBHighRdyPtr                          0x20000158   Data           4  os_var.o(.data)
    OS_CPU_ExceptStkBase                     0x2000015c   Data           4  os_cpu_c.o(.data)
    StartTaskTCB                             0x20000160   Data         196  main.o(.bss)
    START_TASK_STK                           0x20000224   Data        2048  main.o(.bss)
    Led0TaskTCB                              0x20000a24   Data         196  main.o(.bss)
    LED0_TASK_STK                            0x20000ae8   Data         512  main.o(.bss)
    CommandGetTaskTCB                        0x20000ce8   Data         196  main.o(.bss)
    COMMAND_GET_TASK_STK                     0x20000dac   Data         512  main.o(.bss)
    HeartGetTaskTCB                          0x20000fac   Data         196  main.o(.bss)
    HEART_GET_TASK_STK                       0x20001070   Data         512  main.o(.bss)
    BloodGetTaskTCB                          0x20001270   Data         196  main.o(.bss)
    BLOOD_GET_TASK_STK                       0x20001334   Data        2048  main.o(.bss)
    OLEDTaskTCB                              0x20001b34   Data         196  main.o(.bss)
    OLED_TASK_STK                            0x20001bf8   Data        2048  main.o(.bss)
    heartBuff                                0x200023f8   Data        1024  main.o(.bss)
    data                                     0x200027f8   Data        1000  main.o(.bss)
    USART2_TX_BUF                            0x20002be0   Data        1024  usart2.o(.bss)
    USART2_RX_BUF                            0x20002fe0   Data        1024  usart2.o(.bss)
    USART3_TX_BUF                            0x200033e0   Data        1024  usart3.o(.bss)
    USART3_RX_BUF                            0x200037e0   Data        1024  usart3.o(.bss)
    OLED_GRAM                                0x20003be0   Data        1024  oled.o(.bss)
    USART_RX_BUF                             0x20003fe0   Data         200  usart.o(.bss)
    CPU_Name                                 0x200040a8   Data          16  cpu_core.o(.bss)
    Mem_PoolHeap                             0x200040b8   Data          72  lib_mem.o(.bss)
    Mem_Heap                                 0x20004100   Data        1024  lib_mem.o(.bss)
    OSCfg_IdleTaskStk                        0x20004500   Data         512  os_cfg_app.o(.bss)
    OSCfg_IntQ                               0x20004700   Data         320  os_cfg_app.o(.bss)
    OSCfg_IntQTaskStk                        0x20004840   Data         512  os_cfg_app.o(.bss)
    OSCfg_ISRStk                             0x20004a40   Data         512  os_cfg_app.o(.bss)
    OSCfg_MsgPool                            0x20004c40   Data        1600  os_cfg_app.o(.bss)
    OSCfg_StatTaskStk                        0x20005280   Data         512  os_cfg_app.o(.bss)
    OSCfg_TickTaskStk                        0x20005480   Data         512  os_cfg_app.o(.bss)
    OSCfg_TickWheel                          0x20005680   Data         136  os_cfg_app.o(.bss)
    OSCfg_TmrTaskStk                         0x20005708   Data         512  os_cfg_app.o(.bss)
    OSCfg_TmrWheel                           0x20005908   Data         136  os_cfg_app.o(.bss)
    OSIdleTaskTCB                            0x20005990   Data         196  os_var.o(.bss)
    OSIntQTaskTCB                            0x20005a54   Data         196  os_var.o(.bss)
    OSMsgPool                                0x20005b18   Data          12  os_var.o(.bss)
    OSRdyList                                0x20005b24   Data         768  os_var.o(.bss)
    OSStatTaskTCB                            0x20005e24   Data         196  os_var.o(.bss)
    OSTickTaskTCB                            0x20005ee8   Data         196  os_var.o(.bss)
    OSTmrTaskTCB                             0x20005fac   Data         196  os_var.o(.bss)
    __libspace_start                         0x20006070   Data          96  libspace.o(.bss)
    __temporary_stack_top$libspace           0x200060d0   Data           0  libspace.o(.bss)
    mem2base                                 0x68000000   Data       983040  malloc.o(.ARM.__AT_0x68000000)
    mem2mapbase                              0x680f0000   Data       61440  malloc.o(.ARM.__AT_0x680F0000)



==============================================================================

Memory Map of the image

  Image Entry point : 0x08000131

  Load Region LR_IROM1 (Base: 0x08000000, Size: 0x0001158c, Max: 0x00040000, ABSOLUTE, COMPRESSED[0x00011450])

    Execution Region ER_IROM1 (Base: 0x08000000, Size: 0x0001142c, Max: 0x00040000, ABSOLUTE)

    Base Addr    Size         Type   Attr      Idx    E Section Name        Object

    0x08000000   0x00000130   Data   RO          423    RESET               startup_stm32f10x_hd.o
    0x08000130   0x00000008   Code   RO         1267  * !!!main             c_w.l(__main.o)
    0x08000138   0x00000034   Code   RO         1565    !!!scatter          c_w.l(__scatter.o)
    0x0800016c   0x0000005a   Code   RO         1563    !!dczerorl2         c_w.l(__dczerorl2.o)
    0x080001c6   0x00000002   PAD
    0x080001c8   0x0000001c   Code   RO         1567    !!handler_zi        c_w.l(__scatter_zi.o)
    0x080001e4   0x00000000   Code   RO         1260    .ARM.Collect$$_printf_percent$$00000000  c_w.l(_printf_percent.o)
    0x080001e4   0x00000006   Code   RO         1324    .ARM.Collect$$_printf_percent$$00000001  c_w.l(_printf_n.o)
    0x080001ea   0x00000006   Code   RO         1326    .ARM.Collect$$_printf_percent$$00000002  c_w.l(_printf_p.o)
    0x080001f0   0x00000006   Code   RO         1330    .ARM.Collect$$_printf_percent$$00000003  c_w.l(_printf_f.o)
    0x080001f6   0x00000006   Code   RO         1331    .ARM.Collect$$_printf_percent$$00000004  c_w.l(_printf_e.o)
    0x080001fc   0x00000006   Code   RO         1332    .ARM.Collect$$_printf_percent$$00000005  c_w.l(_printf_g.o)
    0x08000202   0x00000006   Code   RO         1333    .ARM.Collect$$_printf_percent$$00000006  c_w.l(_printf_a.o)
    0x08000208   0x0000000a   Code   RO         1338    .ARM.Collect$$_printf_percent$$00000007  c_w.l(_printf_ll.o)
    0x08000212   0x00000006   Code   RO         1328    .ARM.Collect$$_printf_percent$$00000008  c_w.l(_printf_i.o)
    0x08000218   0x00000006   Code   RO         1259    .ARM.Collect$$_printf_percent$$00000009  c_w.l(_printf_d.o)
    0x0800021e   0x00000006   Code   RO         1329    .ARM.Collect$$_printf_percent$$0000000A  c_w.l(_printf_u.o)
    0x08000224   0x00000006   Code   RO         1327    .ARM.Collect$$_printf_percent$$0000000B  c_w.l(_printf_o.o)
    0x0800022a   0x00000006   Code   RO         1325    .ARM.Collect$$_printf_percent$$0000000C  c_w.l(_printf_x.o)
    0x08000230   0x00000006   Code   RO         1335    .ARM.Collect$$_printf_percent$$0000000D  c_w.l(_printf_lli.o)
    0x08000236   0x00000006   Code   RO         1336    .ARM.Collect$$_printf_percent$$0000000E  c_w.l(_printf_lld.o)
    0x0800023c   0x00000006   Code   RO         1337    .ARM.Collect$$_printf_percent$$0000000F  c_w.l(_printf_llu.o)
    0x08000242   0x00000006   Code   RO         1342    .ARM.Collect$$_printf_percent$$00000010  c_w.l(_printf_llo.o)
    0x08000248   0x00000006   Code   RO         1343    .ARM.Collect$$_printf_percent$$00000011  c_w.l(_printf_llx.o)
    0x0800024e   0x0000000a   Code   RO         1339    .ARM.Collect$$_printf_percent$$00000012  c_w.l(_printf_l.o)
    0x08000258   0x00000006   Code   RO         1257    .ARM.Collect$$_printf_percent$$00000013  c_w.l(_printf_c.o)
    0x0800025e   0x00000006   Code   RO         1258    .ARM.Collect$$_printf_percent$$00000014  c_w.l(_printf_s.o)
    0x08000264   0x00000006   Code   RO         1340    .ARM.Collect$$_printf_percent$$00000015  c_w.l(_printf_lc.o)
    0x0800026a   0x00000006   Code   RO         1341    .ARM.Collect$$_printf_percent$$00000016  c_w.l(_printf_ls.o)
    0x08000270   0x00000004   Code   RO         1334    .ARM.Collect$$_printf_percent$$00000017  c_w.l(_printf_percent_end.o)
    0x08000274   0x00000002   Code   RO         1427    .ARM.Collect$$libinit$$00000000  c_w.l(libinit.o)
    0x08000276   0x00000000   Code   RO         1450    .ARM.Collect$$libinit$$00000002  c_w.l(libinit2.o)
    0x08000276   0x00000000   Code   RO         1452    .ARM.Collect$$libinit$$00000004  c_w.l(libinit2.o)
    0x08000276   0x00000000   Code   RO         1455    .ARM.Collect$$libinit$$0000000A  c_w.l(libinit2.o)
    0x08000276   0x00000000   Code   RO         1457    .ARM.Collect$$libinit$$0000000C  c_w.l(libinit2.o)
    0x08000276   0x00000000   Code   RO         1459    .ARM.Collect$$libinit$$0000000E  c_w.l(libinit2.o)
    0x08000276   0x00000006   Code   RO         1460    .ARM.Collect$$libinit$$0000000F  c_w.l(libinit2.o)
    0x0800027c   0x00000000   Code   RO         1462    .ARM.Collect$$libinit$$00000011  c_w.l(libinit2.o)
    0x0800027c   0x0000000c   Code   RO         1463    .ARM.Collect$$libinit$$00000012  c_w.l(libinit2.o)
    0x08000288   0x00000000   Code   RO         1464    .ARM.Collect$$libinit$$00000013  c_w.l(libinit2.o)
    0x08000288   0x00000000   Code   RO         1466    .ARM.Collect$$libinit$$00000015  c_w.l(libinit2.o)
    0x08000288   0x0000000a   Code   RO         1467    .ARM.Collect$$libinit$$00000016  c_w.l(libinit2.o)
    0x08000292   0x00000000   Code   RO         1468    .ARM.Collect$$libinit$$00000017  c_w.l(libinit2.o)
    0x08000292   0x00000000   Code   RO         1470    .ARM.Collect$$libinit$$00000019  c_w.l(libinit2.o)
    0x08000292   0x00000000   Code   RO         1472    .ARM.Collect$$libinit$$0000001B  c_w.l(libinit2.o)
    0x08000292   0x00000000   Code   RO         1474    .ARM.Collect$$libinit$$0000001D  c_w.l(libinit2.o)
    0x08000292   0x00000000   Code   RO         1476    .ARM.Collect$$libinit$$0000001F  c_w.l(libinit2.o)
    0x08000292   0x00000000   Code   RO         1478    .ARM.Collect$$libinit$$00000021  c_w.l(libinit2.o)
    0x08000292   0x00000000   Code   RO         1480    .ARM.Collect$$libinit$$00000023  c_w.l(libinit2.o)
    0x08000292   0x00000000   Code   RO         1482    .ARM.Collect$$libinit$$00000025  c_w.l(libinit2.o)
    0x08000292   0x00000000   Code   RO         1486    .ARM.Collect$$libinit$$0000002C  c_w.l(libinit2.o)
    0x08000292   0x00000000   Code   RO         1488    .ARM.Collect$$libinit$$0000002E  c_w.l(libinit2.o)
    0x08000292   0x00000000   Code   RO         1490    .ARM.Collect$$libinit$$00000030  c_w.l(libinit2.o)
    0x08000292   0x00000000   Code   RO         1492    .ARM.Collect$$libinit$$00000032  c_w.l(libinit2.o)
    0x08000292   0x00000002   Code   RO         1493    .ARM.Collect$$libinit$$00000033  c_w.l(libinit2.o)
    0x08000294   0x00000002   Code   RO         1519    .ARM.Collect$$libshutdown$$00000000  c_w.l(libshutdown.o)
    0x08000296   0x00000000   Code   RO         1546    .ARM.Collect$$libshutdown$$00000002  c_w.l(libshutdown2.o)
    0x08000296   0x00000000   Code   RO         1548    .ARM.Collect$$libshutdown$$00000004  c_w.l(libshutdown2.o)
    0x08000296   0x00000000   Code   RO         1551    .ARM.Collect$$libshutdown$$00000007  c_w.l(libshutdown2.o)
    0x08000296   0x00000000   Code   RO         1554    .ARM.Collect$$libshutdown$$0000000A  c_w.l(libshutdown2.o)
    0x08000296   0x00000000   Code   RO         1556    .ARM.Collect$$libshutdown$$0000000C  c_w.l(libshutdown2.o)
    0x08000296   0x00000000   Code   RO         1559    .ARM.Collect$$libshutdown$$0000000F  c_w.l(libshutdown2.o)
    0x08000296   0x00000002   Code   RO         1560    .ARM.Collect$$libshutdown$$00000010  c_w.l(libshutdown2.o)
    0x08000298   0x00000000   Code   RO         1271    .ARM.Collect$$rtentry$$00000000  c_w.l(__rtentry.o)
    0x08000298   0x00000000   Code   RO         1347    .ARM.Collect$$rtentry$$00000002  c_w.l(__rtentry2.o)
    0x08000298   0x00000006   Code   RO         1359    .ARM.Collect$$rtentry$$00000004  c_w.l(__rtentry4.o)
    0x0800029e   0x00000000   Code   RO         1349    .ARM.Collect$$rtentry$$00000009  c_w.l(__rtentry2.o)
    0x0800029e   0x00000004   Code   RO         1350    .ARM.Collect$$rtentry$$0000000A  c_w.l(__rtentry2.o)
    0x080002a2   0x00000000   Code   RO         1352    .ARM.Collect$$rtentry$$0000000C  c_w.l(__rtentry2.o)
    0x080002a2   0x00000008   Code   RO         1353    .ARM.Collect$$rtentry$$0000000D  c_w.l(__rtentry2.o)
    0x080002aa   0x00000002   Code   RO         1436    .ARM.Collect$$rtexit$$00000000  c_w.l(rtexit.o)
    0x080002ac   0x00000000   Code   RO         1495    .ARM.Collect$$rtexit$$00000002  c_w.l(rtexit2.o)
    0x080002ac   0x00000004   Code   RO         1496    .ARM.Collect$$rtexit$$00000003  c_w.l(rtexit2.o)
    0x080002b0   0x00000006   Code   RO         1497    .ARM.Collect$$rtexit$$00000004  c_w.l(rtexit2.o)
    0x080002b6   0x00000002   PAD
    0x080002b8   0x00000cac   Code   RO            1    .text               main.o
    0x08000f64   0x00000016   Code   RO          178    .text               stm32f10x_it.o
    0x08000f7a   0x00000002   PAD
    0x08000f7c   0x000001e0   Code   RO          213    .text               system_stm32f10x.o
    0x0800115c   0x00000050   Code   RO          231    .text               led.o
    0x080011ac   0x0000027c   Code   RO          243    .text               usart2.o
    0x08001428   0x00000284   Code   RO          282    .text               usart3.o
    0x080016ac   0x00000660   Code   RO          301    .text               myiic.o
    0x08001d0c   0x000004e6   Code   RO          335    .text               oled.o
    0x080021f2   0x00000002   PAD
    0x080021f4   0x0000014c   Code   RO          357    .text               delay.o
    0x08002340   0x0000014c   Code   RO          388    .text               usart.o
    0x0800248c   0x00000040   Code   RO          424    .text               startup_stm32f10x_hd.o
    0x080024cc   0x000000dc   Code   RO          428    .text               misc.o
    0x080025a8   0x0000035c   Code   RO          440    .text               stm32f10x_gpio.o
    0x08002904   0x00000408   Code   RO          452    .text               stm32f10x_usart.o
    0x08002d0c   0x000003a4   Code   RO          464    .text               stm32f10x_rcc.o
    0x080030b0   0x00000254   Code   RO          478    .text               stm32f10x_dma.o
    0x08003304   0x00000e1a   Code   RO          490    .text               stm32f10x_tim.o
    0x0800411e   0x00000002   PAD
    0x08004120   0x0000044e   Code   RO          502    .text               stm32f10x_adc.o
    0x0800456e   0x00000002   PAD
    0x08004570   0x00000084   Code   RO          748    .text               bsp.o
    0x080045f4   0x000002a8   Code   RO          763    .text               cpu_core.o
    0x0800489c   0x00000034   Code   RO          801    .text               cpu_a.o
    0x080048d0   0x00000256   Code   RO          804    .text               lib_ascii.o
    0x08004b26   0x00000002   PAD
    0x08004b28   0x000009c6   Code   RO          837    .text               lib_mem.o
    0x080054ee   0x00000002   PAD
    0x080054f0   0x0000092c   Code   RO          856    .text               lib_str.o
    0x08005e1c   0x00000220   Code   RO          873    .text               lib_mem_a.o
    0x0800603c   0x000000fc   Code   RO          876    .text               os_cfg_app.o
    0x08006138   0x00000e04   Code   RO          899    .text               os_core.o
    0x08006f3c   0x000001b0   Code   RO          911    .text               os_dbg.o
    0x080070ec   0x00000e28   Code   RO          926    .text               os_flag.o
    0x08007f14   0x00000444   Code   RO          938    .text               os_int.o
    0x08008358   0x00000238   Code   RO          950    .text               os_mem.o
    0x08008590   0x0000022c   Code   RO          962    .text               os_msg.o
    0x080087bc   0x00000ad4   Code   RO          974    .text               os_mutex.o
    0x08009290   0x0000007c   Code   RO          992    .text               os_prio.o
    0x0800930c   0x000008d8   Code   RO         1011    .text               os_q.o
    0x08009be4   0x00000830   Code   RO         1023    .text               os_sem.o
    0x0800a414   0x00000638   Code   RO         1035    .text               os_stat.o
    0x0800aa4c   0x00001bb4   Code   RO         1047    .text               os_task.o
    0x0800c600   0x000004fc   Code   RO         1059    .text               os_tick.o
    0x0800cafc   0x00000564   Code   RO         1071    .text               os_time.o
    0x0800d060   0x00000818   Code   RO         1083    .text               os_tmr.o
    0x0800d878   0x0000026c   Code   RO         1112    .text               os_cpu_c.o
    0x0800dae4   0x00000288   Code   RO         1145    .text               common.o
    0x0800dd6c   0x00000004   Code   RO         1169    .text               wifista.o
    0x0800dd70   0x000000ec   Code   RO         1203    .text               adc.o
    0x0800de5c   0x00000002   Code   RO         1217    .text               c_w.l(use_no_semi_2.o)
    0x0800de5e   0x000000ee   Code   RO         1219    .text               c_w.l(lludivv7m.o)
    0x0800df4c   0x00000024   Code   RO         1221    .text               c_w.l(c89vsprintf.o)
    0x0800df70   0x00000018   Code   RO         1223    .text               c_w.l(__2printf.o)
    0x0800df88   0x0000002c   Code   RO         1225    .text               c_w.l(__2sprintf.o)
    0x0800dfb4   0x00000052   Code   RO         1233    .text               c_w.l(_printf_str.o)
    0x0800e006   0x00000002   PAD
    0x0800e008   0x00000078   Code   RO         1235    .text               c_w.l(_printf_dec.o)
    0x0800e080   0x00000188   Code   RO         1254    .text               c_w.l(__printf_flags_ss_wp.o)
    0x0800e208   0x00000024   Code   RO         1261    .text               c_w.l(strstr.o)
    0x0800e22c   0x0000003e   Code   RO         1263    .text               c_w.l(strlen.o)
    0x0800e26a   0x00000006   Code   RO         1265    .text               c_w.l(heapauxi.o)
    0x0800e270   0x00000002   Code   RO         1269    .text               c_w.l(use_no_semi.o)
    0x0800e272   0x0000004e   Code   RO         1276    .text               c_w.l(_printf_pad.o)
    0x0800e2c0   0x00000024   Code   RO         1278    .text               c_w.l(_printf_truncate.o)
    0x0800e2e4   0x000000b2   Code   RO         1280    .text               c_w.l(_printf_intcommon.o)
    0x0800e396   0x00000028   Code   RO         1282    .text               c_w.l(_printf_charcount.o)
    0x0800e3be   0x00000002   PAD
    0x0800e3c0   0x00000030   Code   RO         1284    .text               c_w.l(_printf_char_common.o)
    0x0800e3f0   0x0000000a   Code   RO         1286    .text               c_w.l(_sputc.o)
    0x0800e3fa   0x0000002c   Code   RO         1288    .text               c_w.l(_printf_char.o)
    0x0800e426   0x00000002   PAD
    0x0800e428   0x00000024   Code   RO         1290    .text               c_w.l(_printf_char_file.o)
    0x0800e44c   0x000000bc   Code   RO         1292    .text               c_w.l(_printf_wctomb.o)
    0x0800e508   0x0000007c   Code   RO         1295    .text               c_w.l(_printf_longlong_dec.o)
    0x0800e584   0x00000070   Code   RO         1301    .text               c_w.l(_printf_oct_int_ll.o)
    0x0800e5f4   0x00000094   Code   RO         1321    .text               c_w.l(_printf_hex_int_ll_ptr.o)
    0x0800e688   0x0000008a   Code   RO         1363    .text               c_w.l(lludiv10.o)
    0x0800e712   0x0000041a   Code   RO         1365    .text               c_w.l(_printf_fp_dec.o)
    0x0800eb2c   0x0000002c   Code   RO         1369    .text               c_w.l(_printf_wchar.o)
    0x0800eb58   0x00000008   Code   RO         1371    .text               c_w.l(ferror.o)
    0x0800eb60   0x00000040   Code   RO         1375    .text               c_w.l(_wcrtomb.o)
    0x0800eba0   0x0000004a   Code   RO         1377    .text               c_w.l(sys_stackheap_outer.o)
    0x0800ebea   0x00000002   PAD
    0x0800ebec   0x00000010   Code   RO         1379    .text               c_w.l(rt_ctype_table.o)
    0x0800ebfc   0x00000008   Code   RO         1384    .text               c_w.l(rt_locale_intlibspace.o)
    0x0800ec04   0x00000080   Code   RO         1386    .text               c_w.l(_printf_fp_infnan.o)
    0x0800ec84   0x000000dc   Code   RO         1388    .text               c_w.l(bigflt0.o)
    0x0800ed60   0x00000012   Code   RO         1416    .text               c_w.l(exit.o)
    0x0800ed72   0x00000002   PAD
    0x0800ed74   0x00000008   Code   RO         1433    .text               c_w.l(libspace.o)
    0x0800ed7c   0x00000080   Code   RO         1447    .text               c_w.l(strcmpv7m.o)
    0x0800edfc   0x0000003e   Code   RO         1391    CL$$btod_d2e        c_w.l(btod.o)
    0x0800ee3a   0x00000046   Code   RO         1393    CL$$btod_d2e_denorm_low  c_w.l(btod.o)
    0x0800ee80   0x00000060   Code   RO         1392    CL$$btod_d2e_norm_op1  c_w.l(btod.o)
    0x0800eee0   0x00000338   Code   RO         1401    CL$$btod_div_common  c_w.l(btod.o)
    0x0800f218   0x000000c6   Code   RO         1398    CL$$btod_e2e        c_w.l(btod.o)
    0x0800f2de   0x00000028   Code   RO         1395    CL$$btod_ediv       c_w.l(btod.o)
    0x0800f306   0x00000028   Code   RO         1394    CL$$btod_emul       c_w.l(btod.o)
    0x0800f32e   0x00000244   Code   RO         1400    CL$$btod_mult_common  c_w.l(btod.o)
    0x0800f572   0x00000002   PAD
    0x0800f574   0x00000098   Code   RO         1109    CODE                os_cpu_a.o
    0x0800f60c   0x00000028   Code   RO         1431    i.__ARM_fpclassify  m_ws.l(fpclassify.o)
    0x0800f634   0x0000000e   Code   RO         1247    i._is_digit         c_w.l(__printf_wp.o)
    0x0800f642   0x00000002   PAD
    0x0800f644   0x0000002c   Code   RO         1414    locale$$code        c_w.l(lc_numeric_c.o)
    0x0800f670   0x0000002c   Code   RO         1441    locale$$code        c_w.l(lc_ctype_c.o)
    0x0800f69c   0x00000004   Code   RO         1344    x$fpl$printf1       fz_ws.l(printf1.o)
    0x0800f6a0   0x00000000   Code   RO         1430    x$fpl$usenofp       fz_ws.l(usenofp.o)
    0x0800f6a0   0x000017c0   Data   RO          337    .constdata          oled.o
    0x08010e60   0x00000104   Data   RO          765    .constdata          cpu_core.o
    0x08010f64   0x00000094   Data   RO          857    .constdata          lib_str.o
    0x08010ff8   0x000000a4   Data   RO          878    .constdata          os_cfg_app.o
    0x0801109c   0x0000016c   Data   RO          912    .constdata          os_dbg.o
    0x08011208   0x00000011   Data   RO         1255    .constdata          c_w.l(__printf_flags_ss_wp.o)
    0x08011219   0x00000003   PAD
    0x0801121c   0x00000008   Data   RO         1293    .constdata          c_w.l(_printf_wctomb.o)
    0x08011224   0x00000028   Data   RO         1322    .constdata          c_w.l(_printf_hex_int_ll_ptr.o)
    0x0801124c   0x00000094   Data   RO         1389    .constdata          c_w.l(bigflt0.o)
    0x080112e0   0x00000020   Data   RO         1561    Region$$Table       anon$$obj.o
    0x08011300   0x0000001c   Data   RO         1413    locale$$data        c_w.l(lc_numeric_c.o)
    0x0801131c   0x00000110   Data   RO         1440    locale$$data        c_w.l(lc_ctype_c.o)


    Execution Region RW_IRAM1 (Base: 0x20000000, Size: 0x00006ad0, Max: 0x0000c000, ABSOLUTE, COMPRESSED[0x00000024])

    Base Addr    Size         Type   Attr      Idx    E Section Name        Object

    0x20000000   0x0000004c   Data   RW            3    .data               main.o
    0x2000004c   0x00000014   Data   RW          214    .data               system_stm32f10x.o
    0x20000060   0x00000002   Data   RW          245    .data               usart2.o
    0x20000062   0x00000002   Data   RW          284    .data               usart3.o
    0x20000064   0x00000004   Data   RW          358    .data               delay.o
    0x20000068   0x00000006   Data   RW          390    .data               usart.o
    0x2000006e   0x00000014   Data   RW          465    .data               stm32f10x_rcc.o
    0x20000082   0x00000002   PAD
    0x20000084   0x00000004   Data   RW          766    .data               cpu_core.o
    0x20000088   0x00000004   Data   RW          839    .data               lib_mem.o
    0x2000008c   0x00000008   Data   RW          993    .data               os_prio.o
    0x20000094   0x000000c8   Data   RW         1096    .data               os_var.o
    0x2000015c   0x00000004   Data   RW         1113    .data               os_cpu_c.o
    0x20000160   0x00002a80   Zero   RW            2    .bss                main.o
    0x20002be0   0x00000800   Zero   RW          244    .bss                usart2.o
    0x200033e0   0x00000800   Zero   RW          283    .bss                usart3.o
    0x20003be0   0x00000400   Zero   RW          336    .bss                oled.o
    0x20003fe0   0x000000c8   Zero   RW          389    .bss                usart.o
    0x200040a8   0x00000010   Zero   RW          764    .bss                cpu_core.o
    0x200040b8   0x00000448   Zero   RW          838    .bss                lib_mem.o
    0x20004500   0x00001490   Zero   RW          877    .bss                os_cfg_app.o
    0x20005990   0x000006e0   Zero   RW         1095    .bss                os_var.o
    0x20006070   0x00000060   Zero   RW         1434    .bss                c_w.l(libspace.o)
    0x200060d0   0x00000200   Zero   RW          422    HEAP                startup_stm32f10x_hd.o
    0x200062d0   0x00000800   Zero   RW          421    STACK               startup_stm32f10x_hd.o



  Load Region LR$$.ARM.__AT_0x68000000 (Base: 0x68000000, Size: 0x00000000, Max: 0x000f0000, ABSOLUTE)

    Execution Region ER$$.ARM.__AT_0x68000000 (Base: 0x68000000, Size: 0x000f0000, Max: 0x000f0000, ABSOLUTE, UNINIT)

    Base Addr    Size         Type   Attr      Idx    E Section Name        Object

    0x68000000   0x000f0000   Zero   RW         1182    .ARM.__AT_0x68000000  malloc.o



  Load Region LR$$.ARM.__AT_0x680F0000 (Base: 0x680f0000, Size: 0x00000000, Max: 0x0000f000, ABSOLUTE)

    Execution Region ER$$.ARM.__AT_0x680F0000 (Base: 0x680f0000, Size: 0x0000f000, Max: 0x0000f000, ABSOLUTE, UNINIT)

    Base Addr    Size         Type   Attr      Idx    E Section Name        Object

    0x680f0000   0x0000f000   Zero   RW         1183    .ARM.__AT_0x680F0000  malloc.o


==============================================================================

Image component sizes


      Code (inc. data)   RO Data    RW Data    ZI Data      Debug   Object Name

       236         10          0          0          0       1099   adc.o
       132         12          0          0          0       1139   bsp.o
       648        118          0          0          0       2808   common.o
        52          0          0          0          0        332   cpu_a.o
       680         14        260          4         16      14351   cpu_core.o
       332         28          0          4          0       1793   delay.o
        80          8          0          0          0        487   led.o
       598          0          0          0          0       3876   lib_ascii.o
      2502         32          0          4       1096      22180   lib_mem.o
       544          0          0          0          0        480   lib_mem_a.o
      2348          6        148          0          0      13758   lib_str.o
      3244       1014          0         76      10880     316525   main.o
         0          0          0          0    1044480       1525   malloc.o
       220         22          0          0          0       1805   misc.o
      1632         18          0          0          0       6406   myiic.o
      1254         36       6080          0       1024       5135   oled.o
       252        166        164          0       5264      20866   os_cfg_app.o
      3588        294          0          0          0      12441   os_core.o
       152         32          0          0          0        392   os_cpu_a.o
       620         66          0          4          0       3773   os_cpu_c.o
       432        286        364          0          0       4725   os_dbg.o
      3624        110          0          0          0       8023   os_flag.o
      1092        146          0          0          0       2328   os_int.o
       568         20          0          0          0       2752   os_mem.o
       556         12          0          0          0       2787   os_msg.o
      2772        114          0          0          0       5558   os_mutex.o
       124          4          0          8          0       1720   os_prio.o
      2264         76          0          0          0       6320   os_q.o
      2096         70          0          0          0       6340   os_sem.o
      1592        180          0          0          0       2809   os_stat.o
      7092        270          0          0          0      14166   os_task.o
      1276         90          0          0          0       3277   os_tick.o
      1380         46          0          0          0       3281   os_time.o
      2072        140          0          0          0       6466   os_tmr.o
         0          0          0        200       1760      19341   os_var.o
        64         26        304          0       2560        792   startup_stm32f10x_hd.o
      1102         26          0          0          0      11049   stm32f10x_adc.o
       596          8          0          0          0       4374   stm32f10x_dma.o
       860         38          0          0          0       5741   stm32f10x_gpio.o
        22          0          0          0          0        987   stm32f10x_it.o
       932         36          0         20          0       8916   stm32f10x_rcc.o
      3610         88          0          0          0      22852   stm32f10x_tim.o
      1032         22          0          0          0       8464   stm32f10x_usart.o
         0          0          0          0          0         32   sys.o
       480         38          0         20          0       1707   system_stm32f10x.o
       332         16          0          6        200       3130   usart.o
       636         30          0          2       2048       3693   usart2.o
       644         26          0          2       2048       3135   usart3.o
         4          0          0          0          0        435   wifista.o

    ----------------------------------------------------------------------
     56380       3794       7352        352    1071376     596371   Object Totals
         0          0         32          0          0          0   (incl. Generated)
        12          0          0          2          0          0   (incl. Padding)

    ----------------------------------------------------------------------

      Code (inc. data)   RO Data    RW Data    ZI Data      Debug   Library Member Name

        24          4          0          0          0         84   __2printf.o
        44          6          0          0          0         84   __2sprintf.o
        90          0          0          0          0          0   __dczerorl2.o
         8          0          0          0          0         68   __main.o
       392          4         17          0          0         92   __printf_flags_ss_wp.o
        14          0          0          0          0         68   __printf_wp.o
         0          0          0          0          0          0   __rtentry.o
        12          0          0          0          0          0   __rtentry2.o
         6          0          0          0          0          0   __rtentry4.o
        52          8          0          0          0          0   __scatter.o
        28          0          0          0          0          0   __scatter_zi.o
         6          0          0          0          0          0   _printf_a.o
         6          0          0          0          0          0   _printf_c.o
        44          0          0          0          0        108   _printf_char.o
        48          6          0          0          0         96   _printf_char_common.o
        36          4          0          0          0         80   _printf_char_file.o
        40          0          0          0          0         68   _printf_charcount.o
         6          0          0          0          0          0   _printf_d.o
       120         16          0          0          0         92   _printf_dec.o
         6          0          0          0          0          0   _printf_e.o
         6          0          0          0          0          0   _printf_f.o
      1050          0          0          0          0        216   _printf_fp_dec.o
       128         16          0          0          0         84   _printf_fp_infnan.o
         6          0          0          0          0          0   _printf_g.o
       148          4         40          0          0        160   _printf_hex_int_ll_ptr.o
         6          0          0          0          0          0   _printf_i.o
       178          0          0          0          0         88   _printf_intcommon.o
        10          0          0          0          0          0   _printf_l.o
         6          0          0          0          0          0   _printf_lc.o
        10          0          0          0          0          0   _printf_ll.o
         6          0          0          0          0          0   _printf_lld.o
         6          0          0          0          0          0   _printf_lli.o
         6          0          0          0          0          0   _printf_llo.o
         6          0          0          0          0          0   _printf_llu.o
         6          0          0          0          0          0   _printf_llx.o
       124         16          0          0          0         92   _printf_longlong_dec.o
         6          0          0          0          0          0   _printf_ls.o
         6          0          0          0          0          0   _printf_n.o
         6          0          0          0          0          0   _printf_o.o
       112          8          0          0          0        124   _printf_oct_int_ll.o
         6          0          0          0          0          0   _printf_p.o
        78          0          0          0          0        108   _printf_pad.o
         0          0          0          0          0          0   _printf_percent.o
         4          0          0          0          0          0   _printf_percent_end.o
         6          0          0          0          0          0   _printf_s.o
        82          0          0          0          0         80   _printf_str.o
        36          0          0          0          0         84   _printf_truncate.o
         6          0          0          0          0          0   _printf_u.o
        44          0          0          0          0        108   _printf_wchar.o
       188          6          8          0          0         92   _printf_wctomb.o
         6          0          0          0          0          0   _printf_x.o
        10          0          0          0          0         68   _sputc.o
        64          0          0          0          0         92   _wcrtomb.o
       220          4        148          0          0         96   bigflt0.o
      1910        128          0          0          0        672   btod.o
        36          4          0          0          0         76   c89vsprintf.o
        18          0          0          0          0         80   exit.o
         8          0          0          0          0         68   ferror.o
         6          0          0          0          0        152   heapauxi.o
        44         10        272          0          0         76   lc_ctype_c.o
        44         10         28          0          0         76   lc_numeric_c.o
         2          0          0          0          0          0   libinit.o
        30          0          0          0          0          0   libinit2.o
         2          0          0          0          0          0   libshutdown.o
         2          0          0          0          0          0   libshutdown2.o
         8          4          0          0         96         68   libspace.o
       138          0          0          0          0         80   lludiv10.o
       238          0          0          0          0        100   lludivv7m.o
        16          4          0          0          0         76   rt_ctype_table.o
         8          4          0          0          0         68   rt_locale_intlibspace.o
         2          0          0          0          0          0   rtexit.o
        10          0          0          0          0          0   rtexit2.o
       128          0          0          0          0         68   strcmpv7m.o
        62          0          0          0          0         76   strlen.o
        36          0          0          0          0         80   strstr.o
        74          0          0          0          0         80   sys_stackheap_outer.o
         2          0          0          0          0         68   use_no_semi.o
         2          0          0          0          0         68   use_no_semi_2.o
         4          0          0          0          0         68   printf1.o
         0          0          0          0          0          0   usenofp.o
        40          0          0          0          0         68   fpclassify.o

    ----------------------------------------------------------------------
      6452        266        516          0         96       4500   Library Totals
        18          0          3          0          0          0   (incl. Padding)

    ----------------------------------------------------------------------

      Code (inc. data)   RO Data    RW Data    ZI Data      Debug   Library Name

      6390        266        513          0         96       4364   c_w.l
         4          0          0          0          0         68   fz_ws.l
        40          0          0          0          0         68   m_ws.l

    ----------------------------------------------------------------------
      6452        266        516          0         96       4500   Library Totals

    ----------------------------------------------------------------------

==============================================================================


      Code (inc. data)   RO Data    RW Data    ZI Data      Debug   

     62832       4060       7868        352    1071472     594367   Grand Totals
     62832       4060       7868         36    1071472     594367   ELF Image Totals (compressed)
     62832       4060       7868         36          0          0   ROM Totals

==============================================================================

    Total RO  Size (Code + RO Data)                70700 (  69.04kB)
    Total RW  Size (RW Data + ZI Data)           1071824 (1046.70kB)
    Total ROM Size (Code + RO Data + RW Data)      70736 (  69.08kB)

==============================================================================

