<html>
<body>
<pre>
<h1>µVision Build Log</h1>
<h2>Tool Versions:</h2>
IDE-Version: ¦ÌVision V5.21.1.0
Copyright (C) 2016 ARM Ltd and ARM Germany GmbH. All rights reserved.
License Information: nano 621, 621, LIC=YA3Y8-39HW6-DKYBN-Y5XUV-V3YTX-3QMUK
 
Tool Versions:
Toolchain:       MDK-ARM Plus  Version: 5.21a
Toolchain Path:  D:\Keil5\ARM\ARMCC\Bin
C Compiler:      Armcc.exe V5.06 update 3 (build 300)
Assembler:       Armasm.exe V5.06 update 3 (build 300)
Linker/Locator:  ArmLink.exe V5.06 update 3 (build 300)
Library Manager: ArmAr.exe V5.06 update 3 (build 300)
Hex Converter:   FromElf.exe V5.06 update 3 (build 300)
CPU DLL:         SARMCM3.DLL V5.21a
Dialog DLL:      DCM.DLL V1.13.8.0
Target DLL:      STLink\ST-LINKIII-KEIL_SWO.dll V2.0.18.0
Dialog DLL:      TCM.DLL V1.14.14.0
 
<h2>Project:</h2>
C:\Users\nano\Desktop\code\MedicalDeviceHeart\USER\Template.uvprojx
Project File Date:  02/19/2021

<h2>Output:</h2>
*** Using Compiler 'V5.06 update 3 (build 300)', folder: 'D:\Keil5\ARM\ARMCC\Bin'
Build target 'Target 1'
compiling main.c...
main.c(389): warning:  #167-D: argument of type "char *" is incompatible with parameter of type "const u8 *"
          OLED_ShowString(30, 20, hr, 12);   
main.c(390): warning:  #167-D: argument of type "char *" is incompatible with parameter of type "const u8 *"
          OLED_ShowString(120, 20, hrValid, 12); 
main.c(391): warning:  #167-D: argument of type "char *" is incompatible with parameter of type "const u8 *"
          OLED_ShowString(42, 35, spo2, 12);   
main.c(392): warning:  #167-D: argument of type "char *" is incompatible with parameter of type "const u8 *"
          OLED_ShowString(120, 35, spo2Valid, 12);
main.c(403): warning:  #177-D: variable "err" was declared but never referenced
  	OS_ERR err;
main.c(453): warning:  #177-D: variable "err" was declared but never referenced
  	OS_ERR err;
main.c: 6 warnings, 0 errors
linking...
Program Size: Code=62832 RO-data=7868 RW-data=352 ZI-data=1071472  
FromELF: creating hex file...
"..\OBJ\MALLOC.axf" - 0 Error(s), 6 Warning(s).

<h2>Collection of Component include folders:</h2>
  C:\Users\nano\Desktop\code\MedicalDeviceHeart\USER\RTE
  D:\Keil5\ARM\PACK\Keil\STM32F1xx_DFP\2.2.0\Device\Include

<h2>Collection of Component Files used:</h2>
Build Time Elapsed:  00:00:06
</pre>
</body>
</html>
