Component: ARM Compiler 5.06 update 3 (build 300) Tool: armlink [4d35c9]

==============================================================================

Section Cross References

    main.o(.text) refers to _printf_percent.o(.ARM.Collect$$_printf_percent$$00000000) for _printf_percent
    main.o(.text) refers to _printf_i.o(.ARM.Collect$$_printf_percent$$00000008) for _printf_i
    main.o(.text) refers to _printf_dec.o(.text) for _printf_int_dec
    main.o(.text) refers to _printf_s.o(.ARM.Collect$$_printf_percent$$00000014) for _printf_s
    main.o(.text) refers to _printf_str.o(.text) for _printf_str
    main.o(.text) refers to __2printf.o(.text) for __2printf
    main.o(.text) refers to delay.o(.text) for delay_ms
    main.o(.text) refers to myiic.o(.text) for max30102_FIFO_ReadBytes
    main.o(.text) refers to algorithm.o(.text) for maxim_heart_rate_and_oxygen_saturation
    main.o(.text) refers to fflt_clz.o(x$fpl$ffltu) for __aeabi_ui2f
    main.o(.text) refers to fdiv.o(x$fpl$fdiv) for __aeabi_fdiv
    main.o(.text) refers to fmul.o(x$fpl$fmul) for __aeabi_fmul
    main.o(.text) refers to ffix.o(x$fpl$ffix) for __aeabi_f2iz
    main.o(.text) refers to usart2.o(.text) for u2_printf
    main.o(.text) refers to main.o(.data) for i
    main.o(.text) refers to main.o(.bss) for aun_red_buffer
    main.o(.text) refers to usart2.o(.data) for USART2_RX_STA
    main.o(.text) refers to usart2.o(.bss) for USART2_RX_BUF
    main.o(.text) refers to os_time.o(.text) for OSTimeDlyHMSM
    main.o(.text) refers to cpu_core.o(.text) for CPU_Init
    main.o(.text) refers to os_stat.o(.text) for OSStatTaskCPUUsageInit
    main.o(.text) refers to os_core.o(.text) for OSSchedRoundRobinCfg
    main.o(.text) refers to cpu_a.o(.text) for CPU_SR_Save
    main.o(.text) refers to os_task.o(.text) for OSTaskCreate
    main.o(.text) refers to misc.o(.text) for NVIC_PriorityGroupConfig
    main.o(.text) refers to usart.o(.text) for uart_init
    main.o(.text) refers to led.o(.text) for LED_Init
    main.o(.text) refers to adc.o(.text) for Adc_Init
    main.o(.text) refers to os_var.o(.data) for OSSchedLockNestingCtr
    system_stm32f10x.o(.text) refers to system_stm32f10x.o(.data) for SystemCoreClock
    led.o(.text) refers to stm32f10x_rcc.o(.text) for RCC_APB2PeriphClockCmd
    led.o(.text) refers to stm32f10x_gpio.o(.text) for GPIO_Init
    usart2.o(.text) refers to stm32f10x_tim.o(.text) for TIM_SetCounter
    usart2.o(.text) refers to stm32f10x_usart.o(.text) for USART_GetITStatus
    usart2.o(.text) refers to stm32f10x_rcc.o(.text) for RCC_APB1PeriphClockCmd
    usart2.o(.text) refers to misc.o(.text) for NVIC_Init
    usart2.o(.text) refers to stm32f10x_dma.o(.text) for DMA_DeInit
    usart2.o(.text) refers to stm32f10x_gpio.o(.text) for GPIO_Init
    usart2.o(.text) refers to c89vsprintf.o(.text) for __c89vsprintf
    usart2.o(.text) refers to strlen.o(.text) for strlen
    usart2.o(.text) refers to usart2.o(.data) for USART2_RX_STA
    usart2.o(.text) refers to usart2.o(.bss) for USART2_RX_BUF
    key.o(.text) refers to stm32f10x_rcc.o(.text) for RCC_APB2PeriphClockCmd
    key.o(.text) refers to stm32f10x_gpio.o(.text) for GPIO_PinRemapConfig
    key.o(.text) refers to delay.o(.text) for delay_ms
    key.o(.text) refers to key.o(.data) for key_up
    usart3.o(.text) refers to stm32f10x_tim.o(.text) for TIM_SetCounter
    usart3.o(.text) refers to stm32f10x_usart.o(.text) for USART_GetITStatus
    usart3.o(.text) refers to stm32f10x_rcc.o(.text) for RCC_APB1PeriphClockCmd
    usart3.o(.text) refers to misc.o(.text) for NVIC_Init
    usart3.o(.text) refers to stm32f10x_dma.o(.text) for DMA_DeInit
    usart3.o(.text) refers to stm32f10x_gpio.o(.text) for GPIO_Init
    usart3.o(.text) refers to c89vsprintf.o(.text) for __c89vsprintf
    usart3.o(.text) refers to strlen.o(.text) for strlen
    usart3.o(.text) refers to usart3.o(.data) for USART3_RX_STA
    usart3.o(.text) refers to usart3.o(.bss) for USART3_RX_BUF
    myiic.o(.text) refers to stm32f10x_rcc.o(.text) for RCC_APB2PeriphClockCmd
    myiic.o(.text) refers to stm32f10x_gpio.o(.text) for GPIO_Init
    myiic.o(.text) refers to delay.o(.text) for delay_us
    algorithm.o(.text) refers to algorithm.o(.bss) for an_x
    algorithm.o(.text) refers to algorithm.o(.constdata) for auw_hamm
    delay.o(.text) refers to os_core.o(.text) for OSSchedLock
    delay.o(.text) refers to os_time.o(.text) for OSTimeDly
    delay.o(.text) refers to misc.o(.text) for SysTick_CLKSourceConfig
    delay.o(.text) refers to os_var.o(.data) for OSRunning
    delay.o(.text) refers to system_stm32f10x.o(.data) for SystemCoreClock
    delay.o(.text) refers to delay.o(.data) for fac_us
    delay.o(.text) refers to os_cfg_app.o(.constdata) for OSCfg_TickRate_Hz
    usart.o(.text) refers (Special) to use_no_semi_2.o(.text) for __use_no_semihosting
    usart.o(.text) refers to stm32f10x_rcc.o(.text) for RCC_APB2PeriphClockCmd
    usart.o(.text) refers to stm32f10x_usart.o(.text) for USART_DeInit
[...]
    TIM_GetCounter                           0x08003d67   Thumb Code     6  stm32f10x_tim.o(.text)
    TIM_GetPrescaler                         0x08003d6d   Thumb Code     6  stm32f10x_tim.o(.text)
    TIM_GetFlagStatus                        0x08003d73   Thumb Code    18  stm32f10x_tim.o(.text)
    TIM_ClearFlag                            0x08003d85   Thumb Code     6  stm32f10x_tim.o(.text)
    TIM_GetITStatus                          0x08003d8b   Thumb Code    34  stm32f10x_tim.o(.text)
    TIM_ClearITPendingBit                    0x08003dad   Thumb Code     6  stm32f10x_tim.o(.text)
    ADC_DeInit                               0x08003db5   Thumb Code    78  stm32f10x_adc.o(.text)
    ADC_Init                                 0x08003e03   Thumb Code    70  stm32f10x_adc.o(.text)
    ADC_StructInit                           0x08003e49   Thumb Code    18  stm32f10x_adc.o(.text)
    ADC_Cmd                                  0x08003e5b   Thumb Code    22  stm32f10x_adc.o(.text)
    ADC_DMACmd                               0x08003e71   Thumb Code    22  stm32f10x_adc.o(.text)
    ADC_ITConfig                             0x08003e87   Thumb Code    24  stm32f10x_adc.o(.text)
    ADC_ResetCalibration                     0x08003e9f   Thumb Code    10  stm32f10x_adc.o(.text)
    ADC_GetResetCalibrationStatus            0x08003ea9   Thumb Code    20  stm32f10x_adc.o(.text)
    ADC_StartCalibration                     0x08003ebd   Thumb Code    10  stm32f10x_adc.o(.text)
    ADC_GetCalibrationStatus                 0x08003ec7   Thumb Code    20  stm32f10x_adc.o(.text)
    ADC_SoftwareStartConvCmd                 0x08003edb   Thumb Code    22  stm32f10x_adc.o(.text)
    ADC_GetSoftwareStartConvStatus           0x08003ef1   Thumb Code    20  stm32f10x_adc.o(.text)
    ADC_DiscModeChannelCountConfig           0x08003f05   Thumb Code    24  stm32f10x_adc.o(.text)
    ADC_DiscModeCmd                          0x08003f1d   Thumb Code    22  stm32f10x_adc.o(.text)
    ADC_RegularChannelConfig                 0x08003f33   Thumb Code   184  stm32f10x_adc.o(.text)
    ADC_ExternalTrigConvCmd                  0x08003feb   Thumb Code    22  stm32f10x_adc.o(.text)
    ADC_GetConversionValue                   0x08004001   Thumb Code     8  stm32f10x_adc.o(.text)
    ADC_GetDualModeConversionValue           0x08004009   Thumb Code     8  stm32f10x_adc.o(.text)
    ADC_AutoInjectedConvCmd                  0x08004011   Thumb Code    22  stm32f10x_adc.o(.text)
    ADC_InjectedDiscModeCmd                  0x08004027   Thumb Code    22  stm32f10x_adc.o(.text)
    ADC_ExternalTrigInjectedConvConfig       0x0800403d   Thumb Code    16  stm32f10x_adc.o(.text)
    ADC_ExternalTrigInjectedConvCmd          0x0800404d   Thumb Code    22  stm32f10x_adc.o(.text)
    ADC_SoftwareStartInjectedConvCmd         0x08004063   Thumb Code    22  stm32f10x_adc.o(.text)
    ADC_GetSoftwareStartInjectedConvCmdStatus 0x08004079   Thumb Code    20  stm32f10x_adc.o(.text)
    ADC_InjectedChannelConfig                0x0800408d   Thumb Code   130  stm32f10x_adc.o(.text)
    ADC_InjectedSequencerLengthConfig        0x0800410f   Thumb Code    24  stm32f10x_adc.o(.text)
    ADC_SetInjectedOffset                    0x08004127   Thumb Code    20  stm32f10x_adc.o(.text)
    ADC_GetInjectedConversionValue           0x0800413b   Thumb Code    28  stm32f10x_adc.o(.text)
    ADC_AnalogWatchdogCmd                    0x08004157   Thumb Code    16  stm32f10x_adc.o(.text)
    ADC_AnalogWatchdogThresholdsConfig       0x08004167   Thumb Code     6  stm32f10x_adc.o(.text)
    ADC_AnalogWatchdogSingleChannelConfig    0x0800416d   Thumb Code    16  stm32f10x_adc.o(.text)
    ADC_TempSensorVrefintCmd                 0x0800417d   Thumb Code    64  stm32f10x_adc.o(.text)
    ADC_GetFlagStatus                        0x080041bd   Thumb Code    18  stm32f10x_adc.o(.text)
    ADC_ClearFlag                            0x080041cf   Thumb Code     6  stm32f10x_adc.o(.text)
    ADC_GetITStatus                          0x080041d5   Thumb Code    36  stm32f10x_adc.o(.text)
    ADC_ClearITPendingBit                    0x080041f9   Thumb Code    10  stm32f10x_adc.o(.text)
    BSP_CPU_ClkFreq                          0x08004205   Thumb Code    16  bsp.o(.text)
    CPU_TS_TmrInit                           0x08004215   Thumb Code    44  bsp.o(.text)
    CPU_TS_TmrRd                             0x08004241   Thumb Code     6  bsp.o(.text)
    CPU_TS32_to_uSec                         0x08004247   Thumb Code    54  bsp.o(.text)
    CPU_NameClr                              0x08004289   Thumb Code    42  cpu_core.o(.text)
    CPU_Init                                 0x080042c9   Thumb Code    12  cpu_core.o(.text)
    CPU_SW_Exception                         0x080042d5   Thumb Code     4  cpu_core.o(.text)
    CPU_NameGet                              0x080042d9   Thumb Code    70  cpu_core.o(.text)
    CPU_NameSet                              0x0800431f   Thumb Code    96  cpu_core.o(.text)
    CPU_TS_Get32                             0x0800437f   Thumb Code    12  cpu_core.o(.text)
    CPU_TS_Update                            0x0800438b   Thumb Code     2  cpu_core.o(.text)
    CPU_TS_TmrFreqGet                        0x0800438d   Thumb Code    30  cpu_core.o(.text)
    CPU_TS_TmrFreqSet                        0x080043ab   Thumb Code     6  cpu_core.o(.text)
    CPU_CntLeadZeros08                       0x080043b1   Thumb Code    18  cpu_core.o(.text)
    CPU_CntLeadZeros16                       0x080043c3   Thumb Code    18  cpu_core.o(.text)
    CPU_CntLeadZeros32                       0x080043d5   Thumb Code    18  cpu_core.o(.text)
    CPU_CntLeadZeros64                       0x080043e7   Thumb Code   188  cpu_core.o(.text)
    CPU_CntTrailZeros08                      0x080044a3   Thumb Code    22  cpu_core.o(.text)
    CPU_CntTrailZeros16                      0x080044b9   Thumb Code    22  cpu_core.o(.text)
    CPU_CntTrailZeros32                      0x080044cf   Thumb Code    22  cpu_core.o(.text)
    CPU_CntTrailZeros64                      0x080044e5   Thumb Code    62  cpu_core.o(.text)
    CPU_IntDis                               0x08004531   Thumb Code     0  cpu_a.o(.text)
    CPU_IntEn                                0x08004535   Thumb Code     0  cpu_a.o(.text)
    CPU_SR_Save                              0x08004539   Thumb Code     0  cpu_a.o(.text)
    CPU_SR_Restore                           0x08004541   Thumb Code     0  cpu_a.o(.text)
    CPU_WaitForInt                           0x08004547   Thumb Code     0  cpu_a.o(.text)
    CPU_WaitForExcept                        0x0800454b   Thumb Code     0  cpu_a.o(.text)
    CPU_CntLeadZeros                         0x0800454f   Thumb Code     0  cpu_a.o(.text)
    CPU_CntTrailZeros                        0x08004555   Thumb Code     0  cpu_a.o(.text)
    CPU_RevBits                              0x0800455f   Thumb Code     0  cpu_a.o(.text)
    ASCII_IsAlpha                            0x08004565   Thumb Code    48  lib_ascii.o(.text)
    ASCII_IsAlphaNum                         0x08004595   Thumb Code    76  lib_ascii.o(.text)
    ASCII_IsLower                            0x080045e1   Thumb Code    20  lib_ascii.o(.text)
    ASCII_IsUpper                            0x080045f5   Thumb Code    20  lib_ascii.o(.text)
    ASCII_IsDig                              0x08004609   Thumb Code    20  lib_ascii.o(.text)
    ASCII_IsDigOct                           0x0800461d   Thumb Code    20  lib_ascii.o(.text)
    ASCII_IsDigHex                           0x08004631   Thumb Code    36  lib_ascii.o(.text)
    ASCII_IsBlank                            0x08004655   Thumb Code    20  lib_ascii.o(.text)
    ASCII_IsSpace                            0x08004669   Thumb Code    36  lib_ascii.o(.text)
    ASCII_IsPrint                            0x0800468d   Thumb Code    20  lib_ascii.o(.text)
    ASCII_IsGraph                            0x080046a1   Thumb Code    20  lib_ascii.o(.text)
    ASCII_IsPunct                            0x080046b5   Thumb Code   134  lib_ascii.o(.text)
    ASCII_IsCtrl                             0x0800473b   Thumb Code    26  lib_ascii.o(.text)
    ASCII_ToLower                            0x08004755   Thumb Code    32  lib_ascii.o(.text)
    ASCII_ToUpper                            0x08004775   Thumb Code    32  lib_ascii.o(.text)
    ASCII_Cmp                                0x08004795   Thumb Code    38  lib_ascii.o(.text)
    Mem_Init                                 0x080047bd   Thumb Code    54  lib_mem.o(.text)
    Mem_Set                                  0x080047f3   Thumb Code    84  lib_mem.o(.text)
    Mem_Clr                                  0x08004847   Thumb Code    18  lib_mem.o(.text)
    Mem_Move                                 0x08004859   Thumb Code   186  lib_mem.o(.text)
    Mem_Cmp                                  0x08004913   Thumb Code   192  lib_mem.o(.text)
    Mem_HeapAlloc                            0x08004a4b   Thumb Code   168  lib_mem.o(.text)
    Mem_SegGetSizeRem                        0x08004af3   Thumb Code   108  lib_mem.o(.text)
    Mem_HeapGetSizeRem                       0x08004b5f   Thumb Code    22  lib_mem.o(.text)
    Mem_PoolClr                              0x08004b75   Thumb Code    80  lib_mem.o(.text)
    Mem_PoolCreate                           0x08004bc5   Thumb Code   838  lib_mem.o(.text)
    Mem_PoolBlkGetNbrAvail                   0x08004f0b   Thumb Code    52  lib_mem.o(.text)
    Mem_PoolBlkGet                           0x08004f3f   Thumb Code   126  lib_mem.o(.text)
    Mem_PoolBlkGetUsedAtIx                   0x08004fbd   Thumb Code   140  lib_mem.o(.text)
    Mem_PoolBlkFree                          0x08005049   Thumb Code   152  lib_mem.o(.text)
    Mem_PoolBlkIxGet                         0x080050e1   Thumb Code   162  lib_mem.o(.text)
    Str_Len_N                                0x08005185   Thumb Code    28  lib_str.o(.text)
    Str_Len                                  0x080051a1   Thumb Code    20  lib_str.o(.text)
    Str_Copy_N                               0x080051b5   Thumb Code    70  lib_str.o(.text)
    Str_Copy                                 0x080051fb   Thumb Code    24  lib_str.o(.text)
    Str_Cat_N                                0x08005213   Thumb Code    90  lib_str.o(.text)
    Str_Cat                                  0x0800526d   Thumb Code    24  lib_str.o(.text)
    Str_Cmp_N                                0x08005285   Thumb Code   156  lib_str.o(.text)
    Str_Cmp                                  0x08005321   Thumb Code    24  lib_str.o(.text)
    Str_CmpIgnoreCase_N                      0x08005339   Thumb Code   264  lib_str.o(.text)
    Str_CmpIgnoreCase                        0x08005441   Thumb Code    24  lib_str.o(.text)
    Str_Char_N                               0x08005459   Thumb Code    74  lib_str.o(.text)
    Str_Char                                 0x080054a3   Thumb Code    24  lib_str.o(.text)
    Str_Char_Last_N                          0x080054bb   Thumb Code    76  lib_str.o(.text)
    Str_Char_Last                            0x08005507   Thumb Code    24  lib_str.o(.text)
    Str_Char_Replace_N                       0x0800551f   Thumb Code    52  lib_str.o(.text)
    Str_Char_Replace                         0x08005553   Thumb Code    28  lib_str.o(.text)
    Str_Str_N                                0x0800556f   Thumb Code   182  lib_str.o(.text)
    Str_Str                                  0x08005625   Thumb Code    24  lib_str.o(.text)
    Str_FmtNbr_Int32U                        0x08005819   Thumb Code    46  lib_str.o(.text)
    Str_FmtNbr_Int32S                        0x08005847   Thumb Code    62  lib_str.o(.text)
    Str_ParseNbr_Int32U                      0x08005a43   Thumb Code    30  lib_str.o(.text)
    Str_ParseNbr_Int32S                      0x08005a61   Thumb Code    74  lib_str.o(.text)
    Mem_Copy                                 0x08005ab1   Thumb Code     0  lib_mem_a.o(.text)
    OSCfg_Init                               0x08005cd1   Thumb Code    86  os_cfg_app.o(.text)
    OS_IdleTask                              0x08005dcd   Thumb Code    60  os_core.o(.text)
    OS_IdleTaskInit                          0x08005e09   Thumb Code    68  os_core.o(.text)
    OS_RdyListInit                           0x08005e4d   Thumb Code    32  os_core.o(.text)
    OSInit                                   0x08005e6d   Thumb Code   300  os_core.o(.text)
    OSIntEnter                               0x08005f99   Thumb Code    34  os_core.o(.text)
    OSIntExit                                0x08005fbb   Thumb Code   192  os_core.o(.text)
    OSSched                                  0x0800607b   Thumb Code   134  os_core.o(.text)
    OS_SchedLockTimeMeasStart                0x08006101   Thumb Code    20  os_core.o(.text)
    OSSchedLock                              0x08006115   Thumb Code   104  os_core.o(.text)
    OS_SchedLockTimeMeasStop                 0x0800617d   Thumb Code    44  os_core.o(.text)
    OSSchedUnlock                            0x080061a9   Thumb Code   290  os_core.o(.text)
    OSSchedRoundRobinCfg                     0x080062cb   Thumb Code    88  os_core.o(.text)
    OS_RdyListMoveHeadToTail                 0x08006323   Thumb Code    68  os_core.o(.text)
    OSSchedRoundRobinYield                   0x08006367   Thumb Code   164  os_core.o(.text)
    OSStart                                  0x0800640b   Thumb Code    78  os_core.o(.text)
    OSVersion                                0x08006459   Thumb Code    12  os_core.o(.text)
    OS_PendDbgNameAdd                        0x08006465   Thumb Code    66  os_core.o(.text)
    OS_PendListInsertPrio                    0x080064a7   Thumb Code   102  os_core.o(.text)
    OS_PendDataInit                          0x0800650d   Thumb Code    38  os_core.o(.text)
    OS_RdyListRemove                         0x08006533   Thumb Code    86  os_core.o(.text)
    OS_TaskBlock                             0x08006589   Thumb Code    56  os_core.o(.text)
    OS_Pend                                  0x080065c1   Thumb Code    98  os_core.o(.text)
    OS_PendListRemove1                       0x08006623   Thumb Code   134  os_core.o(.text)
    OS_PendListRemove                        0x080066a9   Thumb Code    48  os_core.o(.text)
    OS_PendAbort1                            0x080066d9   Thumb Code    36  os_core.o(.text)
    OS_RdyListInsertHead                     0x080066fd   Thumb Code    58  os_core.o(.text)
    OS_RdyListInsertTail                     0x08006737   Thumb Code    56  os_core.o(.text)
    OS_RdyListInsert                         0x0800676f   Thumb Code    40  os_core.o(.text)
    OS_TaskRdy                               0x08006797   Thumb Code    28  os_core.o(.text)
    OS_PendAbort                             0x080067b3   Thumb Code   166  os_core.o(.text)
    OS_PendDbgNameRemove                     0x08006859   Thumb Code    34  os_core.o(.text)
    OS_PendListChangePrio                    0x0800687b   Thumb Code    70  os_core.o(.text)
    OS_PendListInit                          0x080068c1   Thumb Code    10  os_core.o(.text)
    OS_PendListInsertHead                    0x080068cb   Thumb Code    32  os_core.o(.text)
    OS_PendObjDel1                           0x080068eb   Thumb Code    36  os_core.o(.text)
    OS_PendObjDel                            0x0800690f   Thumb Code   162  os_core.o(.text)
    OS_Post1                                 0x080069b1   Thumb Code    42  os_core.o(.text)
    OS_Post                                  0x080069db   Thumb Code   192  os_core.o(.text)
    OS_Sched0                                0x08006a9b   Thumb Code   102  os_core.o(.text)
    OS_SchedRoundRobin                       0x08006b01   Thumb Code   190  os_core.o(.text)
    OS_Dbg_Init                              0x08006bd1   Thumb Code   146  os_dbg.o(.text)
    OS_FlagDbgListAdd                        0x08006d81   Thumb Code    38  os_flag.o(.text)
    OSFlagCreate                             0x08006da7   Thumb Code   172  os_flag.o(.text)
    OS_FlagClr                               0x08006e53   Thumb Code    28  os_flag.o(.text)
    OS_FlagDbgListRemove                     0x08006e6f   Thumb Code    44  os_flag.o(.text)
    OSFlagDel                                0x08006e9b   Thumb Code   594  os_flag.o(.text)
    OS_FlagBlock                             0x080070ed   Thumb Code    58  os_flag.o(.text)
    OSFlagPend                               0x08007127   Thumb Code  1488  os_flag.o(.text)
    OSFlagPendAbort                          0x080076f7   Thumb Code   292  os_flag.o(.text)
    OSFlagPendGetFlagsRdy                    0x0800781b   Thumb Code    68  os_flag.o(.text)
    OS_FlagTaskRdy                           0x0800785f   Thumb Code    86  os_flag.o(.text)
    OS_FlagPost                              0x080078b5   Thumb Code   570  os_flag.o(.text)
    OSFlagPost                               0x08007aef   Thumb Code   146  os_flag.o(.text)
    OS_FlagInit                              0x08007b81   Thumb Code    14  os_flag.o(.text)
    OS_IntQPost                              0x08007ba9   Thumb Code   216  os_int.o(.text)
    OS_IntQRePost                            0x08007c81   Thumb Code   360  os_int.o(.text)
    OS_IntQTask                              0x08007de9   Thumb Code   162  os_int.o(.text)
    OS_IntQTaskInit                          0x08007e8b   Thumb Code   208  os_int.o(.text)
    OS_MemDbgListAdd                         0x08007fed   Thumb Code    34  os_mem.o(.text)
    OSMemCreate                              0x0800800f   Thumb Code   288  os_mem.o(.text)
    OSMemGet                                 0x0800812f   Thumb Code   100  os_mem.o(.text)
    OSMemPut                                 0x08008193   Thumb Code   112  os_mem.o(.text)
    OS_MemInit                               0x08008203   Thumb Code    14  os_mem.o(.text)
    OS_MsgPoolCreate                         0x08008225   Thumb Code    54  os_msg.o(.text)
    OS_MsgPoolInit                           0x0800825b   Thumb Code    70  os_msg.o(.text)
    OS_MsgQFreeAll                           0x080082a1   Thumb Code    62  os_msg.o(.text)
    OS_MsgQInit                              0x080082df   Thumb Code    14  os_msg.o(.text)
    OS_MsgQGet                               0x080082ed   Thumb Code    98  os_msg.o(.text)
    OS_MsgQPut                               0x0800834f   Thumb Code   246  os_msg.o(.text)
    OS_MutexDbgListAdd                       0x08008451   Thumb Code    38  os_mutex.o(.text)
    OSMutexCreate                            0x08008477   Thumb Code   178  os_mutex.o(.text)
    OS_MutexClr                              0x08008529   Thumb Code    38  os_mutex.o(.text)
    OS_MutexDbgListRemove                    0x0800854f   Thumb Code    44  os_mutex.o(.text)
    OSMutexDel                               0x0800857b   Thumb Code   842  os_mutex.o(.text)
    OSMutexPend                              0x080088c5   Thumb Code   706  os_mutex.o(.text)
    OSMutexPendAbort                         0x08008b87   Thumb Code   314  os_mutex.o(.text)
    OSMutexPost                              0x08008cc1   Thumb Code   564  os_mutex.o(.text)
    OS_MutexInit                             0x08008ef5   Thumb Code    14  os_mutex.o(.text)
    OS_PrioInit                              0x08008f25   Thumb Code    20  os_prio.o(.text)
    OS_PrioGetHighest                        0x08008f39   Thumb Code    36  os_prio.o(.text)
    OS_PrioInsert                            0x08008f5d   Thumb Code    32  os_prio.o(.text)
    OS_PrioRemove                            0x08008f7d   Thumb Code    32  os_prio.o(.text)
    OS_QDbgListAdd                           0x08008fa1   Thumb Code    38  os_q.o(.text)
    OSQCreate                                0x08008fc7   Thumb Code   186  os_q.o(.text)
    OS_QClr                                  0x08009081   Thumb Code    40  os_q.o(.text)
    OS_QDbgListRemove                        0x080090a9   Thumb Code    44  os_q.o(.text)
    OSQDel                                   0x080090d5   Thumb Code   362  os_q.o(.text)
    OSQFlush                                 0x0800923f   Thumb Code   210  os_q.o(.text)
    OSQPend                                  0x08009311   Thumb Code   538  os_q.o(.text)
    OSQPendAbort                             0x0800952b   Thumb Code   292  os_q.o(.text)
    OS_QPost                                 0x0800964f   Thumb Code   324  os_q.o(.text)
    OSQPost                                  0x08009793   Thumb Code   198  os_q.o(.text)
    OS_QInit                                 0x08009859   Thumb Code    14  os_q.o(.text)
    OS_SemDbgListAdd                         0x08009879   Thumb Code    38  os_sem.o(.text)
    OSSemCreate                              0x0800989f   Thumb Code   172  os_sem.o(.text)
    OS_SemClr                                0x0800994b   Thumb Code    28  os_sem.o(.text)
    OS_SemDbgListRemove                      0x08009967   Thumb Code    44  os_sem.o(.text)
    OSSemDel                                 0x08009993   Thumb Code   362  os_sem.o(.text)
    OSSemPend                                0x08009afd   Thumb Code   504  os_sem.o(.text)
    OSSemPendAbort                           0x08009cf5   Thumb Code   292  os_sem.o(.text)
    OS_SemPost                               0x08009e19   Thumb Code   350  os_sem.o(.text)
    OSSemPost                                0x08009f77   Thumb Code   144  os_sem.o(.text)
    OSSemSet                                 0x0800a007   Thumb Code   138  os_sem.o(.text)
    OS_SemInit                               0x0800a091   Thumb Code    14  os_sem.o(.text)
    OSStatReset                              0x0800a0a9   Thumb Code   270  os_stat.o(.text)
    OSStatTaskCPUUsageInit                   0x0800a1b7   Thumb Code   212  os_stat.o(.text)
    OS_StatTask                              0x0800a28b   Thumb Code   888  os_stat.o(.text)
    OS_StatTaskInit                          0x0800a603   Thumb Code   138  os_stat.o(.text)
    OSTaskChangePrio                         0x0800a6e1   Thumb Code   416  os_task.o(.text)
    OS_TaskDbgListAdd                        0x0800a881   Thumb Code    42  os_task.o(.text)
    OS_TaskInitTCB                           0x0800a8ab   Thumb Code   186  os_task.o(.text)
    OSTaskCreate                             0x0800a965   Thumb Code   616  os_task.o(.text)
    OS_TaskDbgListRemove                     0x0800abcd   Thumb Code    64  os_task.o(.text)
    OSTaskDel                                0x0800ac0d   Thumb Code   424  os_task.o(.text)
    OSTaskQFlush                             0x0800adb5   Thumb Code   214  os_task.o(.text)
    OSTaskQPend                              0x0800ae8b   Thumb Code   554  os_task.o(.text)
    OSTaskQPendAbort                         0x0800b0b5   Thumb Code   242  os_task.o(.text)
    OS_TaskQPost                             0x0800b1a7   Thumb Code   526  os_task.o(.text)
    OSTaskQPost                              0x0800b3b5   Thumb Code   114  os_task.o(.text)
    OSTaskRegGet                             0x0800b427   Thumb Code    78  os_task.o(.text)
    OSTaskRegGetID                           0x0800b475   Thumb Code    84  os_task.o(.text)
    OSTaskRegSet                             0x0800b4c9   Thumb Code    78  os_task.o(.text)
    OS_TaskResume                            0x0800b517   Thumb Code   314  os_task.o(.text)
    OSTaskResume                             0x0800b651   Thumb Code   112  os_task.o(.text)
    OSTaskSemPend                            0x0800b6c1   Thumb Code   550  os_task.o(.text)
    OSTaskSemPendAbort                       0x0800b8e7   Thumb Code   270  os_task.o(.text)
    OS_TaskSemPost                           0x0800b9f5   Thumb Code  1224  os_task.o(.text)
    OSTaskSemPost                            0x0800bebd   Thumb Code    98  os_task.o(.text)
    OSTaskSemSet                             0x0800bf1f   Thumb Code    80  os_task.o(.text)
    OSTaskStkChk                             0x0800bf6f   Thumb Code   224  os_task.o(.text)
    OS_TaskSuspend                           0x0800c04f   Thumb Code   328  os_task.o(.text)
    OSTaskSuspend                            0x0800c197   Thumb Code    78  os_task.o(.text)
    OSTaskTimeQuantaSet                      0x0800c1e5   Thumb Code    96  os_task.o(.text)
    OS_TaskInit                              0x0800c245   Thumb Code    18  os_task.o(.text)
    OS_TaskReturn                            0x0800c257   Thumb Code    20  os_task.o(.text)
    OS_TickListRemove                        0x0800c295   Thumb Code    56  os_tick.o(.text)
    OS_TickListUpdate                        0x0800c2cd   Thumb Code   480  os_tick.o(.text)
    OS_TickTask                              0x0800c4ad   Thumb Code    38  os_tick.o(.text)
    OS_TickListInit                          0x0800c4d3   Thumb Code    32  os_tick.o(.text)
    OS_TickTaskInit                          0x0800c4f3   Thumb Code   130  os_tick.o(.text)
    OS_TickListInsert                        0x0800c575   Thumb Code   502  os_tick.o(.text)
    OS_TickListResetPeak                     0x0800c76b   Thumb Code    28  os_tick.o(.text)
    OSTimeDly                                0x0800c791   Thumb Code   266  os_time.o(.text)
    OSTimeDlyHMSM                            0x0800c89b   Thumb Code   480  os_time.o(.text)
    OSTimeDlyResume                          0x0800ca7b   Thumb Code   466  os_time.o(.text)
    OSTimeGet                                0x0800cc4d   Thumb Code    46  os_time.o(.text)
    OSTimeSet                                0x0800cc7b   Thumb Code    46  os_time.o(.text)
    OSTimeTick                               0x0800cca9   Thumb Code    54  os_time.o(.text)
    OS_TmrDbgListAdd                         0x0800ccf5   Thumb Code    34  os_tmr.o(.text)
    OSTmrCreate                              0x0800cd17   Thumb Code   248  os_tmr.o(.text)
    OS_TmrClr                                0x0800ce0f   Thumb Code    36  os_tmr.o(.text)
    OS_TmrUnlink                             0x0800ce33   Thumb Code    72  os_tmr.o(.text)
    OS_TmrDbgListRemove                      0x0800ce7b   Thumb Code    44  os_tmr.o(.text)
    OSTmrDel                                 0x0800cea7   Thumb Code   176  os_tmr.o(.text)
    OSTmrRemainGet                           0x0800cf57   Thumb Code   184  os_tmr.o(.text)
    OS_TmrLink                               0x0800d00f   Thumb Code   196  os_tmr.o(.text)
    OSTmrStart                               0x0800d0d3   Thumb Code   210  os_tmr.o(.text)
    OSTmrStateGet                            0x0800d1a5   Thumb Code   134  os_tmr.o(.text)
    OSTmrStop                                0x0800d22b   Thumb Code   232  os_tmr.o(.text)
    OS_TmrTask                               0x0800d313   Thumb Code   176  os_tmr.o(.text)
    OS_TmrInit                               0x0800d3c3   Thumb Code   208  os_tmr.o(.text)
    OS_TmrResetPeak                          0x0800d493   Thumb Code    28  os_tmr.o(.text)
    OSIdleTaskHook                           0x0800d50d   Thumb Code    16  os_cpu_c.o(.text)
    OSInitHook                               0x0800d51d   Thumb Code    42  os_cpu_c.o(.text)
    OSStatTaskHook                           0x0800d547   Thumb Code    16  os_cpu_c.o(.text)
    OSTaskCreateHook                         0x0800d557   Thumb Code    20  os_cpu_c.o(.text)
    OSTaskDelHook                            0x0800d56b   Thumb Code    20  os_cpu_c.o(.text)
    OSTaskReturnHook                         0x0800d57f   Thumb Code    20  os_cpu_c.o(.text)
    OSTaskStkInit                            0x0800d593   Thumb Code   188  os_cpu_c.o(.text)
    OSTaskSwHook                             0x0800d64f   Thumb Code   120  os_cpu_c.o(.text)
    OSTimeTickHook                           0x0800d6c7   Thumb Code    16  os_cpu_c.o(.text)
    OS_CPU_SysTickHandler                    0x0800d6d7   Thumb Code    52  os_cpu_c.o(.text)
    OS_CPU_SysTickInit                       0x0800d70b   Thumb Code    44  os_cpu_c.o(.text)
    Adc_Init                                 0x0800d779   Thumb Code   132  adc.o(.text)
    Get_Adc                                  0x0800d7fd   Thumb Code    46  adc.o(.text)
    Get_Adc_Average                          0x0800d82b   Thumb Code    48  adc.o(.text)
    __use_no_semihosting                     0x0800d865   Thumb Code     2  use_no_semi_2.o(.text)
    __aeabi_uldivmod                         0x0800d867   Thumb Code     0  lludivv7m.o(.text)
    _ll_udiv                                 0x0800d867   Thumb Code   238  lludivv7m.o(.text)
    __c89vsprintf                            0x0800d955   Thumb Code    32  c89vsprintf.o(.text)
    __2printf                                0x0800d979   Thumb Code    20  __2printf.o(.text)
    _printf_str                              0x0800d991   Thumb Code    82  _printf_str.o(.text)
    _printf_int_dec                          0x0800d9e5   Thumb Code   104  _printf_dec.o(.text)
    __printf                                 0x0800da5d   Thumb Code   388  __printf_flags_ss_wp.o(.text)
    strlen                                   0x0800dbe5   Thumb Code    62  strlen.o(.text)
    __use_two_region_memory                  0x0800dc23   Thumb Code     2  heapauxi.o(.text)
    __rt_heap_escrow$2region                 0x0800dc25   Thumb Code     2  heapauxi.o(.text)
    __rt_heap_expand$2region                 0x0800dc27   Thumb Code     2  heapauxi.o(.text)
    __I$use$semihosting                      0x0800dc29   Thumb Code     0  use_no_semi.o(.text)
    __use_no_semihosting_swi                 0x0800dc29   Thumb Code     2  use_no_semi.o(.text)
    _printf_pre_padding                      0x0800dc2b   Thumb Code    44  _printf_pad.o(.text)
    _printf_post_padding                     0x0800dc57   Thumb Code    34  _printf_pad.o(.text)
    _printf_truncate_signed                  0x0800dc79   Thumb Code    18  _printf_truncate.o(.text)
    _printf_truncate_unsigned                0x0800dc8b   Thumb Code    18  _printf_truncate.o(.text)
    _printf_int_common                       0x0800dc9d   Thumb Code   178  _printf_intcommon.o(.text)
    _printf_charcount                        0x0800dd4f   Thumb Code    40  _printf_charcount.o(.text)
    _printf_char_common                      0x0800dd83   Thumb Code    32  _printf_char_common.o(.text)
    _sputc                                   0x0800dda9   Thumb Code    10  _sputc.o(.text)
    _printf_cs_common                        0x0800ddb3   Thumb Code    20  _printf_char.o(.text)
    _printf_char                             0x0800ddc7   Thumb Code    16  _printf_char.o(.text)
    _printf_string                           0x0800ddd7   Thumb Code     8  _printf_char.o(.text)
    _printf_char_file                        0x0800dde1   Thumb Code    32  _printf_char_file.o(.text)
    _printf_wctomb                           0x0800de05   Thumb Code   182  _printf_wctomb.o(.text)
    _printf_longlong_dec                     0x0800dec1   Thumb Code   108  _printf_longlong_dec.o(.text)
    _printf_longlong_oct                     0x0800df3d   Thumb Code    68  _printf_oct_int_ll.o(.text)
    _printf_int_oct                          0x0800df81   Thumb Code    24  _printf_oct_int_ll.o(.text)
    _printf_ll_oct                           0x0800df99   Thumb Code    12  _printf_oct_int_ll.o(.text)
    _printf_longlong_hex                     0x0800dfad   Thumb Code    86  _printf_hex_int_ll_ptr.o(.text)
    _printf_int_hex                          0x0800e003   Thumb Code    28  _printf_hex_int_ll_ptr.o(.text)
    _printf_ll_hex                           0x0800e01f   Thumb Code    12  _printf_hex_int_ll_ptr.o(.text)
    _printf_hex_ptr                          0x0800e02b   Thumb Code    18  _printf_hex_int_ll_ptr.o(.text)
    _ll_udiv10                               0x0800e041   Thumb Code   138  lludiv10.o(.text)
    __lib_sel_fp_printf                      0x0800e0cb   Thumb Code     2  _printf_fp_dec.o(.text)
    _printf_fp_dec_real                      0x0800e279   Thumb Code   620  _printf_fp_dec.o(.text)
    _printf_lcs_common                       0x0800e4e5   Thumb Code    20  _printf_wchar.o(.text)
    _printf_wchar                            0x0800e4f9   Thumb Code    16  _printf_wchar.o(.text)
    _printf_wstring                          0x0800e509   Thumb Code     8  _printf_wchar.o(.text)
    ferror                                   0x0800e511   Thumb Code     8  ferror.o(.text)
    _wcrtomb                                 0x0800e519   Thumb Code    64  _wcrtomb.o(.text)
    __user_setup_stackheap                   0x0800e559   Thumb Code    74  sys_stackheap_outer.o(.text)
    __rt_ctype_table                         0x0800e5a5   Thumb Code    16  rt_ctype_table.o(.text)
    __rt_locale                              0x0800e5b5   Thumb Code     8  rt_locale_intlibspace.o(.text)
    _printf_fp_infnan                        0x0800e5bd   Thumb Code   112  _printf_fp_infnan.o(.text)
    _btod_etento                             0x0800e63d   Thumb Code   216  bigflt0.o(.text)
    exit                                     0x0800e719   Thumb Code    18  exit.o(.text)
    __user_libspace                          0x0800e72d   Thumb Code     8  libspace.o(.text)
    __user_perproc_libspace                  0x0800e72d   Thumb Code     0  libspace.o(.text)
    __user_perthread_libspace                0x0800e72d   Thumb Code     0  libspace.o(.text)
    strcmp                                   0x0800e735   Thumb Code   128  strcmpv7m.o(.text)
    _btod_d2e                                0x0800e7b5   Thumb Code    62  btod.o(CL$$btod_d2e)
    _d2e_denorm_low                          0x0800e7f3   Thumb Code    70  btod.o(CL$$btod_d2e_denorm_low)
    _d2e_norm_op1                            0x0800e839   Thumb Code    96  btod.o(CL$$btod_d2e_norm_op1)
    __btod_div_common                        0x0800e899   Thumb Code   696  btod.o(CL$$btod_div_common)
    _e2e                                     0x0800ebd1   Thumb Code   198  btod.o(CL$$btod_e2e)
    _btod_ediv                               0x0800ec97   Thumb Code    40  btod.o(CL$$btod_ediv)
    _btod_emul                               0x0800ecbf   Thumb Code    40  btod.o(CL$$btod_emul)
    __btod_mult_common                       0x0800ece7   Thumb Code   580  btod.o(CL$$btod_mult_common)
    OSStartHighRdy                           0x0800ef2d   Thumb Code     0  os_cpu_a.o(CODE)
    PendSV_Handler                           0x0800ef63   Thumb Code     0  os_cpu_a.o(CODE)
    __ARM_fpclassify                         0x0800efc5   Thumb Code    40  fpclassify.o(i.__ARM_fpclassify)
    _is_digit                                0x0800efed   Thumb Code    14  __printf_wp.o(i._is_digit)
    _get_lc_numeric                          0x0800effd   Thumb Code    44  lc_numeric_c.o(locale$$code)
    _get_lc_ctype                            0x0800f029   Thumb Code    44  lc_ctype_c.o(locale$$code)
    __aeabi_fdiv                             0x0800f055   Thumb Code     0  fdiv.o(x$fpl$fdiv)
    _fdiv                                    0x0800f055   Thumb Code   384  fdiv.o(x$fpl$fdiv)
    __aeabi_f2iz                             0x0800f1d9   Thumb Code     0  ffix.o(x$fpl$ffix)
    _ffix                                    0x0800f1d9   Thumb Code    54  ffix.o(x$fpl$ffix)
    __aeabi_ui2f                             0x0800f211   Thumb Code     0  fflt_clz.o(x$fpl$ffltu)
    _ffltu                                   0x0800f211   Thumb Code    38  fflt_clz.o(x$fpl$ffltu)
    __aeabi_fmul                             0x0800f239   Thumb Code     0  fmul.o(x$fpl$fmul)
    _fmul                                    0x0800f239   Thumb Code   258  fmul.o(x$fpl$fmul)
    __fpl_fnaninf                            0x0800f33b   Thumb Code   140  fnaninf.o(x$fpl$fnaninf)
    __fpl_fretinf                            0x0800f3c7   Thumb Code    10  fretinf.o(x$fpl$fretinf)
    _printf_fp_dec                           0x0800f3d1   Thumb Code     4  printf1.o(x$fpl$printf1)
    __I$use$fp                               0x0800f3d4   Number         0  usenofp.o(x$fpl$usenofp)
    auw_hamm                                 0x0800f3d4   Data          62  algorithm.o(.constdata)
    uch_spo2_table                           0x0800f412   Data         184  algorithm.o(.constdata)
    CPU_EndiannessTest                       0x0800f5cc   Data           4  cpu_core.o(.constdata)
    OSCfg_IdleTaskStkBasePtr                 0x0800f664   Data           4  os_cfg_app.o(.constdata)
    OSCfg_IdleTaskStkLimit                   0x0800f668   Data           4  os_cfg_app.o(.constdata)
    OSCfg_IdleTaskStkSize                    0x0800f66c   Data           4  os_cfg_app.o(.constdata)
    OSCfg_IdleTaskStkSizeRAM                 0x0800f670   Data           4  os_cfg_app.o(.constdata)
    OSCfg_IntQBasePtr                        0x0800f674   Data           4  os_cfg_app.o(.constdata)
    OSCfg_IntQSize                           0x0800f678   Data           2  os_cfg_app.o(.constdata)
    OSCfg_IntQSizeRAM                        0x0800f67c   Data           4  os_cfg_app.o(.constdata)
    OSCfg_IntQTaskStkBasePtr                 0x0800f680   Data           4  os_cfg_app.o(.constdata)
    OSCfg_IntQTaskStkLimit                   0x0800f684   Data           4  os_cfg_app.o(.constdata)
    OSCfg_IntQTaskStkSize                    0x0800f688   Data           4  os_cfg_app.o(.constdata)
    OSCfg_IntQTaskStkSizeRAM                 0x0800f68c   Data           4  os_cfg_app.o(.constdata)
    OSCfg_ISRStkBasePtr                      0x0800f690   Data           4  os_cfg_app.o(.constdata)
    OSCfg_ISRStkSize                         0x0800f694   Data           4  os_cfg_app.o(.constdata)
    OSCfg_ISRStkSizeRAM                      0x0800f698   Data           4  os_cfg_app.o(.constdata)
    OSCfg_MsgPoolSize                        0x0800f69c   Data           2  os_cfg_app.o(.constdata)
    OSCfg_MsgPoolSizeRAM                     0x0800f6a0   Data           4  os_cfg_app.o(.constdata)
    OSCfg_MsgPoolBasePtr                     0x0800f6a4   Data           4  os_cfg_app.o(.constdata)
    OSCfg_StatTaskPrio                       0x0800f6a8   Data           1  os_cfg_app.o(.constdata)
    OSCfg_StatTaskRate_Hz                    0x0800f6ac   Data           4  os_cfg_app.o(.constdata)
    OSCfg_StatTaskStkBasePtr                 0x0800f6b0   Data           4  os_cfg_app.o(.constdata)
    OSCfg_StatTaskStkLimit                   0x0800f6b4   Data           4  os_cfg_app.o(.constdata)
    OSCfg_StatTaskStkSize                    0x0800f6b8   Data           4  os_cfg_app.o(.constdata)
    OSCfg_StatTaskStkSizeRAM                 0x0800f6bc   Data           4  os_cfg_app.o(.constdata)
    OSCfg_StkSizeMin                         0x0800f6c0   Data           4  os_cfg_app.o(.constdata)
    OSCfg_TickRate_Hz                        0x0800f6c4   Data           4  os_cfg_app.o(.constdata)
    OSCfg_TickTaskPrio                       0x0800f6c8   Data           1  os_cfg_app.o(.constdata)
    OSCfg_TickTaskStkBasePtr                 0x0800f6cc   Data           4  os_cfg_app.o(.constdata)
    OSCfg_TickTaskStkLimit                   0x0800f6d0   Data           4  os_cfg_app.o(.constdata)
    OSCfg_TickTaskStkSize                    0x0800f6d4   Data           4  os_cfg_app.o(.constdata)
    OSCfg_TickTaskStkSizeRAM                 0x0800f6d8   Data           4  os_cfg_app.o(.constdata)
    OSCfg_TickWheelSize                      0x0800f6dc   Data           2  os_cfg_app.o(.constdata)
    OSCfg_TickWheelSizeRAM                   0x0800f6e0   Data           4  os_cfg_app.o(.constdata)
    OSCfg_TmrTaskPrio                        0x0800f6e4   Data           1  os_cfg_app.o(.constdata)
    OSCfg_TmrTaskRate_Hz                     0x0800f6e8   Data           4  os_cfg_app.o(.constdata)
    OSCfg_TmrTaskStkBasePtr                  0x0800f6ec   Data           4  os_cfg_app.o(.constdata)
    OSCfg_TmrTaskStkLimit                    0x0800f6f0   Data           4  os_cfg_app.o(.constdata)
    OSCfg_TmrTaskStkSize                     0x0800f6f4   Data           4  os_cfg_app.o(.constdata)
    OSCfg_TmrTaskStkSizeRAM                  0x0800f6f8   Data           4  os_cfg_app.o(.constdata)
    OSCfg_TmrWheelSize                       0x0800f6fc   Data           2  os_cfg_app.o(.constdata)
    OSCfg_TmrWheelSizeRAM                    0x0800f700   Data           4  os_cfg_app.o(.constdata)
    OSCfg_DataSizeRAM                        0x0800f704   Data           4  os_cfg_app.o(.constdata)
    OSDbg_DbgEn                              0x0800f708   Data           2  os_dbg.o(.constdata)
    OSDbg_ArgChkEn                           0x0800f70a   Data           1  os_dbg.o(.constdata)
    OSDbg_AppHooksEn                         0x0800f70b   Data           1  os_dbg.o(.constdata)
    OSDbg_EndiannessTest                     0x0800f70c   Data           4  os_dbg.o(.constdata)
    OSDbg_CalledFromISRChkEn                 0x0800f710   Data           1  os_dbg.o(.constdata)
    OSDbg_FlagEn                             0x0800f711   Data           1  os_dbg.o(.constdata)
    OSDbg_FlagGrp                            0x0800f714   Data          40  os_dbg.o(.constdata)
    OSDbg_FlagDelEn                          0x0800f73c   Data           1  os_dbg.o(.constdata)
    OSDbg_FlagModeClrEn                      0x0800f73d   Data           1  os_dbg.o(.constdata)
    OSDbg_FlagPendAbortEn                    0x0800f73e   Data           1  os_dbg.o(.constdata)
    OSDbg_FlagGrpSize                        0x0800f740   Data           2  os_dbg.o(.constdata)
    OSDbg_FlagWidth                          0x0800f742   Data           2  os_dbg.o(.constdata)
    OSDbg_IntQ                               0x0800f744   Data           2  os_dbg.o(.constdata)
    OSDbg_ISRPostDeferredEn                  0x0800f746   Data           1  os_dbg.o(.constdata)
    OSDbg_Mem                                0x0800f748   Data          32  os_dbg.o(.constdata)
    OSDbg_MemEn                              0x0800f768   Data           1  os_dbg.o(.constdata)
    OSDbg_MemSize                            0x0800f76a   Data           2  os_dbg.o(.constdata)
    OSDbg_MsgEn                              0x0800f76c   Data           1  os_dbg.o(.constdata)
    OSDbg_MsgSize                            0x0800f76e   Data           2  os_dbg.o(.constdata)
    OSDbg_MsgPoolSize                        0x0800f770   Data           2  os_dbg.o(.constdata)
    OSDbg_MsgQSize                           0x0800f772   Data           2  os_dbg.o(.constdata)
    OSDbg_Mutex                              0x0800f774   Data          44  os_dbg.o(.constdata)
    OSDbg_MutexEn                            0x0800f7a0   Data           1  os_dbg.o(.constdata)
    OSDbg_MutexDelEn                         0x0800f7a1   Data           1  os_dbg.o(.constdata)
    OSDbg_MutexPendAbortEn                   0x0800f7a2   Data           1  os_dbg.o(.constdata)
    OSDbg_MutexSize                          0x0800f7a4   Data           2  os_dbg.o(.constdata)
    OSDbg_ObjTypeChkEn                       0x0800f7a6   Data           1  os_dbg.o(.constdata)
    OSDbg_PendMultiEn                        0x0800f7a7   Data           1  os_dbg.o(.constdata)
    OSDbg_PendDataSize                       0x0800f7a8   Data           2  os_dbg.o(.constdata)
    OSDbg_PendListSize                       0x0800f7aa   Data           2  os_dbg.o(.constdata)
    OSDbg_PendObjSize                        0x0800f7ac   Data           2  os_dbg.o(.constdata)
    OSDbg_PrioMax                            0x0800f7ae   Data           2  os_dbg.o(.constdata)
    OSDbg_PrioTblSize                        0x0800f7b0   Data           2  os_dbg.o(.constdata)
    OSDbg_PtrSize                            0x0800f7b2   Data           2  os_dbg.o(.constdata)
    OSDbg_Q                                  0x0800f7b4   Data          48  os_dbg.o(.constdata)
    OSDbg_QEn                                0x0800f7e4   Data           1  os_dbg.o(.constdata)
    OSDbg_QDelEn                             0x0800f7e5   Data           1  os_dbg.o(.constdata)
    OSDbg_QFlushEn                           0x0800f7e6   Data           1  os_dbg.o(.constdata)
    OSDbg_QPendAbortEn                       0x0800f7e7   Data           1  os_dbg.o(.constdata)
    OSDbg_QSize                              0x0800f7e8   Data           2  os_dbg.o(.constdata)
    OSDbg_SchedRoundRobinEn                  0x0800f7ea   Data           1  os_dbg.o(.constdata)
    OSDbg_Sem                                0x0800f7ec   Data          40  os_dbg.o(.constdata)
    OSDbg_SemEn                              0x0800f814   Data           1  os_dbg.o(.constdata)
    OSDbg_SemDelEn                           0x0800f815   Data           1  os_dbg.o(.constdata)
    OSDbg_SemPendAbortEn                     0x0800f816   Data           1  os_dbg.o(.constdata)
    OSDbg_SemSetEn                           0x0800f817   Data           1  os_dbg.o(.constdata)
    OSDbg_SemSize                            0x0800f818   Data           2  os_dbg.o(.constdata)
    OSDbg_RdyList                            0x0800f81a   Data           2  os_dbg.o(.constdata)
    OSDbg_RdyListSize                        0x0800f81c   Data           4  os_dbg.o(.constdata)
    OSDbg_StkWidth                           0x0800f820   Data           1  os_dbg.o(.constdata)
    OSDbg_StatTaskEn                         0x0800f821   Data           1  os_dbg.o(.constdata)
    OSDbg_StatTaskStkChkEn                   0x0800f822   Data           1  os_dbg.o(.constdata)
    OSDbg_TaskChangePrioEn                   0x0800f823   Data           1  os_dbg.o(.constdata)
    OSDbg_TaskDelEn                          0x0800f824   Data           1  os_dbg.o(.constdata)
    OSDbg_TaskQEn                            0x0800f825   Data           1  os_dbg.o(.constdata)
    OSDbg_TaskQPendAbortEn                   0x0800f826   Data           1  os_dbg.o(.constdata)
    OSDbg_TaskProfileEn                      0x0800f827   Data           1  os_dbg.o(.constdata)
    OSDbg_TaskRegTblSize                     0x0800f828   Data           2  os_dbg.o(.constdata)
    OSDbg_TaskSemPendAbortEn                 0x0800f82a   Data           1  os_dbg.o(.constdata)
    OSDbg_TaskSuspendEn                      0x0800f82b   Data           1  os_dbg.o(.constdata)
    OSDbg_TCBSize                            0x0800f82c   Data           2  os_dbg.o(.constdata)
    OSDbg_TickSpokeSize                      0x0800f82e   Data           2  os_dbg.o(.constdata)
    OSDbg_TimeDlyHMSMEn                      0x0800f830   Data           1  os_dbg.o(.constdata)
    OSDbg_TimeDlyResumeEn                    0x0800f831   Data           1  os_dbg.o(.constdata)
    OSDbg_TLS_TblSize                        0x0800f832   Data           2  os_dbg.o(.constdata)
    OSDbg_Tmr                                0x0800f834   Data          52  os_dbg.o(.constdata)
    OSDbg_TmrEn                              0x0800f868   Data           1  os_dbg.o(.constdata)
    OSDbg_TmrDelEn                           0x0800f869   Data           1  os_dbg.o(.constdata)
    OSDbg_TmrSize                            0x0800f86a   Data           2  os_dbg.o(.constdata)
    OSDbg_TmrSpokeSize                       0x0800f86c   Data           2  os_dbg.o(.constdata)
    OSDbg_VersionNbr                         0x0800f86e   Data           2  os_dbg.o(.constdata)
    OSDbg_DataSize                           0x0800f870   Data           4  os_dbg.o(.constdata)
    Region$$Table$$Base                      0x0800f94c   Number         0  anon$$obj.o(Region$$Table)
    Region$$Table$$Limit                     0x0800f96c   Number         0  anon$$obj.o(Region$$Table)
    __ctype                                  0x0800f995   Data           0  lc_ctype_c.o(locale$$data)
    rlen                                     0x20000000   Data           2  main.o(.data)
    i                                        0x20000004   Data           4  main.o(.data)
    n_ir_buffer_length                       0x20000008   Data           4  main.o(.data)
    n_sp02                                   0x2000000c   Data           4  main.o(.data)
    ch_spo2_valid                            0x20000010   Data           1  main.o(.data)
    n_heart_rate                             0x20000014   Data           4  main.o(.data)
    ch_hr_valid                              0x20000018   Data           1  main.o(.data)
    uch_dummy                                0x20000019   Data           1  main.o(.data)
    un_min                                   0x2000001c   Data           4  main.o(.data)
    un_max                                   0x20000020   Data           4  main.o(.data)
    un_prev_data                             0x20000024   Data           4  main.o(.data)
    n_brightness                             0x20000028   Data           4  main.o(.data)
    f_temp                                   0x2000002c   Data           4  main.o(.data)
    temp_num                                 0x20000030   Data           1  main.o(.data)
    temp                                     0x20000031   Data           6  main.o(.data)
    dis_hr                                   0x20000037   Data           1  main.o(.data)
    dis_spo2                                 0x20000038   Data           1  main.o(.data)
    isSendData                               0x2000003c   Data           4  main.o(.data)
    SystemCoreClock                          0x20000040   Data           4  system_stm32f10x.o(.data)
    AHBPrescTable                            0x20000044   Data          16  system_stm32f10x.o(.data)
    USART2_RX_STA                            0x20000054   Data           2  usart2.o(.data)
    USART3_RX_STA                            0x20000056   Data           2  usart3.o(.data)
    __stdout                                 0x2000005c   Data           4  usart.o(.data)
    USART_RX_STA                             0x20000060   Data           2  usart.o(.data)
    CPU_TS_TmrFreq_Hz                        0x20000078   Data           4  cpu_core.o(.data)
    Mem_PoolTbl                              0x2000007c   Data           4  lib_mem.o(.data)
    OSPrioTbl                                0x20000080   Data           8  os_prio.o(.data)
    OS_AppTaskCreateHookPtr                  0x20000088   Data           4  os_var.o(.data)
    OS_AppTaskDelHookPtr                     0x2000008c   Data           4  os_var.o(.data)
    OS_AppTaskReturnHookPtr                  0x20000090   Data           4  os_var.o(.data)
    OS_AppIdleTaskHookPtr                    0x20000094   Data           4  os_var.o(.data)
    OS_AppStatTaskHookPtr                    0x20000098   Data           4  os_var.o(.data)
    OS_AppTaskSwHookPtr                      0x2000009c   Data           4  os_var.o(.data)
    OS_AppTimeTickHookPtr                    0x200000a0   Data           4  os_var.o(.data)
    OSIdleTaskCtr                            0x200000a4   Data           4  os_var.o(.data)
    OSIntNestingCtr                          0x200000a8   Data           1  os_var.o(.data)
    OSRunning                                0x200000a9   Data           1  os_var.o(.data)
    OSIntQInPtr                              0x200000ac   Data           4  os_var.o(.data)
    OSIntQOutPtr                             0x200000b0   Data           4  os_var.o(.data)
    OSIntQNbrEntries                         0x200000b4   Data           2  os_var.o(.data)
    OSIntQNbrEntriesMax                      0x200000b6   Data           2  os_var.o(.data)
    OSIntQOvfCtr                             0x200000b8   Data           2  os_var.o(.data)
    OSIntQTaskTimeMax                        0x200000bc   Data           4  os_var.o(.data)
    OSFlagDbgListPtr                         0x200000c0   Data           4  os_var.o(.data)
    OSFlagQty                                0x200000c4   Data           2  os_var.o(.data)
    OSMemDbgListPtr                          0x200000c8   Data           4  os_var.o(.data)
    OSMemQty                                 0x200000cc   Data           2  os_var.o(.data)
    OSMutexDbgListPtr                        0x200000d0   Data           4  os_var.o(.data)
    OSMutexQty                               0x200000d4   Data           2  os_var.o(.data)
    OSPrioCur                                0x200000d6   Data           1  os_var.o(.data)
    OSPrioHighRdy                            0x200000d7   Data           1  os_var.o(.data)
    OSPrioSaved                              0x200000d8   Data           1  os_var.o(.data)
    OSQDbgListPtr                            0x200000dc   Data           4  os_var.o(.data)
    OSQQty                                   0x200000e0   Data           2  os_var.o(.data)
    OSSchedLockTimeBegin                     0x200000e4   Data           4  os_var.o(.data)
    OSSchedLockTimeMax                       0x200000e8   Data           4  os_var.o(.data)
    OSSchedLockTimeMaxCur                    0x200000ec   Data           4  os_var.o(.data)
    OSSchedLockNestingCtr                    0x200000f0   Data           1  os_var.o(.data)
    OSSchedRoundRobinDfltTimeQuanta          0x200000f4   Data           4  os_var.o(.data)
    OSSchedRoundRobinEn                      0x200000f8   Data           1  os_var.o(.data)
    OSSemDbgListPtr                          0x200000fc   Data           4  os_var.o(.data)
    OSSemQty                                 0x20000100   Data           2  os_var.o(.data)
    OSStatResetFlag                          0x20000102   Data           1  os_var.o(.data)
    OSStatTaskCPUUsage                       0x20000104   Data           2  os_var.o(.data)
    OSStatTaskCPUUsageMax                    0x20000106   Data           2  os_var.o(.data)
    OSStatTaskCtr                            0x20000108   Data           4  os_var.o(.data)
    OSStatTaskCtrMax                         0x2000010c   Data           4  os_var.o(.data)
    OSStatTaskCtrRun                         0x20000110   Data           4  os_var.o(.data)
    OSStatTaskRdy                            0x20000114   Data           1  os_var.o(.data)
    OSStatTaskTimeMax                        0x20000118   Data           4  os_var.o(.data)
    OSTaskCtxSwCtr                           0x2000011c   Data           4  os_var.o(.data)
    OSTaskDbgListPtr                         0x20000120   Data           4  os_var.o(.data)
    OSTaskQty                                0x20000124   Data           2  os_var.o(.data)
    OSTaskRegNextAvailID                     0x20000126   Data           1  os_var.o(.data)
    OSTickCtr                                0x20000128   Data           4  os_var.o(.data)
    OSTickTaskTimeMax                        0x2000012c   Data           4  os_var.o(.data)
    OSTmrDbgListPtr                          0x20000130   Data           4  os_var.o(.data)
    OSTmrQty                                 0x20000134   Data           2  os_var.o(.data)
    OSTmrTaskTimeMax                         0x20000138   Data           4  os_var.o(.data)
    OSTmrTickCtr                             0x2000013c   Data           4  os_var.o(.data)
    OSTmrUpdateCnt                           0x20000140   Data           4  os_var.o(.data)
    OSTmrUpdateCtr                           0x20000144   Data           4  os_var.o(.data)
    OSTCBCurPtr                              0x20000148   Data           4  os_var.o(.data)
    OSTCBHighRdyPtr                          0x2000014c   Data           4  os_var.o(.data)
    OS_CPU_ExceptStkBase                     0x20000150   Data           4  os_cpu_c.o(.data)
    StartTaskTCB                             0x20000154   Data         196  main.o(.bss)
    START_TASK_STK                           0x20000218   Data        2048  main.o(.bss)
    Led0TaskTCB                              0x20000a18   Data         196  main.o(.bss)
    LED0_TASK_STK                            0x20000adc   Data         512  main.o(.bss)
    CommandTaskTCB                           0x20000cdc   Data         196  main.o(.bss)
    COMMAND_TASK_STK                         0x20000da0   Data         512  main.o(.bss)
    BloodGetTaskTCB                          0x20000fa0   Data         196  main.o(.bss)
    BLOOD_GET_TASK_STK                       0x20001064   Data        2048  main.o(.bss)
    aun_ir_buffer                            0x20001864   Data        2000  main.o(.bss)
    aun_red_buffer                           0x20002034   Data        2000  main.o(.bss)
    str                                      0x20002804   Data         100  main.o(.bss)
    USART2_TX_BUF                            0x20002868   Data        1024  usart2.o(.bss)
    USART2_RX_BUF                            0x20002c68   Data        1024  usart2.o(.bss)
    USART3_TX_BUF                            0x20003068   Data        1024  usart3.o(.bss)
    USART3_RX_BUF                            0x20003468   Data        1024  usart3.o(.bss)
    USART_RX_BUF                             0x20004fc8   Data         200  usart.o(.bss)
    CPU_Name                                 0x20005090   Data          16  cpu_core.o(.bss)
    Mem_PoolHeap                             0x200050a0   Data          72  lib_mem.o(.bss)
    Mem_Heap                                 0x200050e8   Data        1024  lib_mem.o(.bss)
    OSCfg_IdleTaskStk                        0x200054e8   Data         512  os_cfg_app.o(.bss)
    OSCfg_IntQ                               0x200056e8   Data         320  os_cfg_app.o(.bss)
    OSCfg_IntQTaskStk                        0x20005828   Data         512  os_cfg_app.o(.bss)
    OSCfg_ISRStk                             0x20005a28   Data         512  os_cfg_app.o(.bss)
    OSCfg_MsgPool                            0x20005c28   Data        1600  os_cfg_app.o(.bss)
    OSCfg_StatTaskStk                        0x20006268   Data         512  os_cfg_app.o(.bss)
    OSCfg_TickTaskStk                        0x20006468   Data         512  os_cfg_app.o(.bss)
    OSCfg_TickWheel                          0x20006668   Data         136  os_cfg_app.o(.bss)
    OSCfg_TmrTaskStk                         0x200066f0   Data         512  os_cfg_app.o(.bss)
    OSCfg_TmrWheel                           0x200068f0   Data         136  os_cfg_app.o(.bss)
    OSIdleTaskTCB                            0x20006978   Data         196  os_var.o(.bss)
    OSIntQTaskTCB                            0x20006a3c   Data         196  os_var.o(.bss)
    OSMsgPool                                0x20006b00   Data          12  os_var.o(.bss)
    OSRdyList                                0x20006b0c   Data         768  os_var.o(.bss)
    OSStatTaskTCB                            0x20006e0c   Data         196  os_var.o(.bss)
    OSTickTaskTCB                            0x20006ed0   Data         196  os_var.o(.bss)
    OSTmrTaskTCB                             0x20006f94   Data         196  os_var.o(.bss)
    __libspace_start                         0x20007058   Data          96  libspace.o(.bss)
    __temporary_stack_top$libspace           0x200070b8   Data           0  libspace.o(.bss)
    mem2base                                 0x68000000   Data       983040  malloc.o(.ARM.__AT_0x68000000)
    mem2mapbase                              0x680f0000   Data       61440  malloc.o(.ARM.__AT_0x680F0000)



==============================================================================

Memory Map of the image

  Image Entry point : 0x08000131

  Load Region LR_IROM1 (Base: 0x08000000, Size: 0x0000fbec, Max: 0x00040000, ABSOLUTE, COMPRESSED[0x0000fab8])

    Execution Region ER_IROM1 (Base: 0x08000000, Size: 0x0000fa98, Max: 0x00040000, ABSOLUTE)

    Base Addr    Size         Type   Attr      Idx    E Section Name        Object

    0x08000000   0x00000130   Data   RO          398    RESET               startup_stm32f10x_hd.o
    0x08000130   0x00000008   Code   RO         1241  * !!!main             c_w.l(__main.o)
    0x08000138   0x00000034   Code   RO         1560    !!!scatter          c_w.l(__scatter.o)
    0x0800016c   0x0000005a   Code   RO         1558    !!dczerorl2         c_w.l(__dczerorl2.o)
    0x080001c6   0x00000002   PAD
    0x080001c8   0x0000001c   Code   RO         1562    !!handler_zi        c_w.l(__scatter_zi.o)
    0x080001e4   0x00000000   Code   RO         1234    .ARM.Collect$$_printf_percent$$00000000  c_w.l(_printf_percent.o)
    0x080001e4   0x00000006   Code   RO         1315    .ARM.Collect$$_printf_percent$$00000001  c_w.l(_printf_n.o)
    0x080001ea   0x00000006   Code   RO         1317    .ARM.Collect$$_printf_percent$$00000002  c_w.l(_printf_p.o)
    0x080001f0   0x00000006   Code   RO         1321    .ARM.Collect$$_printf_percent$$00000003  c_w.l(_printf_f.o)
    0x080001f6   0x00000006   Code   RO         1322    .ARM.Collect$$_printf_percent$$00000004  c_w.l(_printf_e.o)
    0x080001fc   0x00000006   Code   RO         1323    .ARM.Collect$$_printf_percent$$00000005  c_w.l(_printf_g.o)
    0x08000202   0x00000006   Code   RO         1324    .ARM.Collect$$_printf_percent$$00000006  c_w.l(_printf_a.o)
    0x08000208   0x0000000a   Code   RO         1329    .ARM.Collect$$_printf_percent$$00000007  c_w.l(_printf_ll.o)
    0x08000212   0x00000006   Code   RO         1233    .ARM.Collect$$_printf_percent$$00000008  c_w.l(_printf_i.o)
    0x08000218   0x00000006   Code   RO         1319    .ARM.Collect$$_printf_percent$$00000009  c_w.l(_printf_d.o)
    0x0800021e   0x00000006   Code   RO         1320    .ARM.Collect$$_printf_percent$$0000000A  c_w.l(_printf_u.o)
    0x08000224   0x00000006   Code   RO         1318    .ARM.Collect$$_printf_percent$$0000000B  c_w.l(_printf_o.o)
    0x0800022a   0x00000006   Code   RO         1316    .ARM.Collect$$_printf_percent$$0000000C  c_w.l(_printf_x.o)
    0x08000230   0x00000006   Code   RO         1326    .ARM.Collect$$_printf_percent$$0000000D  c_w.l(_printf_lli.o)
    0x08000236   0x00000006   Code   RO         1327    .ARM.Collect$$_printf_percent$$0000000E  c_w.l(_printf_lld.o)
    0x0800023c   0x00000006   Code   RO         1328    .ARM.Collect$$_printf_percent$$0000000F  c_w.l(_printf_llu.o)
    0x08000242   0x00000006   Code   RO         1333    .ARM.Collect$$_printf_percent$$00000010  c_w.l(_printf_llo.o)
    0x08000248   0x00000006   Code   RO         1334    .ARM.Collect$$_printf_percent$$00000011  c_w.l(_printf_llx.o)
    0x0800024e   0x0000000a   Code   RO         1330    .ARM.Collect$$_printf_percent$$00000012  c_w.l(_printf_l.o)
    0x08000258   0x00000006   Code   RO         1314    .ARM.Collect$$_printf_percent$$00000013  c_w.l(_printf_c.o)
    0x0800025e   0x00000006   Code   RO         1232    .ARM.Collect$$_printf_percent$$00000014  c_w.l(_printf_s.o)
    0x08000264   0x00000006   Code   RO         1331    .ARM.Collect$$_printf_percent$$00000015  c_w.l(_printf_lc.o)
    0x0800026a   0x00000006   Code   RO         1332    .ARM.Collect$$_printf_percent$$00000016  c_w.l(_printf_ls.o)
    0x08000270   0x00000004   Code   RO         1325    .ARM.Collect$$_printf_percent$$00000017  c_w.l(_printf_percent_end.o)
    0x08000274   0x00000002   Code   RO         1423    .ARM.Collect$$libinit$$00000000  c_w.l(libinit.o)
    0x08000276   0x00000000   Code   RO         1445    .ARM.Collect$$libinit$$00000002  c_w.l(libinit2.o)
    0x08000276   0x00000000   Code   RO         1447    .ARM.Collect$$libinit$$00000004  c_w.l(libinit2.o)
    0x08000276   0x00000000   Code   RO         1450    .ARM.Collect$$libinit$$0000000A  c_w.l(libinit2.o)
    0x08000276   0x00000000   Code   RO         1452    .ARM.Collect$$libinit$$0000000C  c_w.l(libinit2.o)
    0x08000276   0x00000000   Code   RO         1454    .ARM.Collect$$libinit$$0000000E  c_w.l(libinit2.o)
    0x08000276   0x00000006   Code   RO         1455    .ARM.Collect$$libinit$$0000000F  c_w.l(libinit2.o)
    0x0800027c   0x00000000   Code   RO         1457    .ARM.Collect$$libinit$$00000011  c_w.l(libinit2.o)
    0x0800027c   0x0000000c   Code   RO         1458    .ARM.Collect$$libinit$$00000012  c_w.l(libinit2.o)
    0x08000288   0x00000000   Code   RO         1459    .ARM.Collect$$libinit$$00000013  c_w.l(libinit2.o)
    0x08000288   0x00000000   Code   RO         1461    .ARM.Collect$$libinit$$00000015  c_w.l(libinit2.o)
    0x08000288   0x0000000a   Code   RO         1462    .ARM.Collect$$libinit$$00000016  c_w.l(libinit2.o)
    0x08000292   0x00000000   Code   RO         1463    .ARM.Collect$$libinit$$00000017  c_w.l(libinit2.o)
    0x08000292   0x00000000   Code   RO         1465    .ARM.Collect$$libinit$$00000019  c_w.l(libinit2.o)
    0x08000292   0x00000000   Code   RO         1467    .ARM.Collect$$libinit$$0000001B  c_w.l(libinit2.o)
    0x08000292   0x00000000   Code   RO         1469    .ARM.Collect$$libinit$$0000001D  c_w.l(libinit2.o)
    0x08000292   0x00000000   Code   RO         1471    .ARM.Collect$$libinit$$0000001F  c_w.l(libinit2.o)
    0x08000292   0x00000000   Code   RO         1473    .ARM.Collect$$libinit$$00000021  c_w.l(libinit2.o)
    0x08000292   0x00000000   Code   RO         1475    .ARM.Collect$$libinit$$00000023  c_w.l(libinit2.o)
    0x08000292   0x00000000   Code   RO         1477    .ARM.Collect$$libinit$$00000025  c_w.l(libinit2.o)
    0x08000292   0x00000000   Code   RO         1481    .ARM.Collect$$libinit$$0000002C  c_w.l(libinit2.o)
    0x08000292   0x00000000   Code   RO         1483    .ARM.Collect$$libinit$$0000002E  c_w.l(libinit2.o)
    0x08000292   0x00000000   Code   RO         1485    .ARM.Collect$$libinit$$00000030  c_w.l(libinit2.o)
    0x08000292   0x00000000   Code   RO         1487    .ARM.Collect$$libinit$$00000032  c_w.l(libinit2.o)
    0x08000292   0x00000002   Code   RO         1488    .ARM.Collect$$libinit$$00000033  c_w.l(libinit2.o)
    0x08000294   0x00000002   Code   RO         1514    .ARM.Collect$$libshutdown$$00000000  c_w.l(libshutdown.o)
    0x08000296   0x00000000   Code   RO         1541    .ARM.Collect$$libshutdown$$00000002  c_w.l(libshutdown2.o)
    0x08000296   0x00000000   Code   RO         1543    .ARM.Collect$$libshutdown$$00000004  c_w.l(libshutdown2.o)
    0x08000296   0x00000000   Code   RO         1546    .ARM.Collect$$libshutdown$$00000007  c_w.l(libshutdown2.o)
    0x08000296   0x00000000   Code   RO         1549    .ARM.Collect$$libshutdown$$0000000A  c_w.l(libshutdown2.o)
    0x08000296   0x00000000   Code   RO         1551    .ARM.Collect$$libshutdown$$0000000C  c_w.l(libshutdown2.o)
    0x08000296   0x00000000   Code   RO         1554    .ARM.Collect$$libshutdown$$0000000F  c_w.l(libshutdown2.o)
    0x08000296   0x00000002   Code   RO         1555    .ARM.Collect$$libshutdown$$00000010  c_w.l(libshutdown2.o)
    0x08000298   0x00000000   Code   RO         1261    .ARM.Collect$$rtentry$$00000000  c_w.l(__rtentry.o)
    0x08000298   0x00000000   Code   RO         1343    .ARM.Collect$$rtentry$$00000002  c_w.l(__rtentry2.o)
    0x08000298   0x00000006   Code   RO         1355    .ARM.Collect$$rtentry$$00000004  c_w.l(__rtentry4.o)
    0x0800029e   0x00000000   Code   RO         1345    .ARM.Collect$$rtentry$$00000009  c_w.l(__rtentry2.o)
    0x0800029e   0x00000004   Code   RO         1346    .ARM.Collect$$rtentry$$0000000A  c_w.l(__rtentry2.o)
    0x080002a2   0x00000000   Code   RO         1348    .ARM.Collect$$rtentry$$0000000C  c_w.l(__rtentry2.o)
    0x080002a2   0x00000008   Code   RO         1349    .ARM.Collect$$rtentry$$0000000D  c_w.l(__rtentry2.o)
    0x080002aa   0x00000002   Code   RO         1431    .ARM.Collect$$rtexit$$00000000  c_w.l(rtexit.o)
    0x080002ac   0x00000000   Code   RO         1490    .ARM.Collect$$rtexit$$00000002  c_w.l(rtexit2.o)
    0x080002ac   0x00000004   Code   RO         1491    .ARM.Collect$$rtexit$$00000003  c_w.l(rtexit2.o)
    0x080002b0   0x00000006   Code   RO         1492    .ARM.Collect$$rtexit$$00000004  c_w.l(rtexit2.o)
    0x080002b6   0x00000002   PAD
    0x080002b8   0x00000784   Code   RO            1    .text               main.o
    0x08000a3c   0x00000016   Code   RO          175    .text               stm32f10x_it.o
    0x08000a52   0x00000002   PAD
    0x08000a54   0x000001e0   Code   RO          210    .text               system_stm32f10x.o
    0x08000c34   0x00000050   Code   RO          228    .text               led.o
    0x08000c84   0x0000027c   Code   RO          240    .text               usart2.o
    0x08000f00   0x00000284   Code   RO          279    .text               usart3.o
    0x08001184   0x00000660   Code   RO          298    .text               myiic.o
    0x080017e4   0x000006a4   Code   RO          310    .text               algorithm.o
    0x08001e88   0x0000014c   Code   RO          332    .text               delay.o
    0x08001fd4   0x0000014c   Code   RO          363    .text               usart.o
    0x08002120   0x00000040   Code   RO          399    .text               startup_stm32f10x_hd.o
    0x08002160   0x000000dc   Code   RO          403    .text               misc.o
    0x0800223c   0x0000035c   Code   RO          415    .text               stm32f10x_gpio.o
    0x08002598   0x00000408   Code   RO          427    .text               stm32f10x_usart.o
    0x080029a0   0x000003a4   Code   RO          439    .text               stm32f10x_rcc.o
    0x08002d44   0x00000254   Code   RO          453    .text               stm32f10x_dma.o
    0x08002f98   0x00000e1a   Code   RO          465    .text               stm32f10x_tim.o
    0x08003db2   0x00000002   PAD
    0x08003db4   0x0000044e   Code   RO          477    .text               stm32f10x_adc.o
    0x08004202   0x00000002   PAD
    0x08004204   0x00000084   Code   RO          723    .text               bsp.o
    0x08004288   0x000002a8   Code   RO          738    .text               cpu_core.o
    0x08004530   0x00000034   Code   RO          776    .text               cpu_a.o
    0x08004564   0x00000256   Code   RO          779    .text               lib_ascii.o
    0x080047ba   0x00000002   PAD
    0x080047bc   0x000009c6   Code   RO          812    .text               lib_mem.o
    0x08005182   0x00000002   PAD
    0x08005184   0x0000092c   Code   RO          831    .text               lib_str.o
    0x08005ab0   0x00000220   Code   RO          848    .text               lib_mem_a.o
    0x08005cd0   0x000000fc   Code   RO          851    .text               os_cfg_app.o
    0x08005dcc   0x00000e04   Code   RO          874    .text               os_core.o
    0x08006bd0   0x000001b0   Code   RO          886    .text               os_dbg.o
    0x08006d80   0x00000e28   Code   RO          901    .text               os_flag.o
    0x08007ba8   0x00000444   Code   RO          913    .text               os_int.o
    0x08007fec   0x00000238   Code   RO          925    .text               os_mem.o
    0x08008224   0x0000022c   Code   RO          937    .text               os_msg.o
    0x08008450   0x00000ad4   Code   RO          949    .text               os_mutex.o
    0x08008f24   0x0000007c   Code   RO          967    .text               os_prio.o
    0x08008fa0   0x000008d8   Code   RO          986    .text               os_q.o
    0x08009878   0x00000830   Code   RO          998    .text               os_sem.o
    0x0800a0a8   0x00000638   Code   RO         1010    .text               os_stat.o
    0x0800a6e0   0x00001bb4   Code   RO         1022    .text               os_task.o
    0x0800c294   0x000004fc   Code   RO         1034    .text               os_tick.o
    0x0800c790   0x00000564   Code   RO         1046    .text               os_time.o
    0x0800ccf4   0x00000818   Code   RO         1058    .text               os_tmr.o
    0x0800d50c   0x0000026c   Code   RO         1087    .text               os_cpu_c.o
    0x0800d778   0x000000ec   Code   RO         1178    .text               adc.o
    0x0800d864   0x00000002   Code   RO         1192    .text               c_w.l(use_no_semi_2.o)
    0x0800d866   0x000000ee   Code   RO         1194    .text               c_w.l(lludivv7m.o)
    0x0800d954   0x00000024   Code   RO         1196    .text               c_w.l(c89vsprintf.o)
    0x0800d978   0x00000018   Code   RO         1198    .text               c_w.l(__2printf.o)
    0x0800d990   0x00000052   Code   RO         1208    .text               c_w.l(_printf_str.o)
    0x0800d9e2   0x00000002   PAD
    0x0800d9e4   0x00000078   Code   RO         1210    .text               c_w.l(_printf_dec.o)
    0x0800da5c   0x00000188   Code   RO         1229    .text               c_w.l(__printf_flags_ss_wp.o)
    0x0800dbe4   0x0000003e   Code   RO         1237    .text               c_w.l(strlen.o)
    0x0800dc22   0x00000006   Code   RO         1239    .text               c_w.l(heapauxi.o)
    0x0800dc28   0x00000002   Code   RO         1259    .text               c_w.l(use_no_semi.o)
    0x0800dc2a   0x0000004e   Code   RO         1266    .text               c_w.l(_printf_pad.o)
    0x0800dc78   0x00000024   Code   RO         1268    .text               c_w.l(_printf_truncate.o)
    0x0800dc9c   0x000000b2   Code   RO         1270    .text               c_w.l(_printf_intcommon.o)
    0x0800dd4e   0x00000028   Code   RO         1272    .text               c_w.l(_printf_charcount.o)
    0x0800dd76   0x00000002   PAD
    0x0800dd78   0x00000030   Code   RO         1274    .text               c_w.l(_printf_char_common.o)
    0x0800dda8   0x0000000a   Code   RO         1276    .text               c_w.l(_sputc.o)
    0x0800ddb2   0x0000002c   Code   RO         1278    .text               c_w.l(_printf_char.o)
    0x0800ddde   0x00000002   PAD
    0x0800dde0   0x00000024   Code   RO         1280    .text               c_w.l(_printf_char_file.o)
    0x0800de04   0x000000bc   Code   RO         1282    .text               c_w.l(_printf_wctomb.o)
    0x0800dec0   0x0000007c   Code   RO         1285    .text               c_w.l(_printf_longlong_dec.o)
    0x0800df3c   0x00000070   Code   RO         1291    .text               c_w.l(_printf_oct_int_ll.o)
    0x0800dfac   0x00000094   Code   RO         1311    .text               c_w.l(_printf_hex_int_ll_ptr.o)
    0x0800e040   0x0000008a   Code   RO         1359    .text               c_w.l(lludiv10.o)
    0x0800e0ca   0x0000041a   Code   RO         1361    .text               c_w.l(_printf_fp_dec.o)
    0x0800e4e4   0x0000002c   Code   RO         1365    .text               c_w.l(_printf_wchar.o)
    0x0800e510   0x00000008   Code   RO         1367    .text               c_w.l(ferror.o)
    0x0800e518   0x00000040   Code   RO         1371    .text               c_w.l(_wcrtomb.o)
    0x0800e558   0x0000004a   Code   RO         1373    .text               c_w.l(sys_stackheap_outer.o)
    0x0800e5a2   0x00000002   PAD
    0x0800e5a4   0x00000010   Code   RO         1375    .text               c_w.l(rt_ctype_table.o)
    0x0800e5b4   0x00000008   Code   RO         1380    .text               c_w.l(rt_locale_intlibspace.o)
    0x0800e5bc   0x00000080   Code   RO         1382    .text               c_w.l(_printf_fp_infnan.o)
    0x0800e63c   0x000000dc   Code   RO         1384    .text               c_w.l(bigflt0.o)
    0x0800e718   0x00000012   Code   RO         1412    .text               c_w.l(exit.o)
    0x0800e72a   0x00000002   PAD
    0x0800e72c   0x00000008   Code   RO         1428    .text               c_w.l(libspace.o)
    0x0800e734   0x00000080   Code   RO         1442    .text               c_w.l(strcmpv7m.o)
    0x0800e7b4   0x0000003e   Code   RO         1387    CL$$btod_d2e        c_w.l(btod.o)
    0x0800e7f2   0x00000046   Code   RO         1389    CL$$btod_d2e_denorm_low  c_w.l(btod.o)
    0x0800e838   0x00000060   Code   RO         1388    CL$$btod_d2e_norm_op1  c_w.l(btod.o)
    0x0800e898   0x00000338   Code   RO         1397    CL$$btod_div_common  c_w.l(btod.o)
    0x0800ebd0   0x000000c6   Code   RO         1394    CL$$btod_e2e        c_w.l(btod.o)
    0x0800ec96   0x00000028   Code   RO         1391    CL$$btod_ediv       c_w.l(btod.o)
    0x0800ecbe   0x00000028   Code   RO         1390    CL$$btod_emul       c_w.l(btod.o)
    0x0800ece6   0x00000244   Code   RO         1396    CL$$btod_mult_common  c_w.l(btod.o)
    0x0800ef2a   0x00000002   PAD
    0x0800ef2c   0x00000098   Code   RO         1084    CODE                os_cpu_a.o
    0x0800efc4   0x00000028   Code   RO         1426    i.__ARM_fpclassify  m_ws.l(fpclassify.o)
    0x0800efec   0x0000000e   Code   RO         1222    i._is_digit         c_w.l(__printf_wp.o)
    0x0800effa   0x00000002   PAD
    0x0800effc   0x0000002c   Code   RO         1410    locale$$code        c_w.l(lc_numeric_c.o)
    0x0800f028   0x0000002c   Code   RO         1436    locale$$code        c_w.l(lc_ctype_c.o)
    0x0800f054   0x00000184   Code   RO         1244    x$fpl$fdiv          fz_ws.l(fdiv.o)
    0x0800f1d8   0x00000036   Code   RO         1247    x$fpl$ffix          fz_ws.l(ffix.o)
    0x0800f20e   0x00000002   PAD
    0x0800f210   0x00000026   Code   RO         1251    x$fpl$ffltu         fz_ws.l(fflt_clz.o)
    0x0800f236   0x00000002   PAD
    0x0800f238   0x00000102   Code   RO         1257    x$fpl$fmul          fz_ws.l(fmul.o)
    0x0800f33a   0x0000008c   Code   RO         1335    x$fpl$fnaninf       fz_ws.l(fnaninf.o)
    0x0800f3c6   0x0000000a   Code   RO         1337    x$fpl$fretinf       fz_ws.l(fretinf.o)
    0x0800f3d0   0x00000004   Code   RO         1339    x$fpl$printf1       fz_ws.l(printf1.o)
    0x0800f3d4   0x00000000   Code   RO         1341    x$fpl$usenofp       fz_ws.l(usenofp.o)
    0x0800f3d4   0x000000f6   Data   RO          312    .constdata          algorithm.o
    0x0800f4ca   0x00000002   PAD
    0x0800f4cc   0x00000104   Data   RO          740    .constdata          cpu_core.o
    0x0800f5d0   0x00000094   Data   RO          832    .constdata          lib_str.o
    0x0800f664   0x000000a4   Data   RO          853    .constdata          os_cfg_app.o
    0x0800f708   0x0000016c   Data   RO          887    .constdata          os_dbg.o
    0x0800f874   0x00000011   Data   RO         1230    .constdata          c_w.l(__printf_flags_ss_wp.o)
    0x0800f885   0x00000003   PAD
    0x0800f888   0x00000008   Data   RO         1283    .constdata          c_w.l(_printf_wctomb.o)
    0x0800f890   0x00000028   Data   RO         1312    .constdata          c_w.l(_printf_hex_int_ll_ptr.o)
    0x0800f8b8   0x00000094   Data   RO         1385    .constdata          c_w.l(bigflt0.o)
    0x0800f94c   0x00000020   Data   RO         1556    Region$$Table       anon$$obj.o
    0x0800f96c   0x0000001c   Data   RO         1409    locale$$data        c_w.l(lc_numeric_c.o)
    0x0800f988   0x00000110   Data   RO         1435    locale$$data        c_w.l(lc_ctype_c.o)


    Execution Region RW_IRAM1 (Base: 0x20000000, Size: 0x00007ab8, Max: 0x0000c000, ABSOLUTE, COMPRESSED[0x00000020])

    Base Addr    Size         Type   Attr      Idx    E Section Name        Object

    0x20000000   0x00000040   Data   RW            3    .data               main.o
    0x20000040   0x00000014   Data   RW          211    .data               system_stm32f10x.o
    0x20000054   0x00000002   Data   RW          242    .data               usart2.o
    0x20000056   0x00000002   Data   RW          281    .data               usart3.o
    0x20000058   0x00000004   Data   RW          333    .data               delay.o
    0x2000005c   0x00000006   Data   RW          365    .data               usart.o
    0x20000062   0x00000014   Data   RW          440    .data               stm32f10x_rcc.o
    0x20000076   0x00000002   PAD
    0x20000078   0x00000004   Data   RW          741    .data               cpu_core.o
    0x2000007c   0x00000004   Data   RW          814    .data               lib_mem.o
    0x20000080   0x00000008   Data   RW          968    .data               os_prio.o
    0x20000088   0x000000c8   Data   RW         1071    .data               os_var.o
    0x20000150   0x00000004   Data   RW         1088    .data               os_cpu_c.o
    0x20000154   0x00002714   Zero   RW            2    .bss                main.o
    0x20002868   0x00000800   Zero   RW          241    .bss                usart2.o
    0x20003068   0x00000800   Zero   RW          280    .bss                usart3.o
    0x20003868   0x00001760   Zero   RW          311    .bss                algorithm.o
    0x20004fc8   0x000000c8   Zero   RW          364    .bss                usart.o
    0x20005090   0x00000010   Zero   RW          739    .bss                cpu_core.o
    0x200050a0   0x00000448   Zero   RW          813    .bss                lib_mem.o
    0x200054e8   0x00001490   Zero   RW          852    .bss                os_cfg_app.o
    0x20006978   0x000006e0   Zero   RW         1070    .bss                os_var.o
    0x20007058   0x00000060   Zero   RW         1429    .bss                c_w.l(libspace.o)
    0x200070b8   0x00000200   Zero   RW          397    HEAP                startup_stm32f10x_hd.o
    0x200072b8   0x00000800   Zero   RW          396    STACK               startup_stm32f10x_hd.o



  Load Region LR$$.ARM.__AT_0x68000000 (Base: 0x68000000, Size: 0x00000000, Max: 0x000f0000, ABSOLUTE)

    Execution Region ER$$.ARM.__AT_0x68000000 (Base: 0x68000000, Size: 0x000f0000, Max: 0x000f0000, ABSOLUTE, UNINIT)

    Base Addr    Size         Type   Attr      Idx    E Section Name        Object

    0x68000000   0x000f0000   Zero   RW         1157    .ARM.__AT_0x68000000  malloc.o



  Load Region LR$$.ARM.__AT_0x680F0000 (Base: 0x680f0000, Size: 0x00000000, Max: 0x0000f000, ABSOLUTE)

    Execution Region ER$$.ARM.__AT_0x680F0000 (Base: 0x680f0000, Size: 0x0000f000, Max: 0x0000f000, ABSOLUTE, UNINIT)

    Base Addr    Size         Type   Attr      Idx    E Section Name        Object

    0x680f0000   0x0000f000   Zero   RW         1158    .ARM.__AT_0x680F0000  malloc.o


==============================================================================

Image component sizes


      Code (inc. data)   RO Data    RW Data    ZI Data      Debug   Object Name

       236         10          0          0          0       1107   adc.o
      1700         30        246          0       5984       5663   algorithm.o
       132         12          0          0          0       1151   bsp.o
        52          0          0          0          0        340   cpu_a.o
       680         14        260          4         16      14403   cpu_core.o
       332         28          0          4          0       1813   delay.o
        80          8          0          0          0        491   led.o
       598          0          0          0          0       3884   lib_ascii.o
      2502         32          0          4       1096      22228   lib_mem.o
       544          0          0          0          0        488   lib_mem_a.o
      2348          6        148          0          0      13790   lib_str.o
      1924        292          0         64      10004     315638   main.o
         0          0          0          0    1044480       1561   malloc.o
       220         22          0          0          0       1825   misc.o
      1632         18          0          0          0       6426   myiic.o
       252        166        164          0       5264      20906   os_cfg_app.o
      3588        294          0          0          0      12461   os_core.o
       152         32          0          0          0        400   os_cpu_a.o
       620         66          0          4          0       3809   os_cpu_c.o
       432        286        364          0          0       4757   os_dbg.o
      3624        110          0          0          0       8043   os_flag.o
      1092        146          0          0          0       2344   os_int.o
       568         20          0          0          0       2768   os_mem.o
       556         12          0          0          0       2807   os_msg.o
      2772        114          0          0          0       5578   os_mutex.o
       124          4          0          8          0       1752   os_prio.o
      2264         76          0          0          0       6344   os_q.o
      2096         70          0          0          0       6360   os_sem.o
      1592        180          0          0          0       2825   os_stat.o
      7092        270          0          0          0      14186   os_task.o
      1276         90          0          0          0       3297   os_tick.o
      1380         46          0          0          0       3297   os_time.o
      2072        140          0          0          0       6482   os_tmr.o
         0          0          0        200       1760      19361   os_var.o
        64         26        304          0       2560        800   startup_stm32f10x_hd.o
      1102         26          0          0          0      11065   stm32f10x_adc.o
       596          8          0          0          0       4394   stm32f10x_dma.o
       860         38          0          0          0       5761   stm32f10x_gpio.o
        22          0          0          0          0        995   stm32f10x_it.o
       932         36          0         20          0       8944   stm32f10x_rcc.o
      3610         88          0          0          0      22868   stm32f10x_tim.o
      1032         22          0          0          0       8484   stm32f10x_usart.o
         0          0          0          0          0         32   sys.o
       480         38          0         20          0       1731   system_stm32f10x.o
       332         16          0          6        200       3162   usart.o
       636         30          0          2       2048       3725   usart2.o
       644         26          0          2       2048       3171   usart3.o

    ----------------------------------------------------------------------
     54852       2948       1520        340    1075460     593717   Object Totals
         0          0         32          0          0          0   (incl. Generated)
        10          0          2          2          0          0   (incl. Padding)

    ----------------------------------------------------------------------

      Code (inc. data)   RO Data    RW Data    ZI Data      Debug   Library Member Name

        24          4          0          0          0         84   __2printf.o
        90          0          0          0          0          0   __dczerorl2.o
         8          0          0          0          0         68   __main.o
       392          4         17          0          0         92   __printf_flags_ss_wp.o
        14          0          0          0          0         68   __printf_wp.o
         0          0          0          0          0          0   __rtentry.o
        12          0          0          0          0          0   __rtentry2.o
         6          0          0          0          0          0   __rtentry4.o
        52          8          0          0          0          0   __scatter.o
        28          0          0          0          0          0   __scatter_zi.o
         6          0          0          0          0          0   _printf_a.o
         6          0          0          0          0          0   _printf_c.o
        44          0          0          0          0        108   _printf_char.o
        48          6          0          0          0         96   _printf_char_common.o
        36          4          0          0          0         80   _printf_char_file.o
        40          0          0          0          0         68   _printf_charcount.o
         6          0          0          0          0          0   _printf_d.o
       120         16          0          0          0         92   _printf_dec.o
         6          0          0          0          0          0   _printf_e.o
         6          0          0          0          0          0   _printf_f.o
      1050          0          0          0          0        216   _printf_fp_dec.o
       128         16          0          0          0         84   _printf_fp_infnan.o
         6          0          0          0          0          0   _printf_g.o
       148          4         40          0          0        160   _printf_hex_int_ll_ptr.o
         6          0          0          0          0          0   _printf_i.o
       178          0          0          0          0         88   _printf_intcommon.o
        10          0          0          0          0          0   _printf_l.o
         6          0          0          0          0          0   _printf_lc.o
        10          0          0          0          0          0   _printf_ll.o
         6          0          0          0          0          0   _printf_lld.o
         6          0          0          0          0          0   _printf_lli.o
         6          0          0          0          0          0   _printf_llo.o
         6          0          0          0          0          0   _printf_llu.o
         6          0          0          0          0          0   _printf_llx.o
       124         16          0          0          0         92   _printf_longlong_dec.o
         6          0          0          0          0          0   _printf_ls.o
         6          0          0          0          0          0   _printf_n.o
         6          0          0          0          0          0   _printf_o.o
       112          8          0          0          0        124   _printf_oct_int_ll.o
         6          0          0          0          0          0   _printf_p.o
        78          0          0          0          0        108   _printf_pad.o
         0          0          0          0          0          0   _printf_percent.o
         4          0          0          0          0          0   _printf_percent_end.o
         6          0          0          0          0          0   _printf_s.o
        82          0          0          0          0         80   _printf_str.o
        36          0          0          0          0         84   _printf_truncate.o
         6          0          0          0          0          0   _printf_u.o
        44          0          0          0          0        108   _printf_wchar.o
       188          6          8          0          0         92   _printf_wctomb.o
         6          0          0          0          0          0   _printf_x.o
        10          0          0          0          0         68   _sputc.o
        64          0          0          0          0         92   _wcrtomb.o
       220          4        148          0          0         96   bigflt0.o
      1910        128          0          0          0        672   btod.o
        36          4          0          0          0         76   c89vsprintf.o
        18          0          0          0          0         80   exit.o
         8          0          0          0          0         68   ferror.o
         6          0          0          0          0        152   heapauxi.o
        44         10        272          0          0         76   lc_ctype_c.o
        44         10         28          0          0         76   lc_numeric_c.o
         2          0          0          0          0          0   libinit.o
        30          0          0          0          0          0   libinit2.o
         2          0          0          0          0          0   libshutdown.o
         2          0          0          0          0          0   libshutdown2.o
         8          4          0          0         96         68   libspace.o
       138          0          0          0          0         80   lludiv10.o
       238          0          0          0          0        100   lludivv7m.o
        16          4          0          0          0         76   rt_ctype_table.o
         8          4          0          0          0         68   rt_locale_intlibspace.o
         2          0          0          0          0          0   rtexit.o
        10          0          0          0          0          0   rtexit2.o
       128          0          0          0          0         68   strcmpv7m.o
        62          0          0          0          0         76   strlen.o
        74          0          0          0          0         80   sys_stackheap_outer.o
         2          0          0          0          0         68   use_no_semi.o
         2          0          0          0          0         68   use_no_semi_2.o
       388         76          0          0          0         96   fdiv.o
        54          4          0          0          0         84   ffix.o
        38          0          0          0          0         68   fflt_clz.o
       258          4          0          0          0         84   fmul.o
       140          4          0          0          0         84   fnaninf.o
        10          0          0          0          0         68   fretinf.o
         4          0          0          0          0         68   printf1.o
         0          0          0          0          0          0   usenofp.o
        40          0          0          0          0         68   fpclassify.o

    ----------------------------------------------------------------------
      7264        348        516          0         96       4820   Library Totals
        22          0          3          0          0          0   (incl. Padding)

    ----------------------------------------------------------------------

      Code (inc. data)   RO Data    RW Data    ZI Data      Debug   Library Name

      6310        260        513          0         96       4200   c_w.l
       892         88          0          0          0        552   fz_ws.l
        40          0          0          0          0         68   m_ws.l

    ----------------------------------------------------------------------
      7264        348        516          0         96       4820   Library Totals

    ----------------------------------------------------------------------

==============================================================================


      Code (inc. data)   RO Data    RW Data    ZI Data      Debug   

     62116       3296       2036        340    1075556     591929   Grand Totals
     62116       3296       2036         32    1075556     591929   ELF Image Totals (compressed)
     62116       3296       2036         32          0          0   ROM Totals

==============================================================================

    Total RO  Size (Code + RO Data)                64152 (  62.65kB)
    Total RW  Size (RW Data + ZI Data)           1075896 (1050.68kB)
    Total ROM Size (Code + RO Data + RW Data)      64184 (  62.68kB)

==============================================================================

