<html>
<body>
<pre>
<h1>礦ision Build Log</h1>
<h2>Tool Versions:</h2>
IDE-Version: μVision V5.21.1.0
Copyright (C) 2016 ARM Ltd and ARM Germany GmbH. All rights reserved.
License Information: nano nano, CQU, LIC=X96CX-HH12C-45UT5-GMCZI-LH2EQ-P080F
 
Tool Versions:
Toolchain:       MDK-ARM Plus  Version: 5.21a
Toolchain Path:  H:\Keil5\ARM\ARMCC\Bin
C Compiler:      Armcc.exe V5.06 update 3 (build 300)
Assembler:       Armasm.exe V5.06 update 3 (build 300)
Linker/Locator:  ArmLink.exe V5.06 update 3 (build 300)
Library Manager: ArmAr.exe V5.06 update 3 (build 300)
Hex Converter:   FromElf.exe V5.06 update 3 (build 300)
CPU DLL:         SARMCM3.DLL V5.21a
Dialog DLL:      DCM.DLL V1.13.8.0
Target DLL:      STLink\ST-LINKIII-KEIL_SWO.dll V2.0.18.0
Dialog DLL:      TCM.DLL V1.14.14.0
 
<h2>Project:</h2>
D:\科研相关\6 毕业毕业\毕业论文\医疗仪器设计\code\双32版\MedicalDeviceBloodOxygen\USER\Template.uvprojx
Project File Date:  01/30/2021

<h2>Output:</h2>
*** Using Compiler 'V5.06 update 3 (build 300)', folder: 'H:\Keil5\ARM\ARMCC\Bin'
Build target 'Target 1'
compiling main.c...
main.c(231): warning:  #177-D: variable "err" was declared but never referenced
  	OS_ERR err;
main.c(257): warning:  #177-D: variable "err" was declared but never referenced
  	OS_ERR err;
main.c: 2 warnings, 0 errors
linking...
Program Size: Code=62080 RO-data=2036 RW-data=336 ZI-data=1075560  
FromELF: creating hex file...
"..\OBJ\MALLOC.axf" - 0 Error(s), 2 Warning(s).

<h2>Collection of Component include folders:</h2>
  D:\科研相关\6 毕业毕业\毕业论文\医疗仪器设计\code\双32版\MedicalDeviceBloodOxygen\USER\RTE
  H:\Keil5\ARM\PACK\Keil\STM32F1xx_DFP\2.2.0\Device\Include

<h2>Collection of Component Files used:</h2>
Build Time Elapsed:  00:00:01
</pre>
</body>
</html>
