<html>
<body>
<pre>
<h1>µVision Build Log</h1>
<h2>Tool Versions:</h2>
IDE-Version: ¦ÌVision V5.21.1.0
Copyright (C) 2016 ARM Ltd and ARM Germany GmbH. All rights reserved.
License Information: nano 621, 621, LIC=YA3Y8-39HW6-DKYBN-Y5XUV-V3YTX-3QMUK
 
Tool Versions:
Toolchain:       MDK-ARM Plus  Version: 5.21a
Toolchain Path:  D:\Keil5\ARM\ARMCC\Bin
C Compiler:      Armcc.exe V5.06 update 3 (build 300)
Assembler:       Armasm.exe V5.06 update 3 (build 300)
Linker/Locator:  ArmLink.exe V5.06 update 3 (build 300)
Library Manager: ArmAr.exe V5.06 update 3 (build 300)
Hex Converter:   FromElf.exe V5.06 update 3 (build 300)
CPU DLL:         SARMCM3.DLL V5.21a
Dialog DLL:      DCM.DLL V1.13.8.0
Target DLL:      STLink\ST-LINKIII-KEIL_SWO.dll V2.0.18.0
Dialog DLL:      TCM.DLL V1.14.14.0
 
<h2>Project:</h2>
C:\Users\nano\Desktop\Ë«32°æ\MedicalDeviceBloodOxygen\USER\Template.uvprojx
Project File Date:  01/30/2021

<h2>Output:</h2>
*** Using Compiler 'V5.06 update 3 (build 300)', folder: 'D:\Keil5\ARM\ARMCC\Bin'
Rebuild target 'Target 1'
compiling stm32f10x_it.c...
compiling system_stm32f10x.c...
compiling main.c...
main.c(233): warning:  #177-D: variable "err" was declared but never referenced
  	OS_ERR err;
main.c(259): warning:  #177-D: variable "err" was declared but never referenced
  	OS_ERR err;
main.c: 2 warnings, 0 errors
compiling led.c...
compiling usart2.c...
compiling key.c...
compiling usart3.c...
compiling myiic.c...
compiling algorithm.c...
compiling max30102.c...
compiling delay.c...
compiling sys.c...
compiling core_cm3.c...
compiling usart.c...
assembling startup_stm32f10x_hd.s...
compiling misc.c...
compiling stm32f10x_gpio.c...
compiling stm32f10x_usart.c...
compiling stm32f10x_rcc.c...
compiling stm32f10x_dma.c...
compiling stm32f10x_tim.c...
compiling stm32f10x_adc.c...
compiling stm32f10x_bkp.c...
compiling stm32f10x_can.c...
compiling stm32f10x_crc.c...
compiling stm32f10x_cec.c...
compiling stm32f10x_dac.c...
compiling stm32f10x_dbgmcu.c...
compiling stm32f10x_exti.c...
compiling stm32f10x_flash.c...
compiling stm32f10x_i2c.c...
compiling stm32f10x_fsmc.c...
compiling stm32f10x_iwdg.c...
compiling stm32f10x_pwr.c...
compiling stm32f10x_rtc.c...
compiling stm32f10x_sdio.c...
compiling stm32f10x_wwdg.c...
compiling stm32f10x_spi.c...
compiling cpu_core.c...
compiling cpu_c.c...
compiling bsp.c...
assembling cpu_a.asm...
compiling lib_ascii.c...
compiling lib_math.c...
assembling lib_mem_a.asm...
compiling lib_mem.c...
compiling lib_str.c...
compiling os_cfg_app.c...
compiling os_dbg.c...
compiling os_core.c...
compiling os_flag.c...
compiling os_int.c...
compiling os_mem.c...
compiling os_msg.c...
compiling os_pend_multi.c...
compiling os_mutex.c...
compiling os_prio.c...
compiling os_q.c...
compiling os_sem.c...
compiling os_stat.c...
compiling os_tick.c...
compiling os_task.c...
compiling os_time.c...
assembling os_cpu_a.s...
compiling os_var.c...
compiling os_tmr.c...
compiling os_cpu_c.c...
compiling os_app_hooks.c...
compiling common.c...
..\ATK-ESP8266\common.c(389): warning:  #177-D: variable "key" was declared but never referenced
  	u8 key;
..\ATK-ESP8266\common.c(390): warning:  #177-D: variable "timex" was declared but never referenced
  	u8 timex;
..\ATK-ESP8266\common.c: 2 warnings, 0 errors
compiling wifista.c...
compiling malloc.c...
compiling adc.c...
linking...
Program Size: Code=62116 RO-data=2036 RW-data=340 ZI-data=1075556  
FromELF: creating hex file...
"..\OBJ\MALLOC.axf" - 0 Error(s), 4 Warning(s).

<h2>Collection of Component include folders:</h2>
  C:\Users\nano\Desktop\Ë«32°æ\MedicalDeviceBloodOxygen\USER\RTE
  D:\Keil5\ARM\PACK\Keil\STM32F1xx_DFP\2.2.0\Device\Include

<h2>Collection of Component Files used:</h2>
Build Time Elapsed:  00:00:51
</pre>
</body>
</html>
