Component: ARM Compiler 5.06 update 3 (build 300) Tool: armlink [4d35c9]

==============================================================================

Section Cross References

    main.o(.text) refers to _printf_percent.o(.ARM.Collect$$_printf_percent$$00000000) for _printf_percent
    main.o(.text) refers to _printf_s.o(.ARM.Collect$$_printf_percent$$00000014) for _printf_s
    main.o(.text) refers to _printf_str.o(.text) for _printf_str
    main.o(.text) refers to common.o(.text) for atk_8266_send_data
    main.o(.text) refers to usart3.o(.text) for u3_printf
    main.o(.text) refers to delay.o(.text) for delay_ms
    main.o(.text) refers to __2printf.o(.text) for __2printf
    main.o(.text) refers to faddsub_clz.o(x$fpl$fadd) for __aeabi_fadd
    main.o(.text) refers to os_time.o(.text) for OSTimeDlyHMSM
    main.o(.text) refers to cpu_core.o(.text) for CPU_Init
    main.o(.text) refers to os_stat.o(.text) for OSStatTaskCPUUsageInit
    main.o(.text) refers to os_core.o(.text) for OSSchedRoundRobinCfg
    main.o(.text) refers to cpu_a.o(.text) for CPU_SR_Save
    main.o(.text) refers to os_task.o(.text) for OSTaskCreate
    main.o(.text) refers to usart3.o(.data) for USART3_RX_STA
    main.o(.text) refers to main.o(.data) for dlen
    main.o(.text) refers to usart3.o(.bss) for USART3_RX_BUF
    main.o(.text) refers to usart2.o(.data) for USART2_RX_STA
    main.o(.text) refers to usart2.o(.bss) for USART2_RX_BUF
    main.o(.text) refers to os_var.o(.data) for OSSchedLockNestingCtr
    main.o(.text) refers to main.o(.bss) for LED0_TASK_STK
    main.o(.text) refers to misc.o(.text) for NVIC_PriorityGroupConfig
    main.o(.text) refers to usart.o(.text) for uart_init
    main.o(.text) refers to usart2.o(.text) for USART2_Init
    main.o(.text) refers to led.o(.text) for LED_Init
    system_stm32f10x.o(.text) refers to system_stm32f10x.o(.data) for SystemCoreClock
    led.o(.text) refers to stm32f10x_rcc.o(.text) for RCC_APB2PeriphClockCmd
    led.o(.text) refers to stm32f10x_gpio.o(.text) for GPIO_Init
    usart2.o(.text) refers to stm32f10x_tim.o(.text) for TIM_SetCounter
    usart2.o(.text) refers to stm32f10x_usart.o(.text) for USART_GetITStatus
    usart2.o(.text) refers to stm32f10x_rcc.o(.text) for RCC_APB1PeriphClockCmd
    usart2.o(.text) refers to misc.o(.text) for NVIC_Init
    usart2.o(.text) refers to stm32f10x_dma.o(.text) for DMA_DeInit
    usart2.o(.text) refers to stm32f10x_gpio.o(.text) for GPIO_Init
    usart2.o(.text) refers to c89vsprintf.o(.text) for __c89vsprintf
    usart2.o(.text) refers to strlen.o(.text) for strlen
    usart2.o(.text) refers to usart2.o(.data) for USART2_RX_STA
    usart2.o(.text) refers to usart2.o(.bss) for USART2_RX_BUF
    key.o(.text) refers to stm32f10x_rcc.o(.text) for RCC_APB2PeriphClockCmd
    key.o(.text) refers to stm32f10x_gpio.o(.text) for GPIO_PinRemapConfig
    key.o(.text) refers to delay.o(.text) for delay_ms
    key.o(.text) refers to key.o(.data) for key_up
    usart3.o(.text) refers to stm32f10x_tim.o(.text) for TIM_SetCounter
    usart3.o(.text) refers to stm32f10x_usart.o(.text) for USART_GetITStatus
    usart3.o(.text) refers to stm32f10x_rcc.o(.text) for RCC_APB1PeriphClockCmd
    usart3.o(.text) refers to misc.o(.text) for NVIC_Init
    usart3.o(.text) refers to stm32f10x_dma.o(.text) for DMA_DeInit
    usart3.o(.text) refers to stm32f10x_gpio.o(.text) for GPIO_Init
    usart3.o(.text) refers to c89vsprintf.o(.text) for __c89vsprintf
    usart3.o(.text) refers to strlen.o(.text) for strlen
    usart3.o(.text) refers to usart3.o(.data) for USART3_RX_STA
    usart3.o(.text) refers to usart3.o(.bss) for USART3_RX_BUF
    delay.o(.text) refers to os_core.o(.text) for OSSchedLock
    delay.o(.text) refers to os_time.o(.text) for OSTimeDly
    delay.o(.text) refers to misc.o(.text) for SysTick_CLKSourceConfig
    delay.o(.text) refers to os_var.o(.data) for OSRunning
    delay.o(.text) refers to system_stm32f10x.o(.data) for SystemCoreClock
    delay.o(.text) refers to delay.o(.data) for fac_us
    delay.o(.text) refers to os_cfg_app.o(.constdata) for OSCfg_TickRate_Hz
    usart.o(.text) refers (Special) to use_no_semi_2.o(.text) for __use_no_semihosting
    usart.o(.text) refers to stm32f10x_rcc.o(.text) for RCC_APB2PeriphClockCmd
    usart.o(.text) refers to stm32f10x_usart.o(.text) for USART_DeInit
    usart.o(.text) refers to stm32f10x_gpio.o(.text) for GPIO_Init
    usart.o(.text) refers to misc.o(.text) for NVIC_Init
    usart.o(.text) refers to os_core.o(.text) for OSIntEnter
    usart.o(.text) refers to usart.o(.data) for USART_RX_STA
    usart.o(.text) refers to usart.o(.bss) for USART_RX_BUF
    usart.o(.bss) refers (Special) to use_no_semi_2.o(.text) for __use_no_semihosting
    usart.o(.data) refers (Special) to use_no_semi_2.o(.text) for __use_no_semihosting
    startup_stm32f10x_hd.o(STACK) refers (Special) to heapauxi.o(.text) for __use_two_region_memory
[...]
    TIM_ETRClockMode2Config                  0x08002be3   Thumb Code    32  stm32f10x_tim.o(.text)
    TIM_PrescalerConfig                      0x08002c03   Thumb Code     6  stm32f10x_tim.o(.text)
    TIM_CounterModeConfig                    0x08002c09   Thumb Code    18  stm32f10x_tim.o(.text)
    TIM_EncoderInterfaceConfig               0x08002c1b   Thumb Code    66  stm32f10x_tim.o(.text)
    TIM_ForcedOC1Config                      0x08002c5d   Thumb Code    18  stm32f10x_tim.o(.text)
    TIM_ForcedOC2Config                      0x08002c6f   Thumb Code    26  stm32f10x_tim.o(.text)
    TIM_ForcedOC3Config                      0x08002c89   Thumb Code    18  stm32f10x_tim.o(.text)
    TIM_ForcedOC4Config                      0x08002c9b   Thumb Code    26  stm32f10x_tim.o(.text)
    TIM_ARRPreloadConfig                     0x08002cb5   Thumb Code    24  stm32f10x_tim.o(.text)
    TIM_SelectCOM                            0x08002ccd   Thumb Code    24  stm32f10x_tim.o(.text)
    TIM_SelectCCDMA                          0x08002ce5   Thumb Code    24  stm32f10x_tim.o(.text)
    TIM_CCPreloadControl                     0x08002cfd   Thumb Code    24  stm32f10x_tim.o(.text)
    TIM_OC1PreloadConfig                     0x08002d15   Thumb Code    18  stm32f10x_tim.o(.text)
    TIM_OC2PreloadConfig                     0x08002d27   Thumb Code    26  stm32f10x_tim.o(.text)
    TIM_OC3PreloadConfig                     0x08002d41   Thumb Code    18  stm32f10x_tim.o(.text)
    TIM_OC4PreloadConfig                     0x08002d53   Thumb Code    26  stm32f10x_tim.o(.text)
    TIM_OC1FastConfig                        0x08002d6d   Thumb Code    18  stm32f10x_tim.o(.text)
    TIM_OC2FastConfig                        0x08002d7f   Thumb Code    26  stm32f10x_tim.o(.text)
    TIM_OC3FastConfig                        0x08002d99   Thumb Code    18  stm32f10x_tim.o(.text)
    TIM_OC4FastConfig                        0x08002dab   Thumb Code    26  stm32f10x_tim.o(.text)
    TIM_ClearOC1Ref                          0x08002dc5   Thumb Code    18  stm32f10x_tim.o(.text)
    TIM_ClearOC2Ref                          0x08002dd7   Thumb Code    24  stm32f10x_tim.o(.text)
    TIM_ClearOC3Ref                          0x08002def   Thumb Code    18  stm32f10x_tim.o(.text)
    TIM_ClearOC4Ref                          0x08002e01   Thumb Code    24  stm32f10x_tim.o(.text)
    TIM_OC1PolarityConfig                    0x08002e19   Thumb Code    18  stm32f10x_tim.o(.text)
    TIM_OC1NPolarityConfig                   0x08002e2b   Thumb Code    18  stm32f10x_tim.o(.text)
    TIM_OC2PolarityConfig                    0x08002e3d   Thumb Code    26  stm32f10x_tim.o(.text)
    TIM_OC2NPolarityConfig                   0x08002e57   Thumb Code    26  stm32f10x_tim.o(.text)
    TIM_OC3PolarityConfig                    0x08002e71   Thumb Code    26  stm32f10x_tim.o(.text)
    TIM_OC3NPolarityConfig                   0x08002e8b   Thumb Code    26  stm32f10x_tim.o(.text)
    TIM_OC4PolarityConfig                    0x08002ea5   Thumb Code    26  stm32f10x_tim.o(.text)
    TIM_CCxCmd                               0x08002ebf   Thumb Code    30  stm32f10x_tim.o(.text)
    TIM_CCxNCmd                              0x08002edd   Thumb Code    30  stm32f10x_tim.o(.text)
    TIM_SelectOCxM                           0x08002efb   Thumb Code    82  stm32f10x_tim.o(.text)
    TIM_UpdateDisableConfig                  0x08002f4d   Thumb Code    24  stm32f10x_tim.o(.text)
    TIM_UpdateRequestConfig                  0x08002f65   Thumb Code    24  stm32f10x_tim.o(.text)
    TIM_SelectHallSensor                     0x08002f7d   Thumb Code    24  stm32f10x_tim.o(.text)
    TIM_SelectOnePulseMode                   0x08002f95   Thumb Code    18  stm32f10x_tim.o(.text)
    TIM_SelectOutputTrigger                  0x08002fa7   Thumb Code    18  stm32f10x_tim.o(.text)
    TIM_SelectSlaveMode                      0x08002fb9   Thumb Code    18  stm32f10x_tim.o(.text)
    TIM_SelectMasterSlaveMode                0x08002fcb   Thumb Code    18  stm32f10x_tim.o(.text)
    TIM_SetCounter                           0x08002fdd   Thumb Code     4  stm32f10x_tim.o(.text)
    TIM_SetAutoreload                        0x08002fe1   Thumb Code     4  stm32f10x_tim.o(.text)
    TIM_SetCompare1                          0x08002fe5   Thumb Code     4  stm32f10x_tim.o(.text)
    TIM_SetCompare2                          0x08002fe9   Thumb Code     4  stm32f10x_tim.o(.text)
    TIM_SetCompare3                          0x08002fed   Thumb Code     4  stm32f10x_tim.o(.text)
    TIM_SetCompare4                          0x08002ff1   Thumb Code     6  stm32f10x_tim.o(.text)
    TIM_SetClockDivision                     0x08002ff7   Thumb Code    18  stm32f10x_tim.o(.text)
    TIM_GetCapture1                          0x08003009   Thumb Code     6  stm32f10x_tim.o(.text)
    TIM_GetCapture2                          0x0800300f   Thumb Code     6  stm32f10x_tim.o(.text)
    TIM_GetCapture3                          0x08003015   Thumb Code     6  stm32f10x_tim.o(.text)
    TIM_GetCapture4                          0x0800301b   Thumb Code     8  stm32f10x_tim.o(.text)
    TIM_GetCounter                           0x08003023   Thumb Code     6  stm32f10x_tim.o(.text)
    TIM_GetPrescaler                         0x08003029   Thumb Code     6  stm32f10x_tim.o(.text)
    TIM_GetFlagStatus                        0x0800302f   Thumb Code    18  stm32f10x_tim.o(.text)
    TIM_ClearFlag                            0x08003041   Thumb Code     6  stm32f10x_tim.o(.text)
    TIM_GetITStatus                          0x08003047   Thumb Code    34  stm32f10x_tim.o(.text)
    TIM_ClearITPendingBit                    0x08003069   Thumb Code     6  stm32f10x_tim.o(.text)
    BSP_CPU_ClkFreq                          0x08003071   Thumb Code    16  bsp.o(.text)
    CPU_TS_TmrInit                           0x08003081   Thumb Code    44  bsp.o(.text)
    CPU_TS_TmrRd                             0x080030ad   Thumb Code     6  bsp.o(.text)
    CPU_TS32_to_uSec                         0x080030b3   Thumb Code    54  bsp.o(.text)
    CPU_NameClr                              0x080030f5   Thumb Code    42  cpu_core.o(.text)
    CPU_Init                                 0x08003135   Thumb Code    12  cpu_core.o(.text)
    CPU_SW_Exception                         0x08003141   Thumb Code     4  cpu_core.o(.text)
    CPU_NameGet                              0x08003145   Thumb Code    70  cpu_core.o(.text)
    CPU_NameSet                              0x0800318b   Thumb Code    96  cpu_core.o(.text)
    CPU_TS_Get32                             0x080031eb   Thumb Code    12  cpu_core.o(.text)
    CPU_TS_Update                            0x080031f7   Thumb Code     2  cpu_core.o(.text)
    CPU_TS_TmrFreqGet                        0x080031f9   Thumb Code    30  cpu_core.o(.text)
    CPU_TS_TmrFreqSet                        0x08003217   Thumb Code     6  cpu_core.o(.text)
    CPU_CntLeadZeros08                       0x0800321d   Thumb Code    18  cpu_core.o(.text)
    CPU_CntLeadZeros16                       0x0800322f   Thumb Code    18  cpu_core.o(.text)
    CPU_CntLeadZeros32                       0x08003241   Thumb Code    18  cpu_core.o(.text)
    CPU_CntLeadZeros64                       0x08003253   Thumb Code   188  cpu_core.o(.text)
    CPU_CntTrailZeros08                      0x0800330f   Thumb Code    22  cpu_core.o(.text)
    CPU_CntTrailZeros16                      0x08003325   Thumb Code    22  cpu_core.o(.text)
    CPU_CntTrailZeros32                      0x0800333b   Thumb Code    22  cpu_core.o(.text)
    CPU_CntTrailZeros64                      0x08003351   Thumb Code    62  cpu_core.o(.text)
    CPU_IntDis                               0x0800339d   Thumb Code     0  cpu_a.o(.text)
    CPU_IntEn                                0x080033a1   Thumb Code     0  cpu_a.o(.text)
    CPU_SR_Save                              0x080033a5   Thumb Code     0  cpu_a.o(.text)
    CPU_SR_Restore                           0x080033ad   Thumb Code     0  cpu_a.o(.text)
    CPU_WaitForInt                           0x080033b3   Thumb Code     0  cpu_a.o(.text)
    CPU_WaitForExcept                        0x080033b7   Thumb Code     0  cpu_a.o(.text)
    CPU_CntLeadZeros                         0x080033bb   Thumb Code     0  cpu_a.o(.text)
    CPU_CntTrailZeros                        0x080033c1   Thumb Code     0  cpu_a.o(.text)
    CPU_RevBits                              0x080033cb   Thumb Code     0  cpu_a.o(.text)
    ASCII_IsAlpha                            0x080033d1   Thumb Code    48  lib_ascii.o(.text)
    ASCII_IsAlphaNum                         0x08003401   Thumb Code    76  lib_ascii.o(.text)
    ASCII_IsLower                            0x0800344d   Thumb Code    20  lib_ascii.o(.text)
    ASCII_IsUpper                            0x08003461   Thumb Code    20  lib_ascii.o(.text)
    ASCII_IsDig                              0x08003475   Thumb Code    20  lib_ascii.o(.text)
    ASCII_IsDigOct                           0x08003489   Thumb Code    20  lib_ascii.o(.text)
    ASCII_IsDigHex                           0x0800349d   Thumb Code    36  lib_ascii.o(.text)
    ASCII_IsBlank                            0x080034c1   Thumb Code    20  lib_ascii.o(.text)
    ASCII_IsSpace                            0x080034d5   Thumb Code    36  lib_ascii.o(.text)
    ASCII_IsPrint                            0x080034f9   Thumb Code    20  lib_ascii.o(.text)
    ASCII_IsGraph                            0x0800350d   Thumb Code    20  lib_ascii.o(.text)
    ASCII_IsPunct                            0x08003521   Thumb Code   134  lib_ascii.o(.text)
    ASCII_IsCtrl                             0x080035a7   Thumb Code    26  lib_ascii.o(.text)
    ASCII_ToLower                            0x080035c1   Thumb Code    32  lib_ascii.o(.text)
    ASCII_ToUpper                            0x080035e1   Thumb Code    32  lib_ascii.o(.text)
    ASCII_Cmp                                0x08003601   Thumb Code    38  lib_ascii.o(.text)
    Mem_Init                                 0x08003629   Thumb Code    54  lib_mem.o(.text)
    Mem_Set                                  0x0800365f   Thumb Code    84  lib_mem.o(.text)
    Mem_Clr                                  0x080036b3   Thumb Code    18  lib_mem.o(.text)
    Mem_Move                                 0x080036c5   Thumb Code   186  lib_mem.o(.text)
    Mem_Cmp                                  0x0800377f   Thumb Code   192  lib_mem.o(.text)
    Mem_HeapAlloc                            0x080038b7   Thumb Code   168  lib_mem.o(.text)
    Mem_SegGetSizeRem                        0x0800395f   Thumb Code   108  lib_mem.o(.text)
    Mem_HeapGetSizeRem                       0x080039cb   Thumb Code    22  lib_mem.o(.text)
    Mem_PoolClr                              0x080039e1   Thumb Code    80  lib_mem.o(.text)
    Mem_PoolCreate                           0x08003a31   Thumb Code   838  lib_mem.o(.text)
    Mem_PoolBlkGetNbrAvail                   0x08003d77   Thumb Code    52  lib_mem.o(.text)
    Mem_PoolBlkGet                           0x08003dab   Thumb Code   126  lib_mem.o(.text)
    Mem_PoolBlkGetUsedAtIx                   0x08003e29   Thumb Code   140  lib_mem.o(.text)
    Mem_PoolBlkFree                          0x08003eb5   Thumb Code   152  lib_mem.o(.text)
    Mem_PoolBlkIxGet                         0x08003f4d   Thumb Code   162  lib_mem.o(.text)
    Str_Len_N                                0x08003ff1   Thumb Code    28  lib_str.o(.text)
    Str_Len                                  0x0800400d   Thumb Code    20  lib_str.o(.text)
    Str_Copy_N                               0x08004021   Thumb Code    70  lib_str.o(.text)
    Str_Copy                                 0x08004067   Thumb Code    24  lib_str.o(.text)
    Str_Cat_N                                0x0800407f   Thumb Code    90  lib_str.o(.text)
    Str_Cat                                  0x080040d9   Thumb Code    24  lib_str.o(.text)
    Str_Cmp_N                                0x080040f1   Thumb Code   156  lib_str.o(.text)
    Str_Cmp                                  0x0800418d   Thumb Code    24  lib_str.o(.text)
    Str_CmpIgnoreCase_N                      0x080041a5   Thumb Code   264  lib_str.o(.text)
    Str_CmpIgnoreCase                        0x080042ad   Thumb Code    24  lib_str.o(.text)
    Str_Char_N                               0x080042c5   Thumb Code    74  lib_str.o(.text)
    Str_Char                                 0x0800430f   Thumb Code    24  lib_str.o(.text)
    Str_Char_Last_N                          0x08004327   Thumb Code    76  lib_str.o(.text)
    Str_Char_Last                            0x08004373   Thumb Code    24  lib_str.o(.text)
    Str_Char_Replace_N                       0x0800438b   Thumb Code    52  lib_str.o(.text)
    Str_Char_Replace                         0x080043bf   Thumb Code    28  lib_str.o(.text)
    Str_Str_N                                0x080043db   Thumb Code   182  lib_str.o(.text)
    Str_Str                                  0x08004491   Thumb Code    24  lib_str.o(.text)
    Str_FmtNbr_Int32U                        0x08004685   Thumb Code    46  lib_str.o(.text)
    Str_FmtNbr_Int32S                        0x080046b3   Thumb Code    62  lib_str.o(.text)
    Str_ParseNbr_Int32U                      0x080048af   Thumb Code    30  lib_str.o(.text)
    Str_ParseNbr_Int32S                      0x080048cd   Thumb Code    74  lib_str.o(.text)
    Mem_Copy                                 0x0800491d   Thumb Code     0  lib_mem_a.o(.text)
    OSCfg_Init                               0x08004b3d   Thumb Code    86  os_cfg_app.o(.text)
    OS_IdleTask                              0x08004c39   Thumb Code    60  os_core.o(.text)
    OS_IdleTaskInit                          0x08004c75   Thumb Code    68  os_core.o(.text)
    OS_RdyListInit                           0x08004cb9   Thumb Code    32  os_core.o(.text)
    OSInit                                   0x08004cd9   Thumb Code   300  os_core.o(.text)
    OSIntEnter                               0x08004e05   Thumb Code    34  os_core.o(.text)
    OSIntExit                                0x08004e27   Thumb Code   192  os_core.o(.text)
    OSSched                                  0x08004ee7   Thumb Code   134  os_core.o(.text)
    OS_SchedLockTimeMeasStart                0x08004f6d   Thumb Code    20  os_core.o(.text)
    OSSchedLock                              0x08004f81   Thumb Code   104  os_core.o(.text)
    OS_SchedLockTimeMeasStop                 0x08004fe9   Thumb Code    44  os_core.o(.text)
    OSSchedUnlock                            0x08005015   Thumb Code   290  os_core.o(.text)
    OSSchedRoundRobinCfg                     0x08005137   Thumb Code    88  os_core.o(.text)
    OS_RdyListMoveHeadToTail                 0x0800518f   Thumb Code    68  os_core.o(.text)
    OSSchedRoundRobinYield                   0x080051d3   Thumb Code   164  os_core.o(.text)
    OSStart                                  0x08005277   Thumb Code    78  os_core.o(.text)
    OSVersion                                0x080052c5   Thumb Code    12  os_core.o(.text)
    OS_PendDbgNameAdd                        0x080052d1   Thumb Code    66  os_core.o(.text)
    OS_PendListInsertPrio                    0x08005313   Thumb Code   102  os_core.o(.text)
    OS_PendDataInit                          0x08005379   Thumb Code    38  os_core.o(.text)
    OS_RdyListRemove                         0x0800539f   Thumb Code    86  os_core.o(.text)
    OS_TaskBlock                             0x080053f5   Thumb Code    56  os_core.o(.text)
    OS_Pend                                  0x0800542d   Thumb Code    98  os_core.o(.text)
    OS_PendListRemove1                       0x0800548f   Thumb Code   134  os_core.o(.text)
    OS_PendListRemove                        0x08005515   Thumb Code    48  os_core.o(.text)
    OS_PendAbort1                            0x08005545   Thumb Code    36  os_core.o(.text)
    OS_RdyListInsertHead                     0x08005569   Thumb Code    58  os_core.o(.text)
    OS_RdyListInsertTail                     0x080055a3   Thumb Code    56  os_core.o(.text)
    OS_RdyListInsert                         0x080055db   Thumb Code    40  os_core.o(.text)
    OS_TaskRdy                               0x08005603   Thumb Code    28  os_core.o(.text)
    OS_PendAbort                             0x0800561f   Thumb Code   166  os_core.o(.text)
    OS_PendDbgNameRemove                     0x080056c5   Thumb Code    34  os_core.o(.text)
    OS_PendListChangePrio                    0x080056e7   Thumb Code    70  os_core.o(.text)
    OS_PendListInit                          0x0800572d   Thumb Code    10  os_core.o(.text)
    OS_PendListInsertHead                    0x08005737   Thumb Code    32  os_core.o(.text)
    OS_PendObjDel1                           0x08005757   Thumb Code    36  os_core.o(.text)
    OS_PendObjDel                            0x0800577b   Thumb Code   162  os_core.o(.text)
    OS_Post1                                 0x0800581d   Thumb Code    42  os_core.o(.text)
    OS_Post                                  0x08005847   Thumb Code   192  os_core.o(.text)
    OS_Sched0                                0x08005907   Thumb Code   102  os_core.o(.text)
    OS_SchedRoundRobin                       0x0800596d   Thumb Code   190  os_core.o(.text)
    OS_Dbg_Init                              0x08005a3d   Thumb Code   146  os_dbg.o(.text)
    OS_FlagDbgListAdd                        0x08005bed   Thumb Code    38  os_flag.o(.text)
    OSFlagCreate                             0x08005c13   Thumb Code   172  os_flag.o(.text)
    OS_FlagClr                               0x08005cbf   Thumb Code    28  os_flag.o(.text)
    OS_FlagDbgListRemove                     0x08005cdb   Thumb Code    44  os_flag.o(.text)
    OSFlagDel                                0x08005d07   Thumb Code   594  os_flag.o(.text)
    OS_FlagBlock                             0x08005f59   Thumb Code    58  os_flag.o(.text)
    OSFlagPend                               0x08005f93   Thumb Code  1488  os_flag.o(.text)
    OSFlagPendAbort                          0x08006563   Thumb Code   292  os_flag.o(.text)
    OSFlagPendGetFlagsRdy                    0x08006687   Thumb Code    68  os_flag.o(.text)
    OS_FlagTaskRdy                           0x080066cb   Thumb Code    86  os_flag.o(.text)
    OS_FlagPost                              0x08006721   Thumb Code   570  os_flag.o(.text)
    OSFlagPost                               0x0800695b   Thumb Code   146  os_flag.o(.text)
    OS_FlagInit                              0x080069ed   Thumb Code    14  os_flag.o(.text)
    OS_IntQPost                              0x08006a15   Thumb Code   216  os_int.o(.text)
    OS_IntQRePost                            0x08006aed   Thumb Code   360  os_int.o(.text)
    OS_IntQTask                              0x08006c55   Thumb Code   162  os_int.o(.text)
    OS_IntQTaskInit                          0x08006cf7   Thumb Code   208  os_int.o(.text)
    OS_MemDbgListAdd                         0x08006e59   Thumb Code    34  os_mem.o(.text)
    OSMemCreate                              0x08006e7b   Thumb Code   288  os_mem.o(.text)
    OSMemGet                                 0x08006f9b   Thumb Code   100  os_mem.o(.text)
    OSMemPut                                 0x08006fff   Thumb Code   112  os_mem.o(.text)
    OS_MemInit                               0x0800706f   Thumb Code    14  os_mem.o(.text)
    OS_MsgPoolCreate                         0x08007091   Thumb Code    54  os_msg.o(.text)
    OS_MsgPoolInit                           0x080070c7   Thumb Code    70  os_msg.o(.text)
    OS_MsgQFreeAll                           0x0800710d   Thumb Code    62  os_msg.o(.text)
    OS_MsgQInit                              0x0800714b   Thumb Code    14  os_msg.o(.text)
    OS_MsgQGet                               0x08007159   Thumb Code    98  os_msg.o(.text)
    OS_MsgQPut                               0x080071bb   Thumb Code   246  os_msg.o(.text)
    OS_MutexDbgListAdd                       0x080072bd   Thumb Code    38  os_mutex.o(.text)
    OSMutexCreate                            0x080072e3   Thumb Code   178  os_mutex.o(.text)
    OS_MutexClr                              0x08007395   Thumb Code    38  os_mutex.o(.text)
    OS_MutexDbgListRemove                    0x080073bb   Thumb Code    44  os_mutex.o(.text)
    OSMutexDel                               0x080073e7   Thumb Code   842  os_mutex.o(.text)
    OSMutexPend                              0x08007731   Thumb Code   706  os_mutex.o(.text)
    OSMutexPendAbort                         0x080079f3   Thumb Code   314  os_mutex.o(.text)
    OSMutexPost                              0x08007b2d   Thumb Code   564  os_mutex.o(.text)
    OS_MutexInit                             0x08007d61   Thumb Code    14  os_mutex.o(.text)
    OS_PrioInit                              0x08007d91   Thumb Code    20  os_prio.o(.text)
    OS_PrioGetHighest                        0x08007da5   Thumb Code    36  os_prio.o(.text)
    OS_PrioInsert                            0x08007dc9   Thumb Code    32  os_prio.o(.text)
    OS_PrioRemove                            0x08007de9   Thumb Code    32  os_prio.o(.text)
    OS_QDbgListAdd                           0x08007e0d   Thumb Code    38  os_q.o(.text)
    OSQCreate                                0x08007e33   Thumb Code   186  os_q.o(.text)
    OS_QClr                                  0x08007eed   Thumb Code    40  os_q.o(.text)
    OS_QDbgListRemove                        0x08007f15   Thumb Code    44  os_q.o(.text)
    OSQDel                                   0x08007f41   Thumb Code   362  os_q.o(.text)
    OSQFlush                                 0x080080ab   Thumb Code   210  os_q.o(.text)
    OSQPend                                  0x0800817d   Thumb Code   538  os_q.o(.text)
    OSQPendAbort                             0x08008397   Thumb Code   292  os_q.o(.text)
    OS_QPost                                 0x080084bb   Thumb Code   324  os_q.o(.text)
    OSQPost                                  0x080085ff   Thumb Code   198  os_q.o(.text)
    OS_QInit                                 0x080086c5   Thumb Code    14  os_q.o(.text)
    OS_SemDbgListAdd                         0x080086e5   Thumb Code    38  os_sem.o(.text)
    OSSemCreate                              0x0800870b   Thumb Code   172  os_sem.o(.text)
    OS_SemClr                                0x080087b7   Thumb Code    28  os_sem.o(.text)
    OS_SemDbgListRemove                      0x080087d3   Thumb Code    44  os_sem.o(.text)
    OSSemDel                                 0x080087ff   Thumb Code   362  os_sem.o(.text)
    OSSemPend                                0x08008969   Thumb Code   504  os_sem.o(.text)
    OSSemPendAbort                           0x08008b61   Thumb Code   292  os_sem.o(.text)
    OS_SemPost                               0x08008c85   Thumb Code   350  os_sem.o(.text)
    OSSemPost                                0x08008de3   Thumb Code   144  os_sem.o(.text)
    OSSemSet                                 0x08008e73   Thumb Code   138  os_sem.o(.text)
    OS_SemInit                               0x08008efd   Thumb Code    14  os_sem.o(.text)
    OSStatReset                              0x08008f15   Thumb Code   270  os_stat.o(.text)
    OSStatTaskCPUUsageInit                   0x08009023   Thumb Code   212  os_stat.o(.text)
    OS_StatTask                              0x080090f7   Thumb Code   888  os_stat.o(.text)
    OS_StatTaskInit                          0x0800946f   Thumb Code   138  os_stat.o(.text)
    OSTaskChangePrio                         0x0800954d   Thumb Code   416  os_task.o(.text)
    OS_TaskDbgListAdd                        0x080096ed   Thumb Code    42  os_task.o(.text)
    OS_TaskInitTCB                           0x08009717   Thumb Code   186  os_task.o(.text)
    OSTaskCreate                             0x080097d1   Thumb Code   616  os_task.o(.text)
    OS_TaskDbgListRemove                     0x08009a39   Thumb Code    64  os_task.o(.text)
    OSTaskDel                                0x08009a79   Thumb Code   424  os_task.o(.text)
    OSTaskQFlush                             0x08009c21   Thumb Code   214  os_task.o(.text)
    OSTaskQPend                              0x08009cf7   Thumb Code   554  os_task.o(.text)
    OSTaskQPendAbort                         0x08009f21   Thumb Code   242  os_task.o(.text)
    OS_TaskQPost                             0x0800a013   Thumb Code   526  os_task.o(.text)
    OSTaskQPost                              0x0800a221   Thumb Code   114  os_task.o(.text)
    OSTaskRegGet                             0x0800a293   Thumb Code    78  os_task.o(.text)
    OSTaskRegGetID                           0x0800a2e1   Thumb Code    84  os_task.o(.text)
    OSTaskRegSet                             0x0800a335   Thumb Code    78  os_task.o(.text)
    OS_TaskResume                            0x0800a383   Thumb Code   314  os_task.o(.text)
    OSTaskResume                             0x0800a4bd   Thumb Code   112  os_task.o(.text)
    OSTaskSemPend                            0x0800a52d   Thumb Code   550  os_task.o(.text)
    OSTaskSemPendAbort                       0x0800a753   Thumb Code   270  os_task.o(.text)
    OS_TaskSemPost                           0x0800a861   Thumb Code  1224  os_task.o(.text)
    OSTaskSemPost                            0x0800ad29   Thumb Code    98  os_task.o(.text)
    OSTaskSemSet                             0x0800ad8b   Thumb Code    80  os_task.o(.text)
    OSTaskStkChk                             0x0800addb   Thumb Code   224  os_task.o(.text)
    OS_TaskSuspend                           0x0800aebb   Thumb Code   328  os_task.o(.text)
    OSTaskSuspend                            0x0800b003   Thumb Code    78  os_task.o(.text)
    OSTaskTimeQuantaSet                      0x0800b051   Thumb Code    96  os_task.o(.text)
    OS_TaskInit                              0x0800b0b1   Thumb Code    18  os_task.o(.text)
    OS_TaskReturn                            0x0800b0c3   Thumb Code    20  os_task.o(.text)
    OS_TickListRemove                        0x0800b101   Thumb Code    56  os_tick.o(.text)
    OS_TickListUpdate                        0x0800b139   Thumb Code   480  os_tick.o(.text)
    OS_TickTask                              0x0800b319   Thumb Code    38  os_tick.o(.text)
    OS_TickListInit                          0x0800b33f   Thumb Code    32  os_tick.o(.text)
    OS_TickTaskInit                          0x0800b35f   Thumb Code   130  os_tick.o(.text)
    OS_TickListInsert                        0x0800b3e1   Thumb Code   502  os_tick.o(.text)
    OS_TickListResetPeak                     0x0800b5d7   Thumb Code    28  os_tick.o(.text)
    OSTimeDly                                0x0800b5fd   Thumb Code   266  os_time.o(.text)
    OSTimeDlyHMSM                            0x0800b707   Thumb Code   480  os_time.o(.text)
    OSTimeDlyResume                          0x0800b8e7   Thumb Code   466  os_time.o(.text)
    OSTimeGet                                0x0800bab9   Thumb Code    46  os_time.o(.text)
    OSTimeSet                                0x0800bae7   Thumb Code    46  os_time.o(.text)
    OSTimeTick                               0x0800bb15   Thumb Code    54  os_time.o(.text)
    OS_TmrDbgListAdd                         0x0800bb61   Thumb Code    34  os_tmr.o(.text)
    OSTmrCreate                              0x0800bb83   Thumb Code   248  os_tmr.o(.text)
    OS_TmrClr                                0x0800bc7b   Thumb Code    36  os_tmr.o(.text)
    OS_TmrUnlink                             0x0800bc9f   Thumb Code    72  os_tmr.o(.text)
    OS_TmrDbgListRemove                      0x0800bce7   Thumb Code    44  os_tmr.o(.text)
    OSTmrDel                                 0x0800bd13   Thumb Code   176  os_tmr.o(.text)
    OSTmrRemainGet                           0x0800bdc3   Thumb Code   184  os_tmr.o(.text)
    OS_TmrLink                               0x0800be7b   Thumb Code   196  os_tmr.o(.text)
    OSTmrStart                               0x0800bf3f   Thumb Code   210  os_tmr.o(.text)
    OSTmrStateGet                            0x0800c011   Thumb Code   134  os_tmr.o(.text)
    OSTmrStop                                0x0800c097   Thumb Code   232  os_tmr.o(.text)
    OS_TmrTask                               0x0800c17f   Thumb Code   176  os_tmr.o(.text)
    OS_TmrInit                               0x0800c22f   Thumb Code   208  os_tmr.o(.text)
    OS_TmrResetPeak                          0x0800c2ff   Thumb Code    28  os_tmr.o(.text)
    OSIdleTaskHook                           0x0800c379   Thumb Code    16  os_cpu_c.o(.text)
    OSInitHook                               0x0800c389   Thumb Code    42  os_cpu_c.o(.text)
    OSStatTaskHook                           0x0800c3b3   Thumb Code    16  os_cpu_c.o(.text)
    OSTaskCreateHook                         0x0800c3c3   Thumb Code    20  os_cpu_c.o(.text)
    OSTaskDelHook                            0x0800c3d7   Thumb Code    20  os_cpu_c.o(.text)
    OSTaskReturnHook                         0x0800c3eb   Thumb Code    20  os_cpu_c.o(.text)
    OSTaskStkInit                            0x0800c3ff   Thumb Code   188  os_cpu_c.o(.text)
    OSTaskSwHook                             0x0800c4bb   Thumb Code   120  os_cpu_c.o(.text)
    OSTimeTickHook                           0x0800c533   Thumb Code    16  os_cpu_c.o(.text)
    OS_CPU_SysTickHandler                    0x0800c543   Thumb Code    52  os_cpu_c.o(.text)
    OS_CPU_SysTickInit                       0x0800c577   Thumb Code    44  os_cpu_c.o(.text)
    atk_8266_at_response                     0x0800c5e5   Thumb Code    46  common.o(.text)
    atk_8266_check_cmd                       0x0800c613   Thumb Code    44  common.o(.text)
    atk_8266_send_cmd                        0x0800c63f   Thumb Code    92  common.o(.text)
    atk_8266_send_data                       0x0800c69b   Thumb Code    84  common.o(.text)
    atk_8266_quit_trans                      0x0800c6ef   Thumb Code   100  common.o(.text)
    atk_8266_consta_check                    0x0800c753   Thumb Code    36  common.o(.text)
    atk_8266_get_wanip                       0x0800c777   Thumb Code    58  common.o(.text)
    startCollection                          0x0800c7b1   Thumb Code    70  common.o(.text)
    wifista_test                             0x0800c86d   Thumb Code     4  wifista.o(.text)
    __use_no_semihosting                     0x0800c871   Thumb Code     2  use_no_semi_2.o(.text)
    __aeabi_uldivmod                         0x0800c873   Thumb Code     0  lludivv7m.o(.text)
    _ll_udiv                                 0x0800c873   Thumb Code   238  lludivv7m.o(.text)
    __c89vsprintf                            0x0800c961   Thumb Code    32  c89vsprintf.o(.text)
    __2printf                                0x0800c985   Thumb Code    20  __2printf.o(.text)
    __2sprintf                               0x0800c99d   Thumb Code    38  __2sprintf.o(.text)
    _printf_str                              0x0800c9c9   Thumb Code    82  _printf_str.o(.text)
    __printf                                 0x0800ca1d   Thumb Code   388  __printf_flags_ss_wp.o(.text)
    strstr                                   0x0800cba5   Thumb Code    36  strstr.o(.text)
    strlen                                   0x0800cbc9   Thumb Code    62  strlen.o(.text)
    __use_two_region_memory                  0x0800cc07   Thumb Code     2  heapauxi.o(.text)
    __rt_heap_escrow$2region                 0x0800cc09   Thumb Code     2  heapauxi.o(.text)
    __rt_heap_expand$2region                 0x0800cc0b   Thumb Code     2  heapauxi.o(.text)
    __I$use$semihosting                      0x0800cc0d   Thumb Code     0  use_no_semi.o(.text)
    __use_no_semihosting_swi                 0x0800cc0d   Thumb Code     2  use_no_semi.o(.text)
    _printf_pre_padding                      0x0800cc0f   Thumb Code    44  _printf_pad.o(.text)
    _printf_post_padding                     0x0800cc3b   Thumb Code    34  _printf_pad.o(.text)
    _printf_truncate_signed                  0x0800cc5d   Thumb Code    18  _printf_truncate.o(.text)
    _printf_truncate_unsigned                0x0800cc6f   Thumb Code    18  _printf_truncate.o(.text)
    _printf_int_dec                          0x0800cc81   Thumb Code   104  _printf_dec.o(.text)
    _printf_charcount                        0x0800ccf9   Thumb Code    40  _printf_charcount.o(.text)
    _printf_char_common                      0x0800cd2b   Thumb Code    32  _printf_char_common.o(.text)
    _sputc                                   0x0800cd51   Thumb Code    10  _sputc.o(.text)
    _printf_cs_common                        0x0800cd5b   Thumb Code    20  _printf_char.o(.text)
    _printf_char                             0x0800cd6f   Thumb Code    16  _printf_char.o(.text)
    _printf_string                           0x0800cd7f   Thumb Code     8  _printf_char.o(.text)
    _printf_char_file                        0x0800cd89   Thumb Code    32  _printf_char_file.o(.text)
    _printf_wctomb                           0x0800cdad   Thumb Code   182  _printf_wctomb.o(.text)
    _printf_longlong_dec                     0x0800ce69   Thumb Code   108  _printf_longlong_dec.o(.text)
    _printf_longlong_oct                     0x0800cee5   Thumb Code    68  _printf_oct_int_ll.o(.text)
    _printf_int_oct                          0x0800cf29   Thumb Code    24  _printf_oct_int_ll.o(.text)
    _printf_ll_oct                           0x0800cf41   Thumb Code    12  _printf_oct_int_ll.o(.text)
    _printf_longlong_hex                     0x0800cf55   Thumb Code    86  _printf_hex_int_ll_ptr.o(.text)
    _printf_int_hex                          0x0800cfab   Thumb Code    28  _printf_hex_int_ll_ptr.o(.text)
    _printf_ll_hex                           0x0800cfc7   Thumb Code    12  _printf_hex_int_ll_ptr.o(.text)
    _printf_hex_ptr                          0x0800cfd3   Thumb Code    18  _printf_hex_int_ll_ptr.o(.text)
    _ll_udiv10                               0x0800cfe9   Thumb Code   138  lludiv10.o(.text)
    _printf_int_common                       0x0800d073   Thumb Code   178  _printf_intcommon.o(.text)
    __lib_sel_fp_printf                      0x0800d125   Thumb Code     2  _printf_fp_dec.o(.text)
    _printf_fp_dec_real                      0x0800d2d3   Thumb Code   620  _printf_fp_dec.o(.text)
    _printf_lcs_common                       0x0800d53f   Thumb Code    20  _printf_wchar.o(.text)
    _printf_wchar                            0x0800d553   Thumb Code    16  _printf_wchar.o(.text)
    _printf_wstring                          0x0800d563   Thumb Code     8  _printf_wchar.o(.text)
    ferror                                   0x0800d56b   Thumb Code     8  ferror.o(.text)
    _wcrtomb                                 0x0800d573   Thumb Code    64  _wcrtomb.o(.text)
    __user_setup_stackheap                   0x0800d5b3   Thumb Code    74  sys_stackheap_outer.o(.text)
    __rt_ctype_table                         0x0800d5fd   Thumb Code    16  rt_ctype_table.o(.text)
    __rt_locale                              0x0800d60d   Thumb Code     8  rt_locale_intlibspace.o(.text)
    _printf_fp_infnan                        0x0800d615   Thumb Code   112  _printf_fp_infnan.o(.text)
    _btod_etento                             0x0800d695   Thumb Code   216  bigflt0.o(.text)
    exit                                     0x0800d771   Thumb Code    18  exit.o(.text)
    __user_libspace                          0x0800d785   Thumb Code     8  libspace.o(.text)
    __user_perproc_libspace                  0x0800d785   Thumb Code     0  libspace.o(.text)
    __user_perthread_libspace                0x0800d785   Thumb Code     0  libspace.o(.text)
    strcmp                                   0x0800d78d   Thumb Code   128  strcmpv7m.o(.text)
    _btod_d2e                                0x0800d80d   Thumb Code    62  btod.o(CL$$btod_d2e)
    _d2e_denorm_low                          0x0800d84b   Thumb Code    70  btod.o(CL$$btod_d2e_denorm_low)
    _d2e_norm_op1                            0x0800d891   Thumb Code    96  btod.o(CL$$btod_d2e_norm_op1)
    __btod_div_common                        0x0800d8f1   Thumb Code   696  btod.o(CL$$btod_div_common)
    _e2e                                     0x0800dc29   Thumb Code   198  btod.o(CL$$btod_e2e)
    _btod_ediv                               0x0800dcef   Thumb Code    40  btod.o(CL$$btod_ediv)
    _btod_emul                               0x0800dd17   Thumb Code    40  btod.o(CL$$btod_emul)
    __btod_mult_common                       0x0800dd3f   Thumb Code   580  btod.o(CL$$btod_mult_common)
    OSStartHighRdy                           0x0800df85   Thumb Code     0  os_cpu_a.o(CODE)
    PendSV_Handler                           0x0800dfbb   Thumb Code     0  os_cpu_a.o(CODE)
    __ARM_fpclassify                         0x0800e01d   Thumb Code    40  fpclassify.o(i.__ARM_fpclassify)
    _is_digit                                0x0800e045   Thumb Code    14  __printf_wp.o(i._is_digit)
    _get_lc_numeric                          0x0800e055   Thumb Code    44  lc_numeric_c.o(locale$$code)
    _get_lc_ctype                            0x0800e081   Thumb Code    44  lc_ctype_c.o(locale$$code)
    __aeabi_fadd                             0x0800e0ad   Thumb Code     0  faddsub_clz.o(x$fpl$fadd)
    _fadd                                    0x0800e0ad   Thumb Code   196  faddsub_clz.o(x$fpl$fadd)
    __fpl_fnaninf                            0x0800e171   Thumb Code   140  fnaninf.o(x$fpl$fnaninf)
    __fpl_fretinf                            0x0800e1fd   Thumb Code    10  fretinf.o(x$fpl$fretinf)
    __aeabi_fsub                             0x0800e209   Thumb Code     0  faddsub_clz.o(x$fpl$fsub)
    _fsub                                    0x0800e209   Thumb Code   234  faddsub_clz.o(x$fpl$fsub)
    _printf_fp_dec                           0x0800e2f3   Thumb Code     4  printf1.o(x$fpl$printf1)
    __I$use$fp                               0x0800e2f6   Number         0  usenofp.o(x$fpl$usenofp)
    CPU_EndiannessTest                       0x0800e3f8   Data           4  cpu_core.o(.constdata)
    OSCfg_IdleTaskStkBasePtr                 0x0800e490   Data           4  os_cfg_app.o(.constdata)
    OSCfg_IdleTaskStkLimit                   0x0800e494   Data           4  os_cfg_app.o(.constdata)
    OSCfg_IdleTaskStkSize                    0x0800e498   Data           4  os_cfg_app.o(.constdata)
    OSCfg_IdleTaskStkSizeRAM                 0x0800e49c   Data           4  os_cfg_app.o(.constdata)
    OSCfg_IntQBasePtr                        0x0800e4a0   Data           4  os_cfg_app.o(.constdata)
    OSCfg_IntQSize                           0x0800e4a4   Data           2  os_cfg_app.o(.constdata)
    OSCfg_IntQSizeRAM                        0x0800e4a8   Data           4  os_cfg_app.o(.constdata)
    OSCfg_IntQTaskStkBasePtr                 0x0800e4ac   Data           4  os_cfg_app.o(.constdata)
    OSCfg_IntQTaskStkLimit                   0x0800e4b0   Data           4  os_cfg_app.o(.constdata)
    OSCfg_IntQTaskStkSize                    0x0800e4b4   Data           4  os_cfg_app.o(.constdata)
    OSCfg_IntQTaskStkSizeRAM                 0x0800e4b8   Data           4  os_cfg_app.o(.constdata)
    OSCfg_ISRStkBasePtr                      0x0800e4bc   Data           4  os_cfg_app.o(.constdata)
    OSCfg_ISRStkSize                         0x0800e4c0   Data           4  os_cfg_app.o(.constdata)
    OSCfg_ISRStkSizeRAM                      0x0800e4c4   Data           4  os_cfg_app.o(.constdata)
    OSCfg_MsgPoolSize                        0x0800e4c8   Data           2  os_cfg_app.o(.constdata)
    OSCfg_MsgPoolSizeRAM                     0x0800e4cc   Data           4  os_cfg_app.o(.constdata)
    OSCfg_MsgPoolBasePtr                     0x0800e4d0   Data           4  os_cfg_app.o(.constdata)
    OSCfg_StatTaskPrio                       0x0800e4d4   Data           1  os_cfg_app.o(.constdata)
    OSCfg_StatTaskRate_Hz                    0x0800e4d8   Data           4  os_cfg_app.o(.constdata)
    OSCfg_StatTaskStkBasePtr                 0x0800e4dc   Data           4  os_cfg_app.o(.constdata)
    OSCfg_StatTaskStkLimit                   0x0800e4e0   Data           4  os_cfg_app.o(.constdata)
    OSCfg_StatTaskStkSize                    0x0800e4e4   Data           4  os_cfg_app.o(.constdata)
    OSCfg_StatTaskStkSizeRAM                 0x0800e4e8   Data           4  os_cfg_app.o(.constdata)
    OSCfg_StkSizeMin                         0x0800e4ec   Data           4  os_cfg_app.o(.constdata)
    OSCfg_TickRate_Hz                        0x0800e4f0   Data           4  os_cfg_app.o(.constdata)
    OSCfg_TickTaskPrio                       0x0800e4f4   Data           1  os_cfg_app.o(.constdata)
    OSCfg_TickTaskStkBasePtr                 0x0800e4f8   Data           4  os_cfg_app.o(.constdata)
    OSCfg_TickTaskStkLimit                   0x0800e4fc   Data           4  os_cfg_app.o(.constdata)
    OSCfg_TickTaskStkSize                    0x0800e500   Data           4  os_cfg_app.o(.constdata)
    OSCfg_TickTaskStkSizeRAM                 0x0800e504   Data           4  os_cfg_app.o(.constdata)
    OSCfg_TickWheelSize                      0x0800e508   Data           2  os_cfg_app.o(.constdata)
    OSCfg_TickWheelSizeRAM                   0x0800e50c   Data           4  os_cfg_app.o(.constdata)
    OSCfg_TmrTaskPrio                        0x0800e510   Data           1  os_cfg_app.o(.constdata)
    OSCfg_TmrTaskRate_Hz                     0x0800e514   Data           4  os_cfg_app.o(.constdata)
    OSCfg_TmrTaskStkBasePtr                  0x0800e518   Data           4  os_cfg_app.o(.constdata)
    OSCfg_TmrTaskStkLimit                    0x0800e51c   Data           4  os_cfg_app.o(.constdata)
    OSCfg_TmrTaskStkSize                     0x0800e520   Data           4  os_cfg_app.o(.constdata)
    OSCfg_TmrTaskStkSizeRAM                  0x0800e524   Data           4  os_cfg_app.o(.constdata)
    OSCfg_TmrWheelSize                       0x0800e528   Data           2  os_cfg_app.o(.constdata)
    OSCfg_TmrWheelSizeRAM                    0x0800e52c   Data           4  os_cfg_app.o(.constdata)
    OSCfg_DataSizeRAM                        0x0800e530   Data           4  os_cfg_app.o(.constdata)
    OSDbg_DbgEn                              0x0800e534   Data           2  os_dbg.o(.constdata)
    OSDbg_ArgChkEn                           0x0800e536   Data           1  os_dbg.o(.constdata)
    OSDbg_AppHooksEn                         0x0800e537   Data           1  os_dbg.o(.constdata)
    OSDbg_EndiannessTest                     0x0800e538   Data           4  os_dbg.o(.constdata)
    OSDbg_CalledFromISRChkEn                 0x0800e53c   Data           1  os_dbg.o(.constdata)
    OSDbg_FlagEn                             0x0800e53d   Data           1  os_dbg.o(.constdata)
    OSDbg_FlagGrp                            0x0800e540   Data          40  os_dbg.o(.constdata)
    OSDbg_FlagDelEn                          0x0800e568   Data           1  os_dbg.o(.constdata)
    OSDbg_FlagModeClrEn                      0x0800e569   Data           1  os_dbg.o(.constdata)
    OSDbg_FlagPendAbortEn                    0x0800e56a   Data           1  os_dbg.o(.constdata)
    OSDbg_FlagGrpSize                        0x0800e56c   Data           2  os_dbg.o(.constdata)
    OSDbg_FlagWidth                          0x0800e56e   Data           2  os_dbg.o(.constdata)
    OSDbg_IntQ                               0x0800e570   Data           2  os_dbg.o(.constdata)
    OSDbg_ISRPostDeferredEn                  0x0800e572   Data           1  os_dbg.o(.constdata)
    OSDbg_Mem                                0x0800e574   Data          32  os_dbg.o(.constdata)
    OSDbg_MemEn                              0x0800e594   Data           1  os_dbg.o(.constdata)
    OSDbg_MemSize                            0x0800e596   Data           2  os_dbg.o(.constdata)
    OSDbg_MsgEn                              0x0800e598   Data           1  os_dbg.o(.constdata)
    OSDbg_MsgSize                            0x0800e59a   Data           2  os_dbg.o(.constdata)
    OSDbg_MsgPoolSize                        0x0800e59c   Data           2  os_dbg.o(.constdata)
    OSDbg_MsgQSize                           0x0800e59e   Data           2  os_dbg.o(.constdata)
    OSDbg_Mutex                              0x0800e5a0   Data          44  os_dbg.o(.constdata)
    OSDbg_MutexEn                            0x0800e5cc   Data           1  os_dbg.o(.constdata)
    OSDbg_MutexDelEn                         0x0800e5cd   Data           1  os_dbg.o(.constdata)
    OSDbg_MutexPendAbortEn                   0x0800e5ce   Data           1  os_dbg.o(.constdata)
    OSDbg_MutexSize                          0x0800e5d0   Data           2  os_dbg.o(.constdata)
    OSDbg_ObjTypeChkEn                       0x0800e5d2   Data           1  os_dbg.o(.constdata)
    OSDbg_PendMultiEn                        0x0800e5d3   Data           1  os_dbg.o(.constdata)
    OSDbg_PendDataSize                       0x0800e5d4   Data           2  os_dbg.o(.constdata)
    OSDbg_PendListSize                       0x0800e5d6   Data           2  os_dbg.o(.constdata)
    OSDbg_PendObjSize                        0x0800e5d8   Data           2  os_dbg.o(.constdata)
    OSDbg_PrioMax                            0x0800e5da   Data           2  os_dbg.o(.constdata)
    OSDbg_PrioTblSize                        0x0800e5dc   Data           2  os_dbg.o(.constdata)
    OSDbg_PtrSize                            0x0800e5de   Data           2  os_dbg.o(.constdata)
    OSDbg_Q                                  0x0800e5e0   Data          48  os_dbg.o(.constdata)
    OSDbg_QEn                                0x0800e610   Data           1  os_dbg.o(.constdata)
    OSDbg_QDelEn                             0x0800e611   Data           1  os_dbg.o(.constdata)
    OSDbg_QFlushEn                           0x0800e612   Data           1  os_dbg.o(.constdata)
    OSDbg_QPendAbortEn                       0x0800e613   Data           1  os_dbg.o(.constdata)
    OSDbg_QSize                              0x0800e614   Data           2  os_dbg.o(.constdata)
    OSDbg_SchedRoundRobinEn                  0x0800e616   Data           1  os_dbg.o(.constdata)
    OSDbg_Sem                                0x0800e618   Data          40  os_dbg.o(.constdata)
    OSDbg_SemEn                              0x0800e640   Data           1  os_dbg.o(.constdata)
    OSDbg_SemDelEn                           0x0800e641   Data           1  os_dbg.o(.constdata)
    OSDbg_SemPendAbortEn                     0x0800e642   Data           1  os_dbg.o(.constdata)
    OSDbg_SemSetEn                           0x0800e643   Data           1  os_dbg.o(.constdata)
    OSDbg_SemSize                            0x0800e644   Data           2  os_dbg.o(.constdata)
    OSDbg_RdyList                            0x0800e646   Data           2  os_dbg.o(.constdata)
    OSDbg_RdyListSize                        0x0800e648   Data           4  os_dbg.o(.constdata)
    OSDbg_StkWidth                           0x0800e64c   Data           1  os_dbg.o(.constdata)
    OSDbg_StatTaskEn                         0x0800e64d   Data           1  os_dbg.o(.constdata)
    OSDbg_StatTaskStkChkEn                   0x0800e64e   Data           1  os_dbg.o(.constdata)
    OSDbg_TaskChangePrioEn                   0x0800e64f   Data           1  os_dbg.o(.constdata)
    OSDbg_TaskDelEn                          0x0800e650   Data           1  os_dbg.o(.constdata)
    OSDbg_TaskQEn                            0x0800e651   Data           1  os_dbg.o(.constdata)
    OSDbg_TaskQPendAbortEn                   0x0800e652   Data           1  os_dbg.o(.constdata)
    OSDbg_TaskProfileEn                      0x0800e653   Data           1  os_dbg.o(.constdata)
    OSDbg_TaskRegTblSize                     0x0800e654   Data           2  os_dbg.o(.constdata)
    OSDbg_TaskSemPendAbortEn                 0x0800e656   Data           1  os_dbg.o(.constdata)
    OSDbg_TaskSuspendEn                      0x0800e657   Data           1  os_dbg.o(.constdata)
    OSDbg_TCBSize                            0x0800e658   Data           2  os_dbg.o(.constdata)
    OSDbg_TickSpokeSize                      0x0800e65a   Data           2  os_dbg.o(.constdata)
    OSDbg_TimeDlyHMSMEn                      0x0800e65c   Data           1  os_dbg.o(.constdata)
    OSDbg_TimeDlyResumeEn                    0x0800e65d   Data           1  os_dbg.o(.constdata)
    OSDbg_TLS_TblSize                        0x0800e65e   Data           2  os_dbg.o(.constdata)
    OSDbg_Tmr                                0x0800e660   Data          52  os_dbg.o(.constdata)
    OSDbg_TmrEn                              0x0800e694   Data           1  os_dbg.o(.constdata)
    OSDbg_TmrDelEn                           0x0800e695   Data           1  os_dbg.o(.constdata)
    OSDbg_TmrSize                            0x0800e696   Data           2  os_dbg.o(.constdata)
    OSDbg_TmrSpokeSize                       0x0800e698   Data           2  os_dbg.o(.constdata)
    OSDbg_VersionNbr                         0x0800e69a   Data           2  os_dbg.o(.constdata)
    OSDbg_DataSize                           0x0800e69c   Data           4  os_dbg.o(.constdata)
    Region$$Table$$Base                      0x0800e778   Number         0  anon$$obj.o(Region$$Table)
    Region$$Table$$Limit                     0x0800e798   Number         0  anon$$obj.o(Region$$Table)
    __ctype                                  0x0800e7c1   Data           0  lc_ctype_c.o(locale$$data)
    rlen                                     0x20000000   Data           2  main.o(.data)
    i                                        0x20000004   Data           4  main.o(.data)
    dlen                                     0x20000008   Data           2  main.o(.data)
    SystemCoreClock                          0x20000010   Data           4  system_stm32f10x.o(.data)
    AHBPrescTable                            0x20000014   Data          16  system_stm32f10x.o(.data)
    USART2_RX_STA                            0x20000024   Data           2  usart2.o(.data)
    USART3_RX_STA                            0x20000026   Data           2  usart3.o(.data)
    __stdout                                 0x2000002c   Data           4  usart.o(.data)
    USART_RX_STA                             0x20000030   Data           2  usart.o(.data)
    CPU_TS_TmrFreq_Hz                        0x20000048   Data           4  cpu_core.o(.data)
    Mem_PoolTbl                              0x2000004c   Data           4  lib_mem.o(.data)
    OSPrioTbl                                0x20000050   Data           8  os_prio.o(.data)
    OS_AppTaskCreateHookPtr                  0x20000058   Data           4  os_var.o(.data)
    OS_AppTaskDelHookPtr                     0x2000005c   Data           4  os_var.o(.data)
    OS_AppTaskReturnHookPtr                  0x20000060   Data           4  os_var.o(.data)
    OS_AppIdleTaskHookPtr                    0x20000064   Data           4  os_var.o(.data)
    OS_AppStatTaskHookPtr                    0x20000068   Data           4  os_var.o(.data)
    OS_AppTaskSwHookPtr                      0x2000006c   Data           4  os_var.o(.data)
    OS_AppTimeTickHookPtr                    0x20000070   Data           4  os_var.o(.data)
    OSIdleTaskCtr                            0x20000074   Data           4  os_var.o(.data)
    OSIntNestingCtr                          0x20000078   Data           1  os_var.o(.data)
    OSRunning                                0x20000079   Data           1  os_var.o(.data)
    OSIntQInPtr                              0x2000007c   Data           4  os_var.o(.data)
    OSIntQOutPtr                             0x20000080   Data           4  os_var.o(.data)
    OSIntQNbrEntries                         0x20000084   Data           2  os_var.o(.data)
    OSIntQNbrEntriesMax                      0x20000086   Data           2  os_var.o(.data)
    OSIntQOvfCtr                             0x20000088   Data           2  os_var.o(.data)
    OSIntQTaskTimeMax                        0x2000008c   Data           4  os_var.o(.data)
    OSFlagDbgListPtr                         0x20000090   Data           4  os_var.o(.data)
    OSFlagQty                                0x20000094   Data           2  os_var.o(.data)
    OSMemDbgListPtr                          0x20000098   Data           4  os_var.o(.data)
    OSMemQty                                 0x2000009c   Data           2  os_var.o(.data)
    OSMutexDbgListPtr                        0x200000a0   Data           4  os_var.o(.data)
    OSMutexQty                               0x200000a4   Data           2  os_var.o(.data)
    OSPrioCur                                0x200000a6   Data           1  os_var.o(.data)
    OSPrioHighRdy                            0x200000a7   Data           1  os_var.o(.data)
    OSPrioSaved                              0x200000a8   Data           1  os_var.o(.data)
    OSQDbgListPtr                            0x200000ac   Data           4  os_var.o(.data)
    OSQQty                                   0x200000b0   Data           2  os_var.o(.data)
    OSSchedLockTimeBegin                     0x200000b4   Data           4  os_var.o(.data)
    OSSchedLockTimeMax                       0x200000b8   Data           4  os_var.o(.data)
    OSSchedLockTimeMaxCur                    0x200000bc   Data           4  os_var.o(.data)
    OSSchedLockNestingCtr                    0x200000c0   Data           1  os_var.o(.data)
    OSSchedRoundRobinDfltTimeQuanta          0x200000c4   Data           4  os_var.o(.data)
    OSSchedRoundRobinEn                      0x200000c8   Data           1  os_var.o(.data)
    OSSemDbgListPtr                          0x200000cc   Data           4  os_var.o(.data)
    OSSemQty                                 0x200000d0   Data           2  os_var.o(.data)
    OSStatResetFlag                          0x200000d2   Data           1  os_var.o(.data)
    OSStatTaskCPUUsage                       0x200000d4   Data           2  os_var.o(.data)
    OSStatTaskCPUUsageMax                    0x200000d6   Data           2  os_var.o(.data)
    OSStatTaskCtr                            0x200000d8   Data           4  os_var.o(.data)
    OSStatTaskCtrMax                         0x200000dc   Data           4  os_var.o(.data)
    OSStatTaskCtrRun                         0x200000e0   Data           4  os_var.o(.data)
    OSStatTaskRdy                            0x200000e4   Data           1  os_var.o(.data)
    OSStatTaskTimeMax                        0x200000e8   Data           4  os_var.o(.data)
    OSTaskCtxSwCtr                           0x200000ec   Data           4  os_var.o(.data)
    OSTaskDbgListPtr                         0x200000f0   Data           4  os_var.o(.data)
    OSTaskQty                                0x200000f4   Data           2  os_var.o(.data)
    OSTaskRegNextAvailID                     0x200000f6   Data           1  os_var.o(.data)
    OSTickCtr                                0x200000f8   Data           4  os_var.o(.data)
    OSTickTaskTimeMax                        0x200000fc   Data           4  os_var.o(.data)
    OSTmrDbgListPtr                          0x20000100   Data           4  os_var.o(.data)
    OSTmrQty                                 0x20000104   Data           2  os_var.o(.data)
    OSTmrTaskTimeMax                         0x20000108   Data           4  os_var.o(.data)
    OSTmrTickCtr                             0x2000010c   Data           4  os_var.o(.data)
    OSTmrUpdateCnt                           0x20000110   Data           4  os_var.o(.data)
    OSTmrUpdateCtr                           0x20000114   Data           4  os_var.o(.data)
    OSTCBCurPtr                              0x20000118   Data           4  os_var.o(.data)
    OSTCBHighRdyPtr                          0x2000011c   Data           4  os_var.o(.data)
    OS_CPU_ExceptStkBase                     0x20000120   Data           4  os_cpu_c.o(.data)
    StartTaskTCB                             0x20000128   Data         196  main.o(.bss)
    START_TASK_STK                           0x200001ec   Data        2048  main.o(.bss)
    Led0TaskTCB                              0x200009ec   Data         196  main.o(.bss)
    LED0_TASK_STK                            0x20000ab0   Data         512  main.o(.bss)
    Led1TaskTCB                              0x20000cb0   Data         196  main.o(.bss)
    LED1_TASK_STK                            0x20000d74   Data         512  main.o(.bss)
    FloatTaskTCB                             0x20000f74   Data         196  main.o(.bss)
    FLOAT_TASK_STK                           0x20001038   Data         512  main.o(.bss)
    WifiTaskTCB                              0x20001238   Data         196  main.o(.bss)
    WIFI_TASK_STK                            0x200012fc   Data         512  main.o(.bss)
    WifiGetTaskTCB                           0x200014fc   Data         196  main.o(.bss)
    WIFI_GET_TASK_STK                        0x200015c0   Data         512  main.o(.bss)
    DeviceGetTaskTCB                         0x200017c0   Data         196  main.o(.bss)
    DEVICE_GET_TASK_STK                      0x20001884   Data         512  main.o(.bss)
    USART2_TX_BUF                            0x20001a88   Data        1024  usart2.o(.bss)
    USART2_RX_BUF                            0x20001e88   Data        1024  usart2.o(.bss)
    USART3_TX_BUF                            0x20002288   Data        1024  usart3.o(.bss)
    USART3_RX_BUF                            0x20002688   Data        1024  usart3.o(.bss)
    USART_RX_BUF                             0x20002a88   Data         200  usart.o(.bss)
    CPU_Name                                 0x20002b50   Data          16  cpu_core.o(.bss)
    Mem_PoolHeap                             0x20002b60   Data          72  lib_mem.o(.bss)
    Mem_Heap                                 0x20002ba8   Data        1024  lib_mem.o(.bss)
    OSCfg_IdleTaskStk                        0x20002fa8   Data         512  os_cfg_app.o(.bss)
    OSCfg_IntQ                               0x200031a8   Data         320  os_cfg_app.o(.bss)
    OSCfg_IntQTaskStk                        0x200032e8   Data         512  os_cfg_app.o(.bss)
    OSCfg_ISRStk                             0x200034e8   Data         512  os_cfg_app.o(.bss)
    OSCfg_MsgPool                            0x200036e8   Data        1600  os_cfg_app.o(.bss)
    OSCfg_StatTaskStk                        0x20003d28   Data         512  os_cfg_app.o(.bss)
    OSCfg_TickTaskStk                        0x20003f28   Data         512  os_cfg_app.o(.bss)
    OSCfg_TickWheel                          0x20004128   Data         136  os_cfg_app.o(.bss)
    OSCfg_TmrTaskStk                         0x200041b0   Data         512  os_cfg_app.o(.bss)
    OSCfg_TmrWheel                           0x200043b0   Data         136  os_cfg_app.o(.bss)
    OSIdleTaskTCB                            0x20004438   Data         196  os_var.o(.bss)
    OSIntQTaskTCB                            0x200044fc   Data         196  os_var.o(.bss)
    OSMsgPool                                0x200045c0   Data          12  os_var.o(.bss)
    OSRdyList                                0x200045cc   Data         768  os_var.o(.bss)
    OSStatTaskTCB                            0x200048cc   Data         196  os_var.o(.bss)
    OSTickTaskTCB                            0x20004990   Data         196  os_var.o(.bss)
    OSTmrTaskTCB                             0x20004a54   Data         196  os_var.o(.bss)
    __libspace_start                         0x20004b18   Data          96  libspace.o(.bss)
    __temporary_stack_top$libspace           0x20004b78   Data           0  libspace.o(.bss)
    mem2base                                 0x68000000   Data       983040  malloc.o(.ARM.__AT_0x68000000)
    mem2mapbase                              0x680f0000   Data       61440  malloc.o(.ARM.__AT_0x680F0000)



==============================================================================

Memory Map of the image

  Image Entry point : 0x08000131

  Load Region LR_IROM1 (Base: 0x08000000, Size: 0x0000e9e8, Max: 0x00040000, ABSOLUTE)

    Execution Region ER_IROM1 (Base: 0x08000000, Size: 0x0000e8c4, Max: 0x00040000, ABSOLUTE)

    Base Addr    Size         Type   Attr      Idx    E Section Name        Object

    0x08000000   0x00000130   Data   RO          349    RESET               startup_stm32f10x_hd.o
    0x08000130   0x00000008   Code   RO         1180  * !!!main             c_w.l(__main.o)
    0x08000138   0x00000034   Code   RO         1490    !!!scatter          c_w.l(__scatter.o)
    0x0800016c   0x0000001a   Code   RO         1492    !!handler_copy      c_w.l(__scatter_copy.o)
    0x08000186   0x00000002   PAD
    0x08000188   0x0000001c   Code   RO         1494    !!handler_zi        c_w.l(__scatter_zi.o)
    0x080001a4   0x00000000   Code   RO         1173    .ARM.Collect$$_printf_percent$$00000000  c_w.l(_printf_percent.o)
    0x080001a4   0x00000006   Code   RO         1244    .ARM.Collect$$_printf_percent$$00000001  c_w.l(_printf_n.o)
    0x080001aa   0x00000006   Code   RO         1246    .ARM.Collect$$_printf_percent$$00000002  c_w.l(_printf_p.o)
    0x080001b0   0x00000006   Code   RO         1251    .ARM.Collect$$_printf_percent$$00000003  c_w.l(_printf_f.o)
    0x080001b6   0x00000006   Code   RO         1252    .ARM.Collect$$_printf_percent$$00000004  c_w.l(_printf_e.o)
    0x080001bc   0x00000006   Code   RO         1253    .ARM.Collect$$_printf_percent$$00000005  c_w.l(_printf_g.o)
    0x080001c2   0x00000006   Code   RO         1254    .ARM.Collect$$_printf_percent$$00000006  c_w.l(_printf_a.o)
    0x080001c8   0x0000000a   Code   RO         1259    .ARM.Collect$$_printf_percent$$00000007  c_w.l(_printf_ll.o)
    0x080001d2   0x00000006   Code   RO         1248    .ARM.Collect$$_printf_percent$$00000008  c_w.l(_printf_i.o)
    0x080001d8   0x00000006   Code   RO         1249    .ARM.Collect$$_printf_percent$$00000009  c_w.l(_printf_d.o)
    0x080001de   0x00000006   Code   RO         1250    .ARM.Collect$$_printf_percent$$0000000A  c_w.l(_printf_u.o)
    0x080001e4   0x00000006   Code   RO         1247    .ARM.Collect$$_printf_percent$$0000000B  c_w.l(_printf_o.o)
    0x080001ea   0x00000006   Code   RO         1245    .ARM.Collect$$_printf_percent$$0000000C  c_w.l(_printf_x.o)
    0x080001f0   0x00000006   Code   RO         1256    .ARM.Collect$$_printf_percent$$0000000D  c_w.l(_printf_lli.o)
    0x080001f6   0x00000006   Code   RO         1257    .ARM.Collect$$_printf_percent$$0000000E  c_w.l(_printf_lld.o)
    0x080001fc   0x00000006   Code   RO         1258    .ARM.Collect$$_printf_percent$$0000000F  c_w.l(_printf_llu.o)
    0x08000202   0x00000006   Code   RO         1263    .ARM.Collect$$_printf_percent$$00000010  c_w.l(_printf_llo.o)
    0x08000208   0x00000006   Code   RO         1264    .ARM.Collect$$_printf_percent$$00000011  c_w.l(_printf_llx.o)
    0x0800020e   0x0000000a   Code   RO         1260    .ARM.Collect$$_printf_percent$$00000012  c_w.l(_printf_l.o)
    0x08000218   0x00000006   Code   RO         1243    .ARM.Collect$$_printf_percent$$00000013  c_w.l(_printf_c.o)
    0x0800021e   0x00000006   Code   RO         1172    .ARM.Collect$$_printf_percent$$00000014  c_w.l(_printf_s.o)
    0x08000224   0x00000006   Code   RO         1261    .ARM.Collect$$_printf_percent$$00000015  c_w.l(_printf_lc.o)
    0x0800022a   0x00000006   Code   RO         1262    .ARM.Collect$$_printf_percent$$00000016  c_w.l(_printf_ls.o)
    0x08000230   0x00000004   Code   RO         1255    .ARM.Collect$$_printf_percent$$00000017  c_w.l(_printf_percent_end.o)
    0x08000234   0x00000002   Code   RO         1355    .ARM.Collect$$libinit$$00000000  c_w.l(libinit.o)
    0x08000236   0x00000000   Code   RO         1377    .ARM.Collect$$libinit$$00000002  c_w.l(libinit2.o)
    0x08000236   0x00000000   Code   RO         1379    .ARM.Collect$$libinit$$00000004  c_w.l(libinit2.o)
    0x08000236   0x00000000   Code   RO         1382    .ARM.Collect$$libinit$$0000000A  c_w.l(libinit2.o)
    0x08000236   0x00000000   Code   RO         1384    .ARM.Collect$$libinit$$0000000C  c_w.l(libinit2.o)
    0x08000236   0x00000000   Code   RO         1386    .ARM.Collect$$libinit$$0000000E  c_w.l(libinit2.o)
    0x08000236   0x00000006   Code   RO         1387    .ARM.Collect$$libinit$$0000000F  c_w.l(libinit2.o)
    0x0800023c   0x00000000   Code   RO         1389    .ARM.Collect$$libinit$$00000011  c_w.l(libinit2.o)
    0x0800023c   0x0000000c   Code   RO         1390    .ARM.Collect$$libinit$$00000012  c_w.l(libinit2.o)
    0x08000248   0x00000000   Code   RO         1391    .ARM.Collect$$libinit$$00000013  c_w.l(libinit2.o)
    0x08000248   0x00000000   Code   RO         1393    .ARM.Collect$$libinit$$00000015  c_w.l(libinit2.o)
    0x08000248   0x0000000a   Code   RO         1394    .ARM.Collect$$libinit$$00000016  c_w.l(libinit2.o)
    0x08000252   0x00000000   Code   RO         1395    .ARM.Collect$$libinit$$00000017  c_w.l(libinit2.o)
    0x08000252   0x00000000   Code   RO         1397    .ARM.Collect$$libinit$$00000019  c_w.l(libinit2.o)
    0x08000252   0x00000000   Code   RO         1399    .ARM.Collect$$libinit$$0000001B  c_w.l(libinit2.o)
    0x08000252   0x00000000   Code   RO         1401    .ARM.Collect$$libinit$$0000001D  c_w.l(libinit2.o)
    0x08000252   0x00000000   Code   RO         1403    .ARM.Collect$$libinit$$0000001F  c_w.l(libinit2.o)
    0x08000252   0x00000000   Code   RO         1405    .ARM.Collect$$libinit$$00000021  c_w.l(libinit2.o)
    0x08000252   0x00000000   Code   RO         1407    .ARM.Collect$$libinit$$00000023  c_w.l(libinit2.o)
    0x08000252   0x00000000   Code   RO         1409    .ARM.Collect$$libinit$$00000025  c_w.l(libinit2.o)
    0x08000252   0x00000000   Code   RO         1413    .ARM.Collect$$libinit$$0000002C  c_w.l(libinit2.o)
    0x08000252   0x00000000   Code   RO         1415    .ARM.Collect$$libinit$$0000002E  c_w.l(libinit2.o)
    0x08000252   0x00000000   Code   RO         1417    .ARM.Collect$$libinit$$00000030  c_w.l(libinit2.o)
    0x08000252   0x00000000   Code   RO         1419    .ARM.Collect$$libinit$$00000032  c_w.l(libinit2.o)
    0x08000252   0x00000002   Code   RO         1420    .ARM.Collect$$libinit$$00000033  c_w.l(libinit2.o)
    0x08000254   0x00000002   Code   RO         1446    .ARM.Collect$$libshutdown$$00000000  c_w.l(libshutdown.o)
    0x08000256   0x00000000   Code   RO         1473    .ARM.Collect$$libshutdown$$00000002  c_w.l(libshutdown2.o)
    0x08000256   0x00000000   Code   RO         1475    .ARM.Collect$$libshutdown$$00000004  c_w.l(libshutdown2.o)
    0x08000256   0x00000000   Code   RO         1478    .ARM.Collect$$libshutdown$$00000007  c_w.l(libshutdown2.o)
    0x08000256   0x00000000   Code   RO         1481    .ARM.Collect$$libshutdown$$0000000A  c_w.l(libshutdown2.o)
    0x08000256   0x00000000   Code   RO         1483    .ARM.Collect$$libshutdown$$0000000C  c_w.l(libshutdown2.o)
    0x08000256   0x00000000   Code   RO         1486    .ARM.Collect$$libshutdown$$0000000F  c_w.l(libshutdown2.o)
    0x08000256   0x00000002   Code   RO         1487    .ARM.Collect$$libshutdown$$00000010  c_w.l(libshutdown2.o)
    0x08000258   0x00000000   Code   RO         1190    .ARM.Collect$$rtentry$$00000000  c_w.l(__rtentry.o)
    0x08000258   0x00000000   Code   RO         1273    .ARM.Collect$$rtentry$$00000002  c_w.l(__rtentry2.o)
    0x08000258   0x00000006   Code   RO         1285    .ARM.Collect$$rtentry$$00000004  c_w.l(__rtentry4.o)
    0x0800025e   0x00000000   Code   RO         1275    .ARM.Collect$$rtentry$$00000009  c_w.l(__rtentry2.o)
    0x0800025e   0x00000004   Code   RO         1276    .ARM.Collect$$rtentry$$0000000A  c_w.l(__rtentry2.o)
    0x08000262   0x00000000   Code   RO         1278    .ARM.Collect$$rtentry$$0000000C  c_w.l(__rtentry2.o)
    0x08000262   0x00000008   Code   RO         1279    .ARM.Collect$$rtentry$$0000000D  c_w.l(__rtentry2.o)
    0x0800026a   0x00000002   Code   RO         1363    .ARM.Collect$$rtexit$$00000000  c_w.l(rtexit.o)
    0x0800026c   0x00000000   Code   RO         1422    .ARM.Collect$$rtexit$$00000002  c_w.l(rtexit2.o)
    0x0800026c   0x00000004   Code   RO         1423    .ARM.Collect$$rtexit$$00000003  c_w.l(rtexit2.o)
    0x08000270   0x00000006   Code   RO         1424    .ARM.Collect$$rtexit$$00000004  c_w.l(rtexit2.o)
    0x08000276   0x00000002   PAD
    0x08000278   0x00000784   Code   RO            1    .text               main.o
    0x080009fc   0x00000016   Code   RO          163    .text               stm32f10x_it.o
    0x08000a12   0x00000002   PAD
    0x08000a14   0x000001e0   Code   RO          195    .text               system_stm32f10x.o
    0x08000bf4   0x00000050   Code   RO          213    .text               led.o
    0x08000c44   0x0000027c   Code   RO          225    .text               usart2.o
    0x08000ec0   0x00000284   Code   RO          264    .text               usart3.o
    0x08001144   0x0000014c   Code   RO          283    .text               delay.o
    0x08001290   0x0000014c   Code   RO          314    .text               usart.o
    0x080013dc   0x00000040   Code   RO          350    .text               startup_stm32f10x_hd.o
    0x0800141c   0x000000dc   Code   RO          354    .text               misc.o
    0x080014f8   0x0000035c   Code   RO          366    .text               stm32f10x_gpio.o
    0x08001854   0x00000408   Code   RO          378    .text               stm32f10x_usart.o
    0x08001c5c   0x000003a4   Code   RO          390    .text               stm32f10x_rcc.o
    0x08002000   0x00000254   Code   RO          404    .text               stm32f10x_dma.o
    0x08002254   0x00000e1a   Code   RO          416    .text               stm32f10x_tim.o
    0x0800306e   0x00000002   PAD
    0x08003070   0x00000084   Code   RO          677    .text               bsp.o
    0x080030f4   0x000002a8   Code   RO          692    .text               cpu_core.o
    0x0800339c   0x00000034   Code   RO          730    .text               cpu_a.o
    0x080033d0   0x00000256   Code   RO          733    .text               lib_ascii.o
    0x08003626   0x00000002   PAD
    0x08003628   0x000009c6   Code   RO          766    .text               lib_mem.o
    0x08003fee   0x00000002   PAD
    0x08003ff0   0x0000092c   Code   RO          785    .text               lib_str.o
    0x0800491c   0x00000220   Code   RO          802    .text               lib_mem_a.o
    0x08004b3c   0x000000fc   Code   RO          805    .text               os_cfg_app.o
    0x08004c38   0x00000e04   Code   RO          828    .text               os_core.o
    0x08005a3c   0x000001b0   Code   RO          840    .text               os_dbg.o
    0x08005bec   0x00000e28   Code   RO          855    .text               os_flag.o
    0x08006a14   0x00000444   Code   RO          867    .text               os_int.o
    0x08006e58   0x00000238   Code   RO          879    .text               os_mem.o
    0x08007090   0x0000022c   Code   RO          891    .text               os_msg.o
    0x080072bc   0x00000ad4   Code   RO          903    .text               os_mutex.o
    0x08007d90   0x0000007c   Code   RO          921    .text               os_prio.o
    0x08007e0c   0x000008d8   Code   RO          940    .text               os_q.o
    0x080086e4   0x00000830   Code   RO          952    .text               os_sem.o
    0x08008f14   0x00000638   Code   RO          964    .text               os_stat.o
    0x0800954c   0x00001bb4   Code   RO          976    .text               os_task.o
    0x0800b100   0x000004fc   Code   RO          988    .text               os_tick.o
    0x0800b5fc   0x00000564   Code   RO         1000    .text               os_time.o
    0x0800bb60   0x00000818   Code   RO         1012    .text               os_tmr.o
    0x0800c378   0x0000026c   Code   RO         1041    .text               os_cpu_c.o
    0x0800c5e4   0x00000288   Code   RO         1074    .text               common.o
    0x0800c86c   0x00000004   Code   RO         1098    .text               wifista.o
    0x0800c870   0x00000002   Code   RO         1134    .text               c_w.l(use_no_semi_2.o)
    0x0800c872   0x000000ee   Code   RO         1136    .text               c_w.l(lludivv7m.o)
    0x0800c960   0x00000024   Code   RO         1138    .text               c_w.l(c89vsprintf.o)
    0x0800c984   0x00000018   Code   RO         1140    .text               c_w.l(__2printf.o)
    0x0800c99c   0x0000002c   Code   RO         1142    .text               c_w.l(__2sprintf.o)
    0x0800c9c8   0x00000052   Code   RO         1150    .text               c_w.l(_printf_str.o)
    0x0800ca1a   0x00000002   PAD
    0x0800ca1c   0x00000188   Code   RO         1169    .text               c_w.l(__printf_flags_ss_wp.o)
    0x0800cba4   0x00000024   Code   RO         1174    .text               c_w.l(strstr.o)
    0x0800cbc8   0x0000003e   Code   RO         1176    .text               c_w.l(strlen.o)
    0x0800cc06   0x00000006   Code   RO         1178    .text               c_w.l(heapauxi.o)
    0x0800cc0c   0x00000002   Code   RO         1188    .text               c_w.l(use_no_semi.o)
    0x0800cc0e   0x0000004e   Code   RO         1195    .text               c_w.l(_printf_pad.o)
    0x0800cc5c   0x00000024   Code   RO         1197    .text               c_w.l(_printf_truncate.o)
    0x0800cc80   0x00000078   Code   RO         1199    .text               c_w.l(_printf_dec.o)
    0x0800ccf8   0x00000028   Code   RO         1201    .text               c_w.l(_printf_charcount.o)
    0x0800cd20   0x00000030   Code   RO         1203    .text               c_w.l(_printf_char_common.o)
    0x0800cd50   0x0000000a   Code   RO         1205    .text               c_w.l(_sputc.o)
    0x0800cd5a   0x0000002c   Code   RO         1207    .text               c_w.l(_printf_char.o)
    0x0800cd86   0x00000002   PAD
    0x0800cd88   0x00000024   Code   RO         1209    .text               c_w.l(_printf_char_file.o)
    0x0800cdac   0x000000bc   Code   RO         1211    .text               c_w.l(_printf_wctomb.o)
    0x0800ce68   0x0000007c   Code   RO         1214    .text               c_w.l(_printf_longlong_dec.o)
    0x0800cee4   0x00000070   Code   RO         1220    .text               c_w.l(_printf_oct_int_ll.o)
    0x0800cf54   0x00000094   Code   RO         1240    .text               c_w.l(_printf_hex_int_ll_ptr.o)
    0x0800cfe8   0x0000008a   Code   RO         1289    .text               c_w.l(lludiv10.o)
    0x0800d072   0x000000b2   Code   RO         1291    .text               c_w.l(_printf_intcommon.o)
    0x0800d124   0x0000041a   Code   RO         1293    .text               c_w.l(_printf_fp_dec.o)
    0x0800d53e   0x0000002c   Code   RO         1297    .text               c_w.l(_printf_wchar.o)
    0x0800d56a   0x00000008   Code   RO         1299    .text               c_w.l(ferror.o)
    0x0800d572   0x00000040   Code   RO         1303    .text               c_w.l(_wcrtomb.o)
    0x0800d5b2   0x0000004a   Code   RO         1305    .text               c_w.l(sys_stackheap_outer.o)
    0x0800d5fc   0x00000010   Code   RO         1307    .text               c_w.l(rt_ctype_table.o)
    0x0800d60c   0x00000008   Code   RO         1312    .text               c_w.l(rt_locale_intlibspace.o)
    0x0800d614   0x00000080   Code   RO         1314    .text               c_w.l(_printf_fp_infnan.o)
    0x0800d694   0x000000dc   Code   RO         1316    .text               c_w.l(bigflt0.o)
    0x0800d770   0x00000012   Code   RO         1344    .text               c_w.l(exit.o)
    0x0800d782   0x00000002   PAD
    0x0800d784   0x00000008   Code   RO         1360    .text               c_w.l(libspace.o)
    0x0800d78c   0x00000080   Code   RO         1374    .text               c_w.l(strcmpv7m.o)
    0x0800d80c   0x0000003e   Code   RO         1319    CL$$btod_d2e        c_w.l(btod.o)
    0x0800d84a   0x00000046   Code   RO         1321    CL$$btod_d2e_denorm_low  c_w.l(btod.o)
    0x0800d890   0x00000060   Code   RO         1320    CL$$btod_d2e_norm_op1  c_w.l(btod.o)
    0x0800d8f0   0x00000338   Code   RO         1329    CL$$btod_div_common  c_w.l(btod.o)
    0x0800dc28   0x000000c6   Code   RO         1326    CL$$btod_e2e        c_w.l(btod.o)
    0x0800dcee   0x00000028   Code   RO         1323    CL$$btod_ediv       c_w.l(btod.o)
    0x0800dd16   0x00000028   Code   RO         1322    CL$$btod_emul       c_w.l(btod.o)
    0x0800dd3e   0x00000244   Code   RO         1328    CL$$btod_mult_common  c_w.l(btod.o)
    0x0800df82   0x00000002   PAD
    0x0800df84   0x00000098   Code   RO         1038    CODE                os_cpu_a.o
    0x0800e01c   0x00000028   Code   RO         1358    i.__ARM_fpclassify  m_ws.l(fpclassify.o)
    0x0800e044   0x0000000e   Code   RO         1162    i._is_digit         c_w.l(__printf_wp.o)
    0x0800e052   0x00000002   PAD
    0x0800e054   0x0000002c   Code   RO         1342    locale$$code        c_w.l(lc_numeric_c.o)
    0x0800e080   0x0000002c   Code   RO         1368    locale$$code        c_w.l(lc_ctype_c.o)
    0x0800e0ac   0x000000c4   Code   RO         1182    x$fpl$fadd          fz_ws.l(faddsub_clz.o)
    0x0800e170   0x0000008c   Code   RO         1265    x$fpl$fnaninf       fz_ws.l(fnaninf.o)
    0x0800e1fc   0x0000000a   Code   RO         1267    x$fpl$fretinf       fz_ws.l(fretinf.o)
    0x0800e206   0x00000002   PAD
    0x0800e208   0x000000ea   Code   RO         1184    x$fpl$fsub          fz_ws.l(faddsub_clz.o)
    0x0800e2f2   0x00000004   Code   RO         1269    x$fpl$printf1       fz_ws.l(printf1.o)
    0x0800e2f6   0x00000000   Code   RO         1271    x$fpl$usenofp       fz_ws.l(usenofp.o)
    0x0800e2f6   0x00000002   PAD
    0x0800e2f8   0x00000104   Data   RO          694    .constdata          cpu_core.o
    0x0800e3fc   0x00000094   Data   RO          786    .constdata          lib_str.o
    0x0800e490   0x000000a4   Data   RO          807    .constdata          os_cfg_app.o
    0x0800e534   0x0000016c   Data   RO          841    .constdata          os_dbg.o
    0x0800e6a0   0x00000011   Data   RO         1170    .constdata          c_w.l(__printf_flags_ss_wp.o)
    0x0800e6b1   0x00000003   PAD
    0x0800e6b4   0x00000008   Data   RO         1212    .constdata          c_w.l(_printf_wctomb.o)
    0x0800e6bc   0x00000028   Data   RO         1241    .constdata          c_w.l(_printf_hex_int_ll_ptr.o)
    0x0800e6e4   0x00000094   Data   RO         1317    .constdata          c_w.l(bigflt0.o)
    0x0800e778   0x00000020   Data   RO         1488    Region$$Table       anon$$obj.o
    0x0800e798   0x0000001c   Data   RO         1341    locale$$data        c_w.l(lc_numeric_c.o)
    0x0800e7b4   0x00000110   Data   RO         1367    locale$$data        c_w.l(lc_ctype_c.o)


    Execution Region RW_IRAM1 (Base: 0x20000000, Size: 0x00005578, Max: 0x0000c000, ABSOLUTE)

    Base Addr    Size         Type   Attr      Idx    E Section Name        Object

    0x20000000   0x00000010   Data   RW            3    .data               main.o
    0x20000010   0x00000014   Data   RW          196    .data               system_stm32f10x.o
    0x20000024   0x00000002   Data   RW          227    .data               usart2.o
    0x20000026   0x00000002   Data   RW          266    .data               usart3.o
    0x20000028   0x00000004   Data   RW          284    .data               delay.o
    0x2000002c   0x00000006   Data   RW          316    .data               usart.o
    0x20000032   0x00000014   Data   RW          391    .data               stm32f10x_rcc.o
    0x20000046   0x00000002   PAD
    0x20000048   0x00000004   Data   RW          695    .data               cpu_core.o
    0x2000004c   0x00000004   Data   RW          768    .data               lib_mem.o
    0x20000050   0x00000008   Data   RW          922    .data               os_prio.o
    0x20000058   0x000000c8   Data   RW         1025    .data               os_var.o
    0x20000120   0x00000004   Data   RW         1042    .data               os_cpu_c.o
    0x20000124   0x00000004   PAD
    0x20000128   0x0000195c   Zero   RW            2    .bss                main.o
    0x20001a84   0x00000004   PAD
    0x20001a88   0x00000800   Zero   RW          226    .bss                usart2.o
    0x20002288   0x00000800   Zero   RW          265    .bss                usart3.o
    0x20002a88   0x000000c8   Zero   RW          315    .bss                usart.o
    0x20002b50   0x00000010   Zero   RW          693    .bss                cpu_core.o
    0x20002b60   0x00000448   Zero   RW          767    .bss                lib_mem.o
    0x20002fa8   0x00001490   Zero   RW          806    .bss                os_cfg_app.o
    0x20004438   0x000006e0   Zero   RW         1024    .bss                os_var.o
    0x20004b18   0x00000060   Zero   RW         1361    .bss                c_w.l(libspace.o)
    0x20004b78   0x00000200   Zero   RW          348    HEAP                startup_stm32f10x_hd.o
    0x20004d78   0x00000800   Zero   RW          347    STACK               startup_stm32f10x_hd.o



  Load Region LR$$.ARM.__AT_0x68000000 (Base: 0x68000000, Size: 0x00000000, Max: 0x000f0000, ABSOLUTE)

    Execution Region ER$$.ARM.__AT_0x68000000 (Base: 0x68000000, Size: 0x000f0000, Max: 0x000f0000, ABSOLUTE, UNINIT)

    Base Addr    Size         Type   Attr      Idx    E Section Name        Object

    0x68000000   0x000f0000   Zero   RW         1111    .ARM.__AT_0x68000000  malloc.o



  Load Region LR$$.ARM.__AT_0x680F0000 (Base: 0x680f0000, Size: 0x00000000, Max: 0x0000f000, ABSOLUTE)

    Execution Region ER$$.ARM.__AT_0x680F0000 (Base: 0x680f0000, Size: 0x0000f000, Max: 0x0000f000, ABSOLUTE, UNINIT)

    Base Addr    Size         Type   Attr      Idx    E Section Name        Object

    0x680f0000   0x0000f000   Zero   RW         1112    .ARM.__AT_0x680F0000  malloc.o


==============================================================================

Image component sizes


      Code (inc. data)   RO Data    RW Data    ZI Data      Debug   Object Name

       132         12          0          0          0       1175   bsp.o
       648        118          0          0          0       2876   common.o
        52          0          0          0          0        352   cpu_a.o
       680         14        260          4         16      14523   cpu_core.o
       332         28          0          4          0       1865   delay.o
        80          8          0          0          0        519   led.o
       598          0          0          0          0       3908   lib_ascii.o
      2502         32          0          4       1096      22324   lib_mem.o
       544          0          0          0          0        500   lib_mem_a.o
      2348          6        148          0          0      13866   lib_str.o
      1924        652          0         16       6492     306759   main.o
         0          0          0          0    1044480       1633   malloc.o
       220         22          0          0          0       1873   misc.o
       252        166        164          0       5264      21010   os_cfg_app.o
      3588        294          0          0          0      12509   os_core.o
       152         32          0          0          0        408   os_cpu_a.o
       620         66          0          4          0       3917   os_cpu_c.o
       432        286        364          0          0       4833   os_dbg.o
      3624        110          0          0          0       8091   os_flag.o
      1092        146          0          0          0       2396   os_int.o
       568         20          0          0          0       2820   os_mem.o
       556         12          0          0          0       2855   os_msg.o
      2772        114          0          0          0       5626   os_mutex.o
       124          4          0          8          0       1828   os_prio.o
      2264         76          0          0          0       6392   os_q.o
      2096         70          0          0          0       6412   os_sem.o
      1592        180          0          0          0       2873   os_stat.o
      7092        270          0          0          0      14238   os_task.o
      1276         90          0          0          0       3345   os_tick.o
      1380         46          0          0          0       3349   os_time.o
      2072        140          0          0          0       6538   os_tmr.o
         0          0          0        200       1760      19413   os_var.o
        64         26        304          0       2560        808   startup_stm32f10x_hd.o
       596          8          0          0          0       4442   stm32f10x_dma.o
       860         38          0          0          0       5813   stm32f10x_gpio.o
        22          0          0          0          0       1023   stm32f10x_it.o
       932         36          0         20          0       9024   stm32f10x_rcc.o
      3610         88          0          0          0      22920   stm32f10x_tim.o
      1032         22          0          0          0       8532   stm32f10x_usart.o
         0          0          0          0          0         32   sys.o
       480         38          0         20          0       1811   system_stm32f10x.o
       332         16          0          6        200       3234   usart.o
       636         30          0          2       2048       3797   usart2.o
       644         26          0          2       2048       3243   usart3.o
         4          0          0          0          0        471   wifista.o

    ----------------------------------------------------------------------
     50832       3342       1272        292    1065972     566176   Object Totals
         0          0         32          0          0          0   (incl. Generated)
         8          0          0          2          8          0   (incl. Padding)

    ----------------------------------------------------------------------

      Code (inc. data)   RO Data    RW Data    ZI Data      Debug   Library Member Name

        24          4          0          0          0         84   __2printf.o
        44          6          0          0          0         84   __2sprintf.o
         8          0          0          0          0         68   __main.o
       392          4         17          0          0         92   __printf_flags_ss_wp.o
        14          0          0          0          0         68   __printf_wp.o
         0          0          0          0          0          0   __rtentry.o
        12          0          0          0          0          0   __rtentry2.o
         6          0          0          0          0          0   __rtentry4.o
        52          8          0          0          0          0   __scatter.o
        26          0          0          0          0          0   __scatter_copy.o
        28          0          0          0          0          0   __scatter_zi.o
         6          0          0          0          0          0   _printf_a.o
         6          0          0          0          0          0   _printf_c.o
        44          0          0          0          0        108   _printf_char.o
        48          6          0          0          0         96   _printf_char_common.o
        36          4          0          0          0         80   _printf_char_file.o
        40          0          0          0          0         68   _printf_charcount.o
         6          0          0          0          0          0   _printf_d.o
       120         16          0          0          0         92   _printf_dec.o
         6          0          0          0          0          0   _printf_e.o
         6          0          0          0          0          0   _printf_f.o
      1050          0          0          0          0        216   _printf_fp_dec.o
       128         16          0          0          0         84   _printf_fp_infnan.o
         6          0          0          0          0          0   _printf_g.o
       148          4         40          0          0        160   _printf_hex_int_ll_ptr.o
         6          0          0          0          0          0   _printf_i.o
       178          0          0          0          0         88   _printf_intcommon.o
        10          0          0          0          0          0   _printf_l.o
         6          0          0          0          0          0   _printf_lc.o
        10          0          0          0          0          0   _printf_ll.o
         6          0          0          0          0          0   _printf_lld.o
         6          0          0          0          0          0   _printf_lli.o
         6          0          0          0          0          0   _printf_llo.o
         6          0          0          0          0          0   _printf_llu.o
         6          0          0          0          0          0   _printf_llx.o
       124         16          0          0          0         92   _printf_longlong_dec.o
         6          0          0          0          0          0   _printf_ls.o
         6          0          0          0          0          0   _printf_n.o
         6          0          0          0          0          0   _printf_o.o
       112          8          0          0          0        124   _printf_oct_int_ll.o
         6          0          0          0          0          0   _printf_p.o
        78          0          0          0          0        108   _printf_pad.o
         0          0          0          0          0          0   _printf_percent.o
         4          0          0          0          0          0   _printf_percent_end.o
         6          0          0          0          0          0   _printf_s.o
        82          0          0          0          0         80   _printf_str.o
        36          0          0          0          0         84   _printf_truncate.o
         6          0          0          0          0          0   _printf_u.o
        44          0          0          0          0        108   _printf_wchar.o
       188          6          8          0          0         92   _printf_wctomb.o
         6          0          0          0          0          0   _printf_x.o
        10          0          0          0          0         68   _sputc.o
        64          0          0          0          0         92   _wcrtomb.o
       220          4        148          0          0         96   bigflt0.o
      1910        128          0          0          0        672   btod.o
        36          4          0          0          0         76   c89vsprintf.o
        18          0          0          0          0         80   exit.o
         8          0          0          0          0         68   ferror.o
         6          0          0          0          0        152   heapauxi.o
        44         10        272          0          0         76   lc_ctype_c.o
        44         10         28          0          0         76   lc_numeric_c.o
         2          0          0          0          0          0   libinit.o
        30          0          0          0          0          0   libinit2.o
         2          0          0          0          0          0   libshutdown.o
         2          0          0          0          0          0   libshutdown2.o
         8          4          0          0         96         68   libspace.o
       138          0          0          0          0         80   lludiv10.o
       238          0          0          0          0        100   lludivv7m.o
        16          4          0          0          0         76   rt_ctype_table.o
         8          4          0          0          0         68   rt_locale_intlibspace.o
         2          0          0          0          0          0   rtexit.o
        10          0          0          0          0          0   rtexit2.o
       128          0          0          0          0         68   strcmpv7m.o
        62          0          0          0          0         76   strlen.o
        36          0          0          0          0         80   strstr.o
        74          0          0          0          0         80   sys_stackheap_outer.o
         2          0          0          0          0         68   use_no_semi.o
         2          0          0          0          0         68   use_no_semi_2.o
       430          8          0          0          0        168   faddsub_clz.o
       140          4          0          0          0         84   fnaninf.o
        10          0          0          0          0         68   fretinf.o
         4          0          0          0          0         68   printf1.o
         0          0          0          0          0          0   usenofp.o
        40          0          0          0          0         68   fpclassify.o

    ----------------------------------------------------------------------
      6968        278        516          0         96       4820   Library Totals
        18          0          3          0          0          0   (incl. Padding)

    ----------------------------------------------------------------------

      Code (inc. data)   RO Data    RW Data    ZI Data      Debug   Library Name

      6326        266        513          0         96       4364   c_w.l
       584         12          0          0          0        388   fz_ws.l
        40          0          0          0          0         68   m_ws.l

    ----------------------------------------------------------------------
      6968        278        516          0         96       4820   Library Totals

    ----------------------------------------------------------------------

==============================================================================


      Code (inc. data)   RO Data    RW Data    ZI Data      Debug   

     57800       3620       1788        292    1066068     564648   Grand Totals
     57800       3620       1788        292    1066068     564648   ELF Image Totals
     57800       3620       1788        292          0          0   ROM Totals

==============================================================================

    Total RO  Size (Code + RO Data)                59588 (  58.19kB)
    Total RW  Size (RW Data + ZI Data)           1066360 (1041.37kB)
    Total ROM Size (Code + RO Data + RW Data)      59880 (  58.48kB)

==============================================================================

